Archive member included to satisfy reference by file (symbol)

D:/ST/STM32CubeIDE_1.18.1/STM32CubeIDE/plugins/com.st.stm32cube.ide.mcu.externaltools.gnu-tools-for-stm32.13.3.rel1.win32_1.0.0.202411081344/tools/bin/../lib/gcc/arm-none-eabi/13.3.1/../../../../arm-none-eabi/lib/thumb/v7-m/nofp\libc_nano.a(libc_a-exit.o)
                              D:/ST/STM32CubeIDE_1.18.1/STM32CubeIDE/plugins/com.st.stm32cube.ide.mcu.externaltools.gnu-tools-for-stm32.13.3.rel1.win32_1.0.0.202411081344/tools/bin/../lib/gcc/arm-none-eabi/13.3.1/../../../../arm-none-eabi/lib/thumb/v7-m/nofp/crt0.o (exit)
D:/ST/STM32CubeIDE_1.18.1/STM32CubeIDE/plugins/com.st.stm32cube.ide.mcu.externaltools.gnu-tools-for-stm32.13.3.rel1.win32_1.0.0.202411081344/tools/bin/../lib/gcc/arm-none-eabi/13.3.1/../../../../arm-none-eabi/lib/thumb/v7-m/nofp\libc_nano.a(libc_a-findfp.o)
                              D:/ST/STM32CubeIDE_1.18.1/STM32CubeIDE/plugins/com.st.stm32cube.ide.mcu.externaltools.gnu-tools-for-stm32.13.3.rel1.win32_1.0.0.202411081344/tools/bin/../lib/gcc/arm-none-eabi/13.3.1/../../../../arm-none-eabi/lib/thumb/v7-m/nofp\libc_nano.a(libc_a-exit.o) (__stdio_exit_handler)
D:/ST/STM32CubeIDE_1.18.1/STM32CubeIDE/plugins/com.st.stm32cube.ide.mcu.externaltools.gnu-tools-for-stm32.13.3.rel1.win32_1.0.0.202411081344/tools/bin/../lib/gcc/arm-none-eabi/13.3.1/../../../../arm-none-eabi/lib/thumb/v7-m/nofp\libc_nano.a(libc_a-fwalk.o)
                              D:/ST/STM32CubeIDE_1.18.1/STM32CubeIDE/plugins/com.st.stm32cube.ide.mcu.externaltools.gnu-tools-for-stm32.13.3.rel1.win32_1.0.0.202411081344/tools/bin/../lib/gcc/arm-none-eabi/13.3.1/../../../../arm-none-eabi/lib/thumb/v7-m/nofp\libc_nano.a(libc_a-findfp.o) (_fwalk_sglue)
D:/ST/STM32CubeIDE_1.18.1/STM32CubeIDE/plugins/com.st.stm32cube.ide.mcu.externaltools.gnu-tools-for-stm32.13.3.rel1.win32_1.0.0.202411081344/tools/bin/../lib/gcc/arm-none-eabi/13.3.1/../../../../arm-none-eabi/lib/thumb/v7-m/nofp\libc_nano.a(libc_a-sprintf.o)
                              ./Core/Src/main.o (sprintf)
D:/ST/STM32CubeIDE_1.18.1/STM32CubeIDE/plugins/com.st.stm32cube.ide.mcu.externaltools.gnu-tools-for-stm32.13.3.rel1.win32_1.0.0.202411081344/tools/bin/../lib/gcc/arm-none-eabi/13.3.1/../../../../arm-none-eabi/lib/thumb/v7-m/nofp\libc_nano.a(libc_a-stdio.o)
                              D:/ST/STM32CubeIDE_1.18.1/STM32CubeIDE/plugins/com.st.stm32cube.ide.mcu.externaltools.gnu-tools-for-stm32.13.3.rel1.win32_1.0.0.202411081344/tools/bin/../lib/gcc/arm-none-eabi/13.3.1/../../../../arm-none-eabi/lib/thumb/v7-m/nofp\libc_nano.a(libc_a-findfp.o) (__sread)
D:/ST/STM32CubeIDE_1.18.1/STM32CubeIDE/plugins/com.st.stm32cube.ide.mcu.externaltools.gnu-tools-for-stm32.13.3.rel1.win32_1.0.0.202411081344/tools/bin/../lib/gcc/arm-none-eabi/13.3.1/../../../../arm-none-eabi/lib/thumb/v7-m/nofp\libc_nano.a(libc_a-memcmp.o)
                              ./Middlewares/Third_Party/FreeRTOS/Source/tasks.o (memcmp)
D:/ST/STM32CubeIDE_1.18.1/STM32CubeIDE/plugins/com.st.stm32cube.ide.mcu.externaltools.gnu-tools-for-stm32.13.3.rel1.win32_1.0.0.202411081344/tools/bin/../lib/gcc/arm-none-eabi/13.3.1/../../../../arm-none-eabi/lib/thumb/v7-m/nofp\libc_nano.a(libc_a-memset.o)
                              D:/ST/STM32CubeIDE_1.18.1/STM32CubeIDE/plugins/com.st.stm32cube.ide.mcu.externaltools.gnu-tools-for-stm32.13.3.rel1.win32_1.0.0.202411081344/tools/bin/../lib/gcc/arm-none-eabi/13.3.1/../../../../arm-none-eabi/lib/thumb/v7-m/nofp/crt0.o (memset)
D:/ST/STM32CubeIDE_1.18.1/STM32CubeIDE/plugins/com.st.stm32cube.ide.mcu.externaltools.gnu-tools-for-stm32.13.3.rel1.win32_1.0.0.202411081344/tools/bin/../lib/gcc/arm-none-eabi/13.3.1/../../../../arm-none-eabi/lib/thumb/v7-m/nofp\libc_nano.a(libc_a-closer.o)
                              D:/ST/STM32CubeIDE_1.18.1/STM32CubeIDE/plugins/com.st.stm32cube.ide.mcu.externaltools.gnu-tools-for-stm32.13.3.rel1.win32_1.0.0.202411081344/tools/bin/../lib/gcc/arm-none-eabi/13.3.1/../../../../arm-none-eabi/lib/thumb/v7-m/nofp\libc_nano.a(libc_a-stdio.o) (_close_r)
D:/ST/STM32CubeIDE_1.18.1/STM32CubeIDE/plugins/com.st.stm32cube.ide.mcu.externaltools.gnu-tools-for-stm32.13.3.rel1.win32_1.0.0.202411081344/tools/bin/../lib/gcc/arm-none-eabi/13.3.1/../../../../arm-none-eabi/lib/thumb/v7-m/nofp\libc_nano.a(libc_a-reent.o)
                              D:/ST/STM32CubeIDE_1.18.1/STM32CubeIDE/plugins/com.st.stm32cube.ide.mcu.externaltools.gnu-tools-for-stm32.13.3.rel1.win32_1.0.0.202411081344/tools/bin/../lib/gcc/arm-none-eabi/13.3.1/../../../../arm-none-eabi/lib/thumb/v7-m/nofp\libc_nano.a(libc_a-closer.o) (errno)
D:/ST/STM32CubeIDE_1.18.1/STM32CubeIDE/plugins/com.st.stm32cube.ide.mcu.externaltools.gnu-tools-for-stm32.13.3.rel1.win32_1.0.0.202411081344/tools/bin/../lib/gcc/arm-none-eabi/13.3.1/../../../../arm-none-eabi/lib/thumb/v7-m/nofp\libc_nano.a(libc_a-impure.o)
[...]
Memory Configuration

Name             Origin             Length             Attributes
RAM              0x20000000         0x00005000         xrw
FLASH            0x08000000         0x00020000         xr
*default*        0x00000000         0xffffffff

Linker script and memory map

LOAD D:/ST/STM32CubeIDE_1.18.1/STM32CubeIDE/plugins/com.st.stm32cube.ide.mcu.externaltools.gnu-tools-for-stm32.13.3.rel1.win32_1.0.0.202411081344/tools/bin/../lib/gcc/arm-none-eabi/13.3.1/thumb/v7-m/nofp/crti.o
LOAD D:/ST/STM32CubeIDE_1.18.1/STM32CubeIDE/plugins/com.st.stm32cube.ide.mcu.externaltools.gnu-tools-for-stm32.13.3.rel1.win32_1.0.0.202411081344/tools/bin/../lib/gcc/arm-none-eabi/13.3.1/thumb/v7-m/nofp/crtbegin.o
LOAD D:/ST/STM32CubeIDE_1.18.1/STM32CubeIDE/plugins/com.st.stm32cube.ide.mcu.externaltools.gnu-tools-for-stm32.13.3.rel1.win32_1.0.0.202411081344/tools/bin/../lib/gcc/arm-none-eabi/13.3.1/../../../../arm-none-eabi/lib/thumb/v7-m/nofp/crt0.o
LOAD ./Core/Src/LEDS.o
LOAD ./Core/Src/freertos.o
LOAD ./Core/Src/main.o
LOAD ./Core/Src/stm32f1xx_hal_msp.o
LOAD ./Core/Src/stm32f1xx_hal_timebase_tim.o
LOAD ./Core/Src/stm32f1xx_it.o
LOAD ./Core/Src/syscalls.o
LOAD ./Core/Src/sysmem.o
LOAD ./Core/Src/system_stm32f1xx.o
LOAD ./Core/Startup/startup_stm32f103rbtx.o
LOAD ./Drivers/STM32F1xx_HAL_Driver/Src/stm32f1xx_hal.o
LOAD ./Drivers/STM32F1xx_HAL_Driver/Src/stm32f1xx_hal_cortex.o
LOAD ./Drivers/STM32F1xx_HAL_Driver/Src/stm32f1xx_hal_dma.o
LOAD ./Drivers/STM32F1xx_HAL_Driver/Src/stm32f1xx_hal_exti.o
LOAD ./Drivers/STM32F1xx_HAL_Driver/Src/stm32f1xx_hal_flash.o
LOAD ./Drivers/STM32F1xx_HAL_Driver/Src/stm32f1xx_hal_flash_ex.o
LOAD ./Drivers/STM32F1xx_HAL_Driver/Src/stm32f1xx_hal_gpio.o
LOAD ./Drivers/STM32F1xx_HAL_Driver/Src/stm32f1xx_hal_gpio_ex.o
LOAD ./Drivers/STM32F1xx_HAL_Driver/Src/stm32f1xx_hal_pwr.o
LOAD ./Drivers/STM32F1xx_HAL_Driver/Src/stm32f1xx_hal_rcc.o
LOAD ./Drivers/STM32F1xx_HAL_Driver/Src/stm32f1xx_hal_rcc_ex.o
LOAD ./Drivers/STM32F1xx_HAL_Driver/Src/stm32f1xx_hal_tim.o
LOAD ./Drivers/STM32F1xx_HAL_Driver/Src/stm32f1xx_hal_tim_ex.o
LOAD ./Middlewares/Third_Party/FreeRTOS/Source/CMSIS_RTOS_V2/cmsis_os2.o
LOAD ./Middlewares/Third_Party/FreeRTOS/Source/croutine.o
LOAD ./Middlewares/Third_Party/FreeRTOS/Source/event_groups.o
LOAD ./Middlewares/Third_Party/FreeRTOS/Source/list.o
LOAD ./Middlewares/Third_Party/FreeRTOS/Source/queue.o
LOAD ./Middlewares/Third_Party/FreeRTOS/Source/stream_buffer.o
LOAD ./Middlewares/Third_Party/FreeRTOS/Source/tasks.o
LOAD ./Middlewares/Third_Party/FreeRTOS/Source/timers.o
LOAD ./Middlewares/Third_Party/FreeRTOS/Source/portable/ARM_CM3/port.o
LOAD ./Middlewares/Third_Party/FreeRTOS/Source/portable/MemMang/heap_4.o
LOAD ./Middlewares/Third_Party/SystemView/FreeRTOSV11/Config/Cortex-M/SEGGER_SYSVIEW_Config_FreeRTOS.o
LOAD ./Middlewares/Third_Party/SystemView/FreeRTOSV11/SEGGER_SYSVIEW_FreeRTOS.o
LOAD ./Middlewares/Third_Party/SystemView/SEGGER/SEGGER_RTT.o
LOAD ./Middlewares/Third_Party/SystemView/SEGGER/SEGGER_RTT_ASM_ARMv7M.o
LOAD ./Middlewares/Third_Party/SystemView/SEGGER/SEGGER_RTT_printf.o
LOAD ./Middlewares/Third_Party/SystemView/SEGGER/SEGGER_SYSVIEW.o
LOAD ./Middlewares/Third_Party/SystemView/SEGGER/Syscalls/SEGGER_RTT_Syscalls_GCC.o
LOAD ./Middlewares/Third_Party/SystemView/SEGGER/Syscalls/SEGGER_RTT_Syscalls_IAR.o
LOAD ./Middlewares/Third_Party/SystemView/SEGGER/Syscalls/SEGGER_RTT_Syscalls_KEIL.o
LOAD ./Middlewares/Third_Party/SystemView/SEGGER/Syscalls/SEGGER_RTT_Syscalls_SES.o
START GROUP
LOAD D:/ST/STM32CubeIDE_1.18.1/STM32CubeIDE/plugins/com.st.stm32cube.ide.mcu.externaltools.gnu-tools-for-stm32.13.3.rel1.win32_1.0.0.202411081344/tools/bin/../lib/gcc/arm-none-eabi/13.3.1/../../../../arm-none-eabi/lib/thumb/v7-m/nofp\libc_nano.a
LOAD D:/ST/STM32CubeIDE_1.18.1/STM32CubeIDE/plugins/com.st.stm32cube.ide.mcu.externaltools.gnu-tools-for-stm32.13.3.rel1.win32_1.0.0.202411081344/tools/bin/../lib/gcc/arm-none-eabi/13.3.1/../../../../arm-none-eabi/lib/thumb/v7-m/nofp\libm.a
END GROUP
START GROUP
LOAD D:/ST/STM32CubeIDE_1.18.1/STM32CubeIDE/plugins/com.st.stm32cube.ide.mcu.externaltools.gnu-tools-for-stm32.13.3.rel1.win32_1.0.0.202411081344/tools/bin/../lib/gcc/arm-none-eabi/13.3.1/thumb/v7-m/nofp\libgcc.a
LOAD D:/ST/STM32CubeIDE_1.18.1/STM32CubeIDE/plugins/com.st.stm32cube.ide.mcu.externaltools.gnu-tools-for-stm32.13.3.rel1.win32_1.0.0.202411081344/tools/bin/../lib/gcc/arm-none-eabi/13.3.1/../../../../arm-none-eabi/lib/thumb/v7-m/nofp\libc_nano.a
END GROUP
START GROUP
LOAD D:/ST/STM32CubeIDE_1.18.1/STM32CubeIDE/plugins/com.st.stm32cube.ide.mcu.externaltools.gnu-tools-for-stm32.13.3.rel1.win32_1.0.0.202411081344/tools/bin/../lib/gcc/arm-none-eabi/13.3.1/thumb/v7-m/nofp\libgcc.a
LOAD D:/ST/STM32CubeIDE_1.18.1/STM32CubeIDE/plugins/com.st.stm32cube.ide.mcu.externaltools.gnu-tools-for-stm32.13.3.rel1.win32_1.0.0.202411081344/tools/bin/../lib/gcc/arm-none-eabi/13.3.1/../../../../arm-none-eabi/lib/thumb/v7-m/nofp\libc_nano.a
LOAD D:/ST/STM32CubeIDE_1.18.1/STM32CubeIDE/plugins/com.st.stm32cube.ide.mcu.externaltools.gnu-tools-for-stm32.13.3.rel1.win32_1.0.0.202411081344/tools/bin/../lib/gcc/arm-none-eabi/13.3.1/../../../../arm-none-eabi/lib/thumb/v7-m/nofp\libnosys.a
END GROUP
START GROUP
LOAD D:/ST/STM32CubeIDE_1.18.1/STM32CubeIDE/plugins/com.st.stm32cube.ide.mcu.externaltools.gnu-tools-for-stm32.13.3.rel1.win32_1.0.0.202411081344/tools/bin/../lib/gcc/arm-none-eabi/13.3.1/thumb/v7-m/nofp\libgcc.a
LOAD D:/ST/STM32CubeIDE_1.18.1/STM32CubeIDE/plugins/com.st.stm32cube.ide.mcu.externaltools.gnu-tools-for-stm32.13.3.rel1.win32_1.0.0.202411081344/tools/bin/../lib/gcc/arm-none-eabi/13.3.1/../../../../arm-none-eabi/lib/thumb/v7-m/nofp\libc_nano.a
LOAD D:/ST/STM32CubeIDE_1.18.1/STM32CubeIDE/plugins/com.st.stm32cube.ide.mcu.externaltools.gnu-tools-for-stm32.13.3.rel1.win32_1.0.0.202411081344/tools/bin/../lib/gcc/arm-none-eabi/13.3.1/../../../../arm-none-eabi/lib/thumb/v7-m/nofp\libnosys.a
END GROUP
LOAD D:/ST/STM32CubeIDE_1.18.1/STM32CubeIDE/plugins/com.st.stm32cube.ide.mcu.externaltools.gnu-tools-for-stm32.13.3.rel1.win32_1.0.0.202411081344/tools/bin/../lib/gcc/arm-none-eabi/13.3.1/thumb/v7-m/nofp/crtend.o
LOAD D:/ST/STM32CubeIDE_1.18.1/STM32CubeIDE/plugins/com.st.stm32cube.ide.mcu.externaltools.gnu-tools-for-stm32.13.3.rel1.win32_1.0.0.202411081344/tools/bin/../lib/gcc/arm-none-eabi/13.3.1/thumb/v7-m/nofp/crtn.o
                0x20005000                        _estack = (ORIGIN (RAM) + LENGTH (RAM))
                0x00000200                        _Min_Heap_Size = 0x200
                0x00000400                        _Min_Stack_Size = 0x400

.isr_vector     0x08000000      0x10c
                0x08000000                        . = ALIGN (0x4)
 *(.isr_vector)
 .isr_vector    0x08000000      0x10c ./Core/Startup/startup_stm32f103rbtx.o
                0x08000000                g_pfnVectors
                0x0800010c                        . = ALIGN (0x4)

.text           0x08000110     0x71a0
                0x08000110                        . = ALIGN (0x4)
 *(.text)
 .text          0x08000110       0x40 D:/ST/STM32CubeIDE_1.18.1/STM32CubeIDE/plugins/com.st.stm32cube.ide.mcu.externaltools.gnu-tools-for-stm32.13.3.rel1.win32_1.0.0.202411081344/tools/bin/../lib/gcc/arm-none-eabi/13.3.1/thumb/v7-m/nofp/crtbegin.o
 .text          0x08000150       0x8c ./Middlewares/Third_Party/SystemView/SEGGER/SEGGER_RTT_ASM_ARMv7M.o
                0x08000150                SEGGER_RTT_ASM_WriteSkipNoLock
 *(.text*)
 .text.LEDGreen
                0x080001dc       0x6c ./Core/Src/LEDS.o
                0x080001dc                LEDGreen
 .text.LEDBlue  0x08000248       0x6c ./Core/Src/LEDS.o
                0x08000248                LEDBlue
 .text.LEDRed   0x080002b4       0x6c ./Core/Src/LEDS.o
                0x080002b4                LEDRed
 .text.LEDOff   0x08000320       0x3c ./Core/Src/LEDS.o
                0x08000320                LEDOff
 .text.ITM_SendChar
                0x0800035c       0x4c ./Core/Src/main.o
 .text.main     0x080003a8       0xac ./Core/Src/main.o
                0x080003a8                main
 .text.SystemClock_Config
                0x08000454       0x82 ./Core/Src/main.o
                0x08000454                SystemClock_Config
 *fill*         0x080004d6        0x2 
 .text.MX_GPIO_Init
                0x080004d8      0x134 ./Core/Src/main.o
 .text.StartDefaultTask
                0x0800060c       0x10 ./Core/Src/main.o
                0x0800060c                StartDefaultTask
 .text.GreenLED
                0x0800061c       0xb4 ./Core/Src/main.o
                0x0800061c                GreenLED
 .text.BlueLED  0x080006d0       0x50 ./Core/Src/main.o
                0x080006d0                BlueLED
 .text.RedLED   0x08000720       0x50 ./Core/Src/main.o
                0x08000720                RedLED
 .text.StartLedMUX
                0x08000770       0xc0 ./Core/Src/main.o
                0x08000770                StartLedMUX
 .text.HAL_TIM_PeriodElapsedCallback
                0x08000830       0x24 ./Core/Src/main.o
                0x08000830                HAL_TIM_PeriodElapsedCallback
 .text.HAL_GPIO_EXTI_Callback
                0x08000854       0x34 ./Core/Src/main.o
                0x08000854                HAL_GPIO_EXTI_Callback
 .text.ITM_Print
                0x08000888       0x2a ./Core/Src/main.o
                0x08000888                ITM_Print
 .text.Error_Handler
                0x080008b2        0xc ./Core/Src/main.o
                0x080008b2                Error_Handler
 *fill*         0x080008be        0x2 
 .text.HAL_MspInit
                0x080008c0       0x70 ./Core/Src/stm32f1xx_hal_msp.o
                0x080008c0                HAL_MspInit
 .text.HAL_InitTick
                0x08000930       0xfc ./Core/Src/stm32f1xx_hal_timebase_tim.o
                0x08000930                HAL_InitTick
 .text.NMI_Handler
                0x08000a2c        0x8 ./Core/Src/stm32f1xx_it.o
                0x08000a2c                NMI_Handler
 .text.HardFault_Handler
                0x08000a34        0x8 ./Core/Src/stm32f1xx_it.o
                0x08000a34                HardFault_Handler
 .text.MemManage_Handler
                0x08000a3c        0x8 ./Core/Src/stm32f1xx_it.o
                0x08000a3c                MemManage_Handler
 .text.BusFault_Handler
                0x08000a44        0x8 ./Core/Src/stm32f1xx_it.o
                0x08000a44                BusFault_Handler
 .text.UsageFault_Handler
                0x08000a4c        0x8 ./Core/Src/stm32f1xx_it.o
                0x08000a4c                UsageFault_Handler
 .text.DebugMon_Handler
                0x08000a54        0xc ./Core/Src/stm32f1xx_it.o
                0x08000a54                DebugMon_Handler
 .text.EXTI0_IRQHandler
                0x08000a60        0xe ./Core/Src/stm32f1xx_it.o
                0x08000a60                EXTI0_IRQHandler
 *fill*         0x08000a6e        0x2 
 .text.TIM4_IRQHandler
                0x08000a70       0x14 ./Core/Src/stm32f1xx_it.o
                0x08000a70                TIM4_IRQHandler
 .text.EXTI15_10_IRQHandler
                0x08000a84       0x10 ./Core/Src/stm32f1xx_it.o
                0x08000a84                EXTI15_10_IRQHandler
 .text._sbrk    0x08000a94       0x6c ./Core/Src/sysmem.o
                0x08000a94                _sbrk
 .text.SystemInit
                0x08000b00        0xc ./Core/Src/system_stm32f1xx.o
                0x08000b00                SystemInit
 .text.Reset_Handler
                0x08000b0c       0x48 ./Core/Startup/startup_stm32f103rbtx.o
                0x08000b0c                Reset_Handler
 .text.Default_Handler
                0x08000b54        0x2 ./Core/Startup/startup_stm32f103rbtx.o
                0x08000b54                RTC_Alarm_IRQHandler
                0x08000b54                EXTI2_IRQHandler
                0x08000b54                TIM1_CC_IRQHandler
                0x08000b54                PVD_IRQHandler
                0x08000b54                EXTI3_IRQHandler
                0x08000b54                I2C2_EV_IRQHandler
                0x08000b54                ADC1_2_IRQHandler
                0x08000b54                SPI1_IRQHandler
                0x08000b54                TAMPER_IRQHandler
                0x08000b54                DMA1_Channel4_IRQHandler
                0x08000b54                USART3_IRQHandler
                0x08000b54                RTC_IRQHandler
                0x08000b54                DMA1_Channel7_IRQHandler
                0x08000b54                CAN1_RX1_IRQHandler
                0x08000b54                I2C1_EV_IRQHandler
                0x08000b54                DMA1_Channel6_IRQHandler
                0x08000b54                TIM3_IRQHandler
                0x08000b54                RCC_IRQHandler
                0x08000b54                TIM1_TRG_COM_IRQHandler
                0x08000b54                DMA1_Channel1_IRQHandler
                0x08000b54                Default_Handler
                0x08000b54                EXTI9_5_IRQHandler
                0x08000b54                SPI2_IRQHandler
                0x08000b54                DMA1_Channel5_IRQHandler
                0x08000b54                EXTI4_IRQHandler
                0x08000b54                USB_LP_CAN1_RX0_IRQHandler
                0x08000b54                USB_HP_CAN1_TX_IRQHandler
                0x08000b54                DMA1_Channel3_IRQHandler
                0x08000b54                TIM1_UP_IRQHandler
                0x08000b54                WWDG_IRQHandler
                0x08000b54                TIM2_IRQHandler
                0x08000b54                TIM1_BRK_IRQHandler
                0x08000b54                EXTI1_IRQHandler
                0x08000b54                USART2_IRQHandler
                0x08000b54                I2C2_ER_IRQHandler
                0x08000b54                DMA1_Channel2_IRQHandler
                0x08000b54                CAN1_SCE_IRQHandler
                0x08000b54                FLASH_IRQHandler
                0x08000b54                USART1_IRQHandler
                0x08000b54                I2C1_ER_IRQHandler
                0x08000b54                USBWakeUp_IRQHandler
 *fill*         0x08000b56        0x2 
 .text.HAL_Init
                0x08000b58       0x2c ./Drivers/STM32F1xx_HAL_Driver/Src/stm32f1xx_hal.o
                0x08000b58                HAL_Init
 .text.HAL_IncTick
                0x08000b84       0x24 ./Drivers/STM32F1xx_HAL_Driver/Src/stm32f1xx_hal.o
                0x08000b84                HAL_IncTick
 .text.HAL_GetTick
                0x08000ba8       0x14 ./Drivers/STM32F1xx_HAL_Driver/Src/stm32f1xx_hal.o
                0x08000ba8                HAL_GetTick
 .text.__NVIC_SetPriorityGrouping
                0x08000bbc       0x48 ./Drivers/STM32F1xx_HAL_Driver/Src/stm32f1xx_hal_cortex.o
 .text.__NVIC_GetPriorityGrouping
                0x08000c04       0x1c ./Drivers/STM32F1xx_HAL_Driver/Src/stm32f1xx_hal_cortex.o
 .text.__NVIC_EnableIRQ
                0x08000c20       0x38 ./Drivers/STM32F1xx_HAL_Driver/Src/stm32f1xx_hal_cortex.o
 .text.__NVIC_SetPriority
                0x08000c58       0x54 ./Drivers/STM32F1xx_HAL_Driver/Src/stm32f1xx_hal_cortex.o
 .text.NVIC_EncodePriority
                0x08000cac       0x64 ./Drivers/STM32F1xx_HAL_Driver/Src/stm32f1xx_hal_cortex.o
 .text.HAL_NVIC_SetPriorityGrouping
                0x08000d10       0x16 ./Drivers/STM32F1xx_HAL_Driver/Src/stm32f1xx_hal_cortex.o
                0x08000d10                HAL_NVIC_SetPriorityGrouping
 .text.HAL_NVIC_SetPriority
                0x08000d26       0x38 ./Drivers/STM32F1xx_HAL_Driver/Src/stm32f1xx_hal_cortex.o
                0x08000d26                HAL_NVIC_SetPriority
 .text.HAL_NVIC_EnableIRQ
                0x08000d5e       0x1c ./Drivers/STM32F1xx_HAL_Driver/Src/stm32f1xx_hal_cortex.o
                0x08000d5e                HAL_NVIC_EnableIRQ
 *fill*         0x08000d7a        0x2 
 .text.HAL_GPIO_Init
                0x08000d7c      0x308 ./Drivers/STM32F1xx_HAL_Driver/Src/stm32f1xx_hal_gpio.o
                0x08000d7c                HAL_GPIO_Init
 .text.HAL_GPIO_WritePin
                0x08001084       0x30 ./Drivers/STM32F1xx_HAL_Driver/Src/stm32f1xx_hal_gpio.o
                0x08001084                HAL_GPIO_WritePin
 .text.HAL_GPIO_EXTI_IRQHandler
                0x080010b4       0x30 ./Drivers/STM32F1xx_HAL_Driver/Src/stm32f1xx_hal_gpio.o
                0x080010b4                HAL_GPIO_EXTI_IRQHandler
 .text.HAL_RCC_OscConfig
                0x080010e4      0x504 ./Drivers/STM32F1xx_HAL_Driver/Src/stm32f1xx_hal_rcc.o
                0x080010e4                HAL_RCC_OscConfig
 .text.HAL_RCC_ClockConfig
                0x080015e8      0x1d4 ./Drivers/STM32F1xx_HAL_Driver/Src/stm32f1xx_hal_rcc.o
                0x080015e8                HAL_RCC_ClockConfig
 .text.HAL_RCC_GetSysClockFreq
                0x080017bc       0xa8 ./Drivers/STM32F1xx_HAL_Driver/Src/stm32f1xx_hal_rcc.o
                0x080017bc                HAL_RCC_GetSysClockFreq
 .text.HAL_RCC_GetHCLKFreq
                0x08001864       0x14 ./Drivers/STM32F1xx_HAL_Driver/Src/stm32f1xx_hal_rcc.o
                0x08001864                HAL_RCC_GetHCLKFreq
 .text.HAL_RCC_GetPCLK1Freq
                0x08001878       0x28 ./Drivers/STM32F1xx_HAL_Driver/Src/stm32f1xx_hal_rcc.o
                0x08001878                HAL_RCC_GetPCLK1Freq
 .text.HAL_RCC_GetClockConfig
                0x080018a0       0x60 ./Drivers/STM32F1xx_HAL_Driver/Src/stm32f1xx_hal_rcc.o
                0x080018a0                HAL_RCC_GetClockConfig
 .text.RCC_Delay
                0x08001900       0x3c ./Drivers/STM32F1xx_HAL_Driver/Src/stm32f1xx_hal_rcc.o
 .text.HAL_TIM_Base_Init
                0x0800193c       0x9e ./Drivers/STM32F1xx_HAL_Driver/Src/stm32f1xx_hal_tim.o
                0x0800193c                HAL_TIM_Base_Init
 .text.HAL_TIM_Base_MspInit
                0x080019da       0x12 ./Drivers/STM32F1xx_HAL_Driver/Src/stm32f1xx_hal_tim.o
                0x080019da                HAL_TIM_Base_MspInit
 .text.HAL_TIM_Base_Start_IT
                0x080019ec       0xa4 ./Drivers/STM32F1xx_HAL_Driver/Src/stm32f1xx_hal_tim.o
                0x080019ec                HAL_TIM_Base_Start_IT
 .text.HAL_TIM_IRQHandler
                0x08001a90      0x1e0 ./Drivers/STM32F1xx_HAL_Driver/Src/stm32f1xx_hal_tim.o
                0x08001a90                HAL_TIM_IRQHandler
 .text.HAL_TIM_OC_DelayElapsedCallback
                0x08001c70       0x12 ./Drivers/STM32F1xx_HAL_Driver/Src/stm32f1xx_hal_tim.o
                0x08001c70                HAL_TIM_OC_DelayElapsedCallback
 .text.HAL_TIM_IC_CaptureCallback
                0x08001c82       0x12 ./Drivers/STM32F1xx_HAL_Driver/Src/stm32f1xx_hal_tim.o
                0x08001c82                HAL_TIM_IC_CaptureCallback
 .text.HAL_TIM_PWM_PulseFinishedCallback
                0x08001c94       0x12 ./Drivers/STM32F1xx_HAL_Driver/Src/stm32f1xx_hal_tim.o
                0x08001c94                HAL_TIM_PWM_PulseFinishedCallback
 .text.HAL_TIM_TriggerCallback
                0x08001ca6       0x12 ./Drivers/STM32F1xx_HAL_Driver/Src/stm32f1xx_hal_tim.o
                0x08001ca6                HAL_TIM_TriggerCallback
 .text.TIM_Base_SetConfig
                0x08001cb8       0xdc ./Drivers/STM32F1xx_HAL_Driver/Src/stm32f1xx_hal_tim.o
                0x08001cb8                TIM_Base_SetConfig
 .text.HAL_TIMEx_CommutCallback
                0x08001d94       0x12 ./Drivers/STM32F1xx_HAL_Driver/Src/stm32f1xx_hal_tim_ex.o
                0x08001d94                HAL_TIMEx_CommutCallback
 .text.HAL_TIMEx_BreakCallback
                0x08001da6       0x12 ./Drivers/STM32F1xx_HAL_Driver/Src/stm32f1xx_hal_tim_ex.o
                0x08001da6                HAL_TIMEx_BreakCallback
 .text.__NVIC_SetPriority
                0x08001db8       0x54 ./Middlewares/Third_Party/FreeRTOS/Source/CMSIS_RTOS_V2/cmsis_os2.o
 .text.SysTick_Handler
                0x08001e0c       0x20 ./Middlewares/Third_Party/FreeRTOS/Source/CMSIS_RTOS_V2/cmsis_os2.o
                0x08001e0c                SysTick_Handler
 .text.SVC_Setup
                0x08001e2c       0x12 ./Middlewares/Third_Party/FreeRTOS/Source/CMSIS_RTOS_V2/cmsis_os2.o
 *fill*         0x08001e3e        0x2 
 .text.osKernelInitialize
                0x08001e40       0x44 ./Middlewares/Third_Party/FreeRTOS/Source/CMSIS_RTOS_V2/cmsis_os2.o
                0x08001e40                osKernelInitialize
 .text.osKernelStart
                0x08001e84       0x4c ./Middlewares/Third_Party/FreeRTOS/Source/CMSIS_RTOS_V2/cmsis_os2.o
                0x08001e84                osKernelStart
 .text.osThreadNew
                0x08001ed0      0x12a ./Middlewares/Third_Party/FreeRTOS/Source/CMSIS_RTOS_V2/cmsis_os2.o
                0x08001ed0                osThreadNew
 .text.osThreadTerminate
                0x08001ffa       0x5a ./Middlewares/Third_Party/FreeRTOS/Source/CMSIS_RTOS_V2/cmsis_os2.o
                0x08001ffa                osThreadTerminate
 .text.osDelay  0x08002054       0x36 ./Middlewares/Third_Party/FreeRTOS/Source/CMSIS_RTOS_V2/cmsis_os2.o
                0x08002054                osDelay
 *fill*         0x0800208a        0x2 
 .text.vApplicationGetIdleTaskMemory
                0x0800208c       0x34 ./Middlewares/Third_Party/FreeRTOS/Source/CMSIS_RTOS_V2/cmsis_os2.o
                0x0800208c                vApplicationGetIdleTaskMemory
 .text.vApplicationGetTimerTaskMemory
                0x080020c0       0x34 ./Middlewares/Third_Party/FreeRTOS/Source/CMSIS_RTOS_V2/cmsis_os2.o
                0x080020c0                vApplicationGetTimerTaskMemory
 .text.vListInitialise
                0x080020f4       0x44 ./Middlewares/Third_Party/FreeRTOS/Source/list.o
                0x080020f4                vListInitialise
 .text.vListInitialiseItem
                0x08002138       0x1e ./Middlewares/Third_Party/FreeRTOS/Source/list.o
                0x08002138                vListInitialiseItem
 .text.vListInsertEnd
                0x08002156       0x4c ./Middlewares/Third_Party/FreeRTOS/Source/list.o
                0x08002156                vListInsertEnd
 .text.vListInsert
                0x080021a2       0x76 ./Middlewares/Third_Party/FreeRTOS/Source/list.o
                0x080021a2                vListInsert
 .text.uxListRemove
                0x08002218       0x5e ./Middlewares/Third_Party/FreeRTOS/Source/list.o
                0x08002218                uxListRemove
 *fill*         0x08002276        0x2 
 .text.xQueueGenericReset
                0x08002278      0x12c ./Middlewares/Third_Party/FreeRTOS/Source/queue.o
                0x08002278                xQueueGenericReset
 .text.xQueueGenericCreateStatic
                0x080023a4       0xd4 ./Middlewares/Third_Party/FreeRTOS/Source/queue.o
                0x080023a4                xQueueGenericCreateStatic
 .text.prvInitialiseNewQueue
                0x08002478       0x46 ./Middlewares/Third_Party/FreeRTOS/Source/queue.o
 *fill*         0x080024be        0x2 
 .text.xQueueReceive
                0x080024c0      0x1dc ./Middlewares/Third_Party/FreeRTOS/Source/queue.o
                0x080024c0                xQueueReceive
 .text.prvCopyDataFromQueue
                0x0800269c       0x4c ./Middlewares/Third_Party/FreeRTOS/Source/queue.o
 .text.prvUnlockQueue
                0x080026e8       0xa4 ./Middlewares/Third_Party/FreeRTOS/Source/queue.o
 .text.prvIsQueueEmpty
                0x0800278c       0x2c ./Middlewares/Third_Party/FreeRTOS/Source/queue.o
 .text.vQueueAddToRegistry
                0x080027b8       0xa0 ./Middlewares/Third_Party/FreeRTOS/Source/queue.o
                0x080027b8                vQueueAddToRegistry
 .text.vQueueWaitForMessageRestricted
                0x08002858       0x6e ./Middlewares/Third_Party/FreeRTOS/Source/queue.o
                0x08002858                vQueueWaitForMessageRestricted
 .text.prvCreateStaticTask
                0x080028c6       0xc2 ./Middlewares/Third_Party/FreeRTOS/Source/tasks.o
 .text.xTaskCreateStatic
                0x08002988       0x5a ./Middlewares/Third_Party/FreeRTOS/Source/tasks.o
                0x08002988                xTaskCreateStatic
 .text.prvCreateTask
                0x080029e2       0x80 ./Middlewares/Third_Party/FreeRTOS/Source/tasks.o
 .text.xTaskCreate
                0x08002a62       0x50 ./Middlewares/Third_Party/FreeRTOS/Source/tasks.o
                0x08002a62                xTaskCreate
 .text.prvInitialiseNewTask
                0x08002ab2      0x120 ./Middlewares/Third_Party/FreeRTOS/Source/tasks.o
 *fill*         0x08002bd2        0x2 
 .text.prvAddNewTaskToReadyList
                0x08002bd4      0x170 ./Middlewares/Third_Party/FreeRTOS/Source/tasks.o
 .text.vTaskDelete
                0x08002d44      0x144 ./Middlewares/Third_Party/FreeRTOS/Source/tasks.o
                0x08002d44                vTaskDelete
 .text.vTaskDelay
                0x08002e88       0x70 ./Middlewares/Third_Party/FreeRTOS/Source/tasks.o
                0x08002e88                vTaskDelay
 .text.eTaskGetState
                0x08002ef8      0x11c ./Middlewares/Third_Party/FreeRTOS/Source/tasks.o
                0x08002ef8                eTaskGetState
 .text.prvCreateIdleTasks
                0x08003014       0xd0 ./Middlewares/Third_Party/FreeRTOS/Source/tasks.o
 .text.vTaskStartScheduler
                0x080030e4       0xbc ./Middlewares/Third_Party/FreeRTOS/Source/tasks.o
                0x080030e4                vTaskStartScheduler
 .text.vTaskSuspendAll
                0x080031a0       0x1c ./Middlewares/Third_Party/FreeRTOS/Source/tasks.o
                0x080031a0                vTaskSuspendAll
 .text.xTaskResumeAll
                0x080031bc      0x224 ./Middlewares/Third_Party/FreeRTOS/Source/tasks.o
                0x080031bc                xTaskResumeAll
 .text.xTaskGetTickCount
                0x080033e0       0x24 ./Middlewares/Third_Party/FreeRTOS/Source/tasks.o
                0x080033e0                xTaskGetTickCount
 .text.xTaskGetTickCountFromISR
                0x08003404       0x2c ./Middlewares/Third_Party/FreeRTOS/Source/tasks.o
                0x08003404                xTaskGetTickCountFromISR
 .text.xTaskIncrementTick
                0x08003430      0x248 ./Middlewares/Third_Party/FreeRTOS/Source/tasks.o
                0x08003430                xTaskIncrementTick
 .text.vTaskSwitchContext
                0x08003678       0xe4 ./Middlewares/Third_Party/FreeRTOS/Source/tasks.o
                0x08003678                vTaskSwitchContext
 .text.vTaskPlaceOnEventList
                0x0800375c       0x50 ./Middlewares/Third_Party/FreeRTOS/Source/tasks.o
                0x0800375c                vTaskPlaceOnEventList
 .text.vTaskPlaceOnEventListRestricted
                0x080037ac       0x94 ./Middlewares/Third_Party/FreeRTOS/Source/tasks.o
                0x080037ac                vTaskPlaceOnEventListRestricted
 .text.xTaskRemoveFromEventList
                0x08003840      0x1c4 ./Middlewares/Third_Party/FreeRTOS/Source/tasks.o
                0x08003840                xTaskRemoveFromEventList
 .text.vTaskInternalSetTimeOutState
                0x08003a04       0x30 ./Middlewares/Third_Party/FreeRTOS/Source/tasks.o
                0x08003a04                vTaskInternalSetTimeOutState
 .text.xTaskCheckForTimeOut
                0x08003a34       0xd8 ./Middlewares/Third_Party/FreeRTOS/Source/tasks.o
                0x08003a34                xTaskCheckForTimeOut
 .text.vTaskMissedYield
                0x08003b0c       0x18 ./Middlewares/Third_Party/FreeRTOS/Source/tasks.o
                0x08003b0c                vTaskMissedYield
 .text.prvIdleTask
                0x08003b24       0x30 ./Middlewares/Third_Party/FreeRTOS/Source/tasks.o
 .text.prvInitialiseTaskLists
                0x08003b54       0x80 ./Middlewares/Third_Party/FreeRTOS/Source/tasks.o
 .text.prvCheckTasksWaitingTermination
                0x08003bd4       0x5c ./Middlewares/Third_Party/FreeRTOS/Source/tasks.o
 .text.prvTaskCheckFreeStackSpace
                0x08003c30       0x34 ./Middlewares/Third_Party/FreeRTOS/Source/tasks.o
 .text.uxTaskGetStackHighWaterMark
                0x08003c64       0x3c ./Middlewares/Third_Party/FreeRTOS/Source/tasks.o
                0x08003c64                uxTaskGetStackHighWaterMark
 .text.prvDeleteTCB
                0x08003ca0       0x60 ./Middlewares/Third_Party/FreeRTOS/Source/tasks.o
 .text.prvResetNextTaskUnblockTime
                0x08003d00       0x34 ./Middlewares/Third_Party/FreeRTOS/Source/tasks.o
 .text.xTaskGetSchedulerState
                0x08003d34       0x44 ./Middlewares/Third_Party/FreeRTOS/Source/tasks.o
                0x08003d34                xTaskGetSchedulerState
 .text.prvAddCurrentTaskToDelayedList
                0x08003d78       0xf8 ./Middlewares/Third_Party/FreeRTOS/Source/tasks.o
 .text.xTimerCreateTimerTask
                0x08003e70       0xa0 ./Middlewares/Third_Party/FreeRTOS/Source/timers.o
                0x08003e70                xTimerCreateTimerTask
 .text.prvReloadTimer
                0x08003f10       0x42 ./Middlewares/Third_Party/FreeRTOS/Source/timers.o
 *fill*         0x08003f52        0x2 
 .text.prvProcessExpiredTimer
                0x08003f54       0x60 ./Middlewares/Third_Party/FreeRTOS/Source/timers.o
 .text.prvTimerTask
                0x08003fb4       0x26 ./Middlewares/Third_Party/FreeRTOS/Source/timers.o
 *fill*         0x08003fda        0x2 
 .text.prvProcessTimerOrBlockTask
                0x08003fdc       0x9c ./Middlewares/Third_Party/FreeRTOS/Source/timers.o
 .text.prvGetNextExpireTime
                0x08004078       0x44 ./Middlewares/Third_Party/FreeRTOS/Source/timers.o
 .text.prvSampleTimeNow
                0x080040bc       0x40 ./Middlewares/Third_Party/FreeRTOS/Source/timers.o
 .text.prvInsertTimerInActiveList
                0x080040fc       0x84 ./Middlewares/Third_Party/FreeRTOS/Source/timers.o
 .text.prvProcessReceivedCommands
                0x08004180      0x1c8 ./Middlewares/Third_Party/FreeRTOS/Source/timers.o
 .text.prvSwitchTimerLists
                0x08004348       0x4c ./Middlewares/Third_Party/FreeRTOS/Source/timers.o
 .text.prvCheckForValidListAndQueue
                0x08004394       0x80 ./Middlewares/Third_Party/FreeRTOS/Source/timers.o
 .text.pxPortInitialiseStack
                0x08004414       0x58 ./Middlewares/Third_Party/FreeRTOS/Source/portable/ARM_CM3/port.o
                0x08004414                pxPortInitialiseStack
 .text.prvTaskExitError
                0x0800446c       0x58 ./Middlewares/Third_Party/FreeRTOS/Source/portable/ARM_CM3/port.o
 *fill*         0x080044c4        0xc 
 .text.SVC_Handler
                0x080044d0       0x28 ./Middlewares/Third_Party/FreeRTOS/Source/portable/ARM_CM3/port.o
                0x080044d0                SVC_Handler
 .text.prvPortStartFirstTask
                0x080044f8       0x24 ./Middlewares/Third_Party/FreeRTOS/Source/portable/ARM_CM3/port.o
 .text.xPortStartScheduler
                0x0800451c      0x17c ./Middlewares/Third_Party/FreeRTOS/Source/portable/ARM_CM3/port.o
                0x0800451c                xPortStartScheduler
 .text.vPortEnterCritical
                0x08004698       0x60 ./Middlewares/Third_Party/FreeRTOS/Source/portable/ARM_CM3/port.o
                0x08004698                vPortEnterCritical
 .text.vPortExitCritical
                0x080046f8       0x54 ./Middlewares/Third_Party/FreeRTOS/Source/portable/ARM_CM3/port.o
                0x080046f8                vPortExitCritical
 *fill*         0x0800474c        0x4 
 .text.PendSV_Handler
                0x08004750       0x48 ./Middlewares/Third_Party/FreeRTOS/Source/portable/ARM_CM3/port.o
                0x08004750                PendSV_Handler
 .text.xPortSysTickHandler
                0x08004798       0x54 ./Middlewares/Third_Party/FreeRTOS/Source/portable/ARM_CM3/port.o
                0x08004798                xPortSysTickHandler
 .text.vPortSetupTimerInterrupt
                0x080047ec       0x44 ./Middlewares/Third_Party/FreeRTOS/Source/portable/ARM_CM3/port.o
                0x080047ec                vPortSetupTimerInterrupt
 .text.vPortValidateInterruptPriority
                0x08004830       0x80 ./Middlewares/Third_Party/FreeRTOS/Source/portable/ARM_CM3/port.o
                0x08004830                vPortValidateInterruptPriority
 .text.pvPortMalloc
                0x080048b0      0x264 ./Middlewares/Third_Party/FreeRTOS/Source/portable/MemMang/heap_4.o
                0x080048b0                pvPortMalloc
 .text.vPortFree
                0x08004b14       0xec ./Middlewares/Third_Party/FreeRTOS/Source/portable/MemMang/heap_4.o
                0x08004b14                vPortFree
 .text.prvHeapInit
                0x08004c00       0xb4 ./Middlewares/Third_Party/FreeRTOS/Source/portable/MemMang/heap_4.o
 .text.prvInsertBlockIntoFreeList
                0x08004cb4       0xf4 ./Middlewares/Third_Party/FreeRTOS/Source/portable/MemMang/heap_4.o
 .text._cbSendSystemDesc
                0x08004da8       0x1c ./Middlewares/Third_Party/SystemView/FreeRTOSV11/Config/Cortex-M/SEGGER_SYSVIEW_Config_FreeRTOS.o
 .text.SEGGER_SYSVIEW_Conf
                0x08004dc4       0x2c ./Middlewares/Third_Party/SystemView/FreeRTOSV11/Config/Cortex-M/SEGGER_SYSVIEW_Config_FreeRTOS.o
                0x08004dc4                SEGGER_SYSVIEW_Conf
 .text._cbSendTaskList
                0x08004df0       0xbc ./Middlewares/Third_Party/SystemView/FreeRTOSV11/SEGGER_SYSVIEW_FreeRTOS.o
 .text._cbGetTime
                0x08004eac       0x86 ./Middlewares/Third_Party/SystemView/FreeRTOSV11/SEGGER_SYSVIEW_FreeRTOS.o
 *fill*         0x08004f32        0x2 
 .text.SYSVIEW_AddTask
                0x08004f34       0xd0 ./Middlewares/Third_Party/SystemView/FreeRTOSV11/SEGGER_SYSVIEW_FreeRTOS.o
                0x08004f34                SYSVIEW_AddTask
 .text.SYSVIEW_DeleteTask
                0x08005004      0x178 ./Middlewares/Third_Party/SystemView/FreeRTOSV11/SEGGER_SYSVIEW_FreeRTOS.o
                0x08005004                SYSVIEW_DeleteTask
 .text.SYSVIEW_SendTaskInfo
                0x0800517c       0x42 ./Middlewares/Third_Party/SystemView/FreeRTOSV11/SEGGER_SYSVIEW_FreeRTOS.o
                0x0800517c                SYSVIEW_SendTaskInfo
 *fill*         0x080051be        0x2 
 .text._DoInit  0x080051c0       0xb0 ./Middlewares/Third_Party/SystemView/SEGGER/SEGGER_RTT.o
 .text.SEGGER_RTT_ReadNoLock
                0x08005270      0x10c ./Middlewares/Third_Party/SystemView/SEGGER/SEGGER_RTT.o
                0x08005270                SEGGER_RTT_ReadNoLock
 .text.SEGGER_RTT_AllocUpBuffer
                0x0800537c      0x104 ./Middlewares/Third_Party/SystemView/SEGGER/SEGGER_RTT.o
                0x0800537c                SEGGER_RTT_AllocUpBuffer
 .text.SEGGER_RTT_ConfigDownBuffer
                0x08005480       0x94 ./Middlewares/Third_Party/SystemView/SEGGER/SEGGER_RTT.o
                0x08005480                SEGGER_RTT_ConfigDownBuffer
 .text._EncodeStr
                0x08005514       0x70 ./Middlewares/Third_Party/SystemView/SEGGER/SEGGER_SYSVIEW.o
 .text._PreparePacket
                0x08005584       0x16 ./Middlewares/Third_Party/SystemView/SEGGER/SEGGER_SYSVIEW.o
 *fill*         0x0800559a        0x2 
 .text._HandleIncomingPacket
                0x0800559c       0xdc ./Middlewares/Third_Party/SystemView/SEGGER/SEGGER_SYSVIEW.o
 .text._TrySendOverflowPacket
                0x08005678       0xe4 ./Middlewares/Third_Party/SystemView/SEGGER/SEGGER_SYSVIEW.o
 .text._SendPacket
                0x0800575c      0x2dc ./Middlewares/Third_Party/SystemView/SEGGER/SEGGER_SYSVIEW.o
 .text.SEGGER_SYSVIEW_Init
                0x08005a38       0x88 ./Middlewares/Third_Party/SystemView/SEGGER/SEGGER_SYSVIEW.o
                0x08005a38                SEGGER_SYSVIEW_Init
 .text.SEGGER_SYSVIEW_SetRAMBase
                0x08005ac0       0x1c ./Middlewares/Third_Party/SystemView/SEGGER/SEGGER_SYSVIEW.o
                0x08005ac0                SEGGER_SYSVIEW_SetRAMBase
 .text.SEGGER_SYSVIEW_RecordVoid
                0x08005adc       0x3c ./Middlewares/Third_Party/SystemView/SEGGER/SEGGER_SYSVIEW.o
                0x08005adc                SEGGER_SYSVIEW_RecordVoid
 .text.SEGGER_SYSVIEW_RecordU32
                0x08005b18       0x78 ./Middlewares/Third_Party/SystemView/SEGGER/SEGGER_SYSVIEW.o
                0x08005b18                SEGGER_SYSVIEW_RecordU32
 .text.SEGGER_SYSVIEW_RecordU32x2
                0x08005b90       0xb4 ./Middlewares/Third_Party/SystemView/SEGGER/SEGGER_SYSVIEW.o
                0x08005b90                SEGGER_SYSVIEW_RecordU32x2
 .text.SEGGER_SYSVIEW_Start
                0x08005c44      0x174 ./Middlewares/Third_Party/SystemView/SEGGER/SEGGER_SYSVIEW.o
                0x08005c44                SEGGER_SYSVIEW_Start
 .text.SEGGER_SYSVIEW_Stop
                0x08005db8       0x4c ./Middlewares/Third_Party/SystemView/SEGGER/SEGGER_SYSVIEW.o
                0x08005db8                SEGGER_SYSVIEW_Stop
 .text.SEGGER_SYSVIEW_GetSysDesc
                0x08005e04      0x134 ./Middlewares/Third_Party/SystemView/SEGGER/SEGGER_SYSVIEW.o
                0x08005e04                SEGGER_SYSVIEW_GetSysDesc
 .text.SEGGER_SYSVIEW_SendTaskInfo
                0x08005f38      0x1c8 ./Middlewares/Third_Party/SystemView/SEGGER/SEGGER_SYSVIEW.o
                0x08005f38                SEGGER_SYSVIEW_SendTaskInfo
 .text.SEGGER_SYSVIEW_SendTaskList
                0x08006100       0x28 ./Middlewares/Third_Party/SystemView/SEGGER/SEGGER_SYSVIEW.o
                0x08006100                SEGGER_SYSVIEW_SendTaskList
 .text.SEGGER_SYSVIEW_SendSysDesc
                0x08006128       0x48 ./Middlewares/Third_Party/SystemView/SEGGER/SEGGER_SYSVIEW.o
                0x08006128                SEGGER_SYSVIEW_SendSysDesc
 .text.SEGGER_SYSVIEW_RecordSystime
                0x08006170       0x64 ./Middlewares/Third_Party/SystemView/SEGGER/SEGGER_SYSVIEW.o
                0x08006170                SEGGER_SYSVIEW_RecordSystime
 .text.SEGGER_SYSVIEW_RecordEnterISR
                0x080061d4       0x84 ./Middlewares/Third_Party/SystemView/SEGGER/SEGGER_SYSVIEW.o
                0x080061d4                SEGGER_SYSVIEW_RecordEnterISR
 .text.SEGGER_SYSVIEW_RecordExitISR
                0x08006258       0x38 ./Middlewares/Third_Party/SystemView/SEGGER/SEGGER_SYSVIEW.o
                0x08006258                SEGGER_SYSVIEW_RecordExitISR
 .text.SEGGER_SYSVIEW_RecordExitISRToScheduler
                0x08006290       0x38 ./Middlewares/Third_Party/SystemView/SEGGER/SEGGER_SYSVIEW.o
                0x08006290                SEGGER_SYSVIEW_RecordExitISRToScheduler
 .text.SEGGER_SYSVIEW_RecordEndCall
                0x080062c8       0x78 ./Middlewares/Third_Party/SystemView/SEGGER/SEGGER_SYSVIEW.o
                0x080062c8                SEGGER_SYSVIEW_RecordEndCall
 .text.SEGGER_SYSVIEW_RecordEndCallU32
                0x08006340       0xb0 ./Middlewares/Third_Party/SystemView/SEGGER/SEGGER_SYSVIEW.o
                0x08006340                SEGGER_SYSVIEW_RecordEndCallU32
 .text.SEGGER_SYSVIEW_OnIdle
                0x080063f0       0x38 ./Middlewares/Third_Party/SystemView/SEGGER/SEGGER_SYSVIEW.o
                0x080063f0                SEGGER_SYSVIEW_OnIdle
 .text.SEGGER_SYSVIEW_OnTaskCreate
                0x08006428       0x84 ./Middlewares/Third_Party/SystemView/SEGGER/SEGGER_SYSVIEW.o
                0x08006428                SEGGER_SYSVIEW_OnTaskCreate
 .text.SEGGER_SYSVIEW_OnTaskStartExec
                0x080064ac       0x84 ./Middlewares/Third_Party/SystemView/SEGGER/SEGGER_SYSVIEW.o
                0x080064ac                SEGGER_SYSVIEW_OnTaskStartExec
 .text.SEGGER_SYSVIEW_OnTaskStartReady
                0x08006530       0x84 ./Middlewares/Third_Party/SystemView/SEGGER/SEGGER_SYSVIEW.o
                0x08006530                SEGGER_SYSVIEW_OnTaskStartReady
 .text.SEGGER_SYSVIEW_OnTaskStopReady
                0x080065b4       0xc0 ./Middlewares/Third_Party/SystemView/SEGGER/SEGGER_SYSVIEW.o
                0x080065b4                SEGGER_SYSVIEW_OnTaskStopReady
 .text.SEGGER_SYSVIEW_ShrinkId
                0x08006674       0x20 ./Middlewares/Third_Party/SystemView/SEGGER/SEGGER_SYSVIEW.o
                0x08006674                SEGGER_SYSVIEW_ShrinkId
 .text.SEGGER_SYSVIEW_SendModule
                0x08006694      0x114 ./Middlewares/Third_Party/SystemView/SEGGER/SEGGER_SYSVIEW.o
                0x08006694                SEGGER_SYSVIEW_SendModule
 .text.SEGGER_SYSVIEW_SendModuleDescription
                0x080067a8       0x3c ./Middlewares/Third_Party/SystemView/SEGGER/SEGGER_SYSVIEW.o
                0x080067a8                SEGGER_SYSVIEW_SendModuleDescription
 .text.SEGGER_SYSVIEW_SendNumModules
                0x080067e4       0x7c ./Middlewares/Third_Party/SystemView/SEGGER/SEGGER_SYSVIEW.o
                0x080067e4                SEGGER_SYSVIEW_SendNumModules
 .text.SEGGER_SYSVIEW_Warn
                0x08006860       0xb8 ./Middlewares/Third_Party/SystemView/SEGGER/SEGGER_SYSVIEW.o
                0x08006860                SEGGER_SYSVIEW_Warn
 .text.sprintf  0x08006918       0x44 D:/ST/STM32CubeIDE_1.18.1/STM32CubeIDE/plugins/com.st.stm32cube.ide.mcu.externaltools.gnu-tools-for-stm32.13.3.rel1.win32_1.0.0.202411081344/tools/bin/../lib/gcc/arm-none-eabi/13.3.1/../../../../arm-none-eabi/lib/thumb/v7-m/nofp\libc_nano.a(libc_a-sprintf.o)
                0x08006918                siprintf
                0x08006918                sprintf
 .text.memcmp   0x0800695c       0x20 D:/ST/STM32CubeIDE_1.18.1/STM32CubeIDE/plugins/com.st.stm32cube.ide.mcu.externaltools.gnu-tools-for-stm32.13.3.rel1.win32_1.0.0.202411081344/tools/bin/../lib/gcc/arm-none-eabi/13.3.1/../../../../arm-none-eabi/lib/thumb/v7-m/nofp\libc_nano.a(libc_a-memcmp.o)
                0x0800695c                memcmp
 .text.memset   0x0800697c       0x10 D:/ST/STM32CubeIDE_1.18.1/STM32CubeIDE/plugins/com.st.stm32cube.ide.mcu.externaltools.gnu-tools-for-stm32.13.3.rel1.win32_1.0.0.202411081344/tools/bin/../lib/gcc/arm-none-eabi/13.3.1/../../../../arm-none-eabi/lib/thumb/v7-m/nofp\libc_nano.a(libc_a-memset.o)
                0x0800697c                memset
 .text.__errno  0x0800698c        0xc D:/ST/STM32CubeIDE_1.18.1/STM32CubeIDE/plugins/com.st.stm32cube.ide.mcu.externaltools.gnu-tools-for-stm32.13.3.rel1.win32_1.0.0.202411081344/tools/bin/../lib/gcc/arm-none-eabi/13.3.1/../../../../arm-none-eabi/lib/thumb/v7-m/nofp\libc_nano.a(libc_a-errno.o)
                0x0800698c                __errno
 .text.__libc_init_array
                0x08006998       0x48 D:/ST/STM32CubeIDE_1.18.1/STM32CubeIDE/plugins/com.st.stm32cube.ide.mcu.externaltools.gnu-tools-for-stm32.13.3.rel1.win32_1.0.0.202411081344/tools/bin/../lib/gcc/arm-none-eabi/13.3.1/../../../../arm-none-eabi/lib/thumb/v7-m/nofp\libc_nano.a(libc_a-init.o)
                0x08006998                __libc_init_array
 .text.__retarget_lock_acquire_recursive
                0x080069e0        0x2 D:/ST/STM32CubeIDE_1.18.1/STM32CubeIDE/plugins/com.st.stm32cube.ide.mcu.externaltools.gnu-tools-for-stm32.13.3.rel1.win32_1.0.0.202411081344/tools/bin/../lib/gcc/arm-none-eabi/13.3.1/../../../../arm-none-eabi/lib/thumb/v7-m/nofp\libc_nano.a(libc_a-lock.o)
                0x080069e0                __retarget_lock_acquire_recursive
 .text.__retarget_lock_release_recursive
                0x080069e2        0x2 D:/ST/STM32CubeIDE_1.18.1/STM32CubeIDE/plugins/com.st.stm32cube.ide.mcu.externaltools.gnu-tools-for-stm32.13.3.rel1.win32_1.0.0.202411081344/tools/bin/../lib/gcc/arm-none-eabi/13.3.1/../../../../arm-none-eabi/lib/thumb/v7-m/nofp\libc_nano.a(libc_a-lock.o)
                0x080069e2                __retarget_lock_release_recursive
 .text.memcpy   0x080069e4       0x1c D:/ST/STM32CubeIDE_1.18.1/STM32CubeIDE/plugins/com.st.stm32cube.ide.mcu.externaltools.gnu-tools-for-stm32.13.3.rel1.win32_1.0.0.202411081344/tools/bin/../lib/gcc/arm-none-eabi/13.3.1/../../../../arm-none-eabi/lib/thumb/v7-m/nofp\libc_nano.a(libc_a-memcpy-stub.o)
                0x080069e4                memcpy
 .text._free_r  0x08006a00       0x90 D:/ST/STM32CubeIDE_1.18.1/STM32CubeIDE/plugins/com.st.stm32cube.ide.mcu.externaltools.gnu-tools-for-stm32.13.3.rel1.win32_1.0.0.202411081344/tools/bin/../lib/gcc/arm-none-eabi/13.3.1/../../../../arm-none-eabi/lib/thumb/v7-m/nofp\libc_nano.a(libc_a-freer.o)
                0x08006a00                _free_r
 .text.sbrk_aligned
                0x08006a90       0x44 D:/ST/STM32CubeIDE_1.18.1/STM32CubeIDE/plugins/com.st.stm32cube.ide.mcu.externaltools.gnu-tools-for-stm32.13.3.rel1.win32_1.0.0.202411081344/tools/bin/../lib/gcc/arm-none-eabi/13.3.1/../../../../arm-none-eabi/lib/thumb/v7-m/nofp\libc_nano.a(libc_a-mallocr.o)
 .text._malloc_r
                0x08006ad4      0x100 D:/ST/STM32CubeIDE_1.18.1/STM32CubeIDE/plugins/com.st.stm32cube.ide.mcu.externaltools.gnu-tools-for-stm32.13.3.rel1.win32_1.0.0.202411081344/tools/bin/../lib/gcc/arm-none-eabi/13.3.1/../../../../arm-none-eabi/lib/thumb/v7-m/nofp\libc_nano.a(libc_a-mallocr.o)
                0x08006ad4                _malloc_r
 .text.__malloc_lock
                0x08006bd4        0xc D:/ST/STM32CubeIDE_1.18.1/STM32CubeIDE/plugins/com.st.stm32cube.ide.mcu.externaltools.gnu-tools-for-stm32.13.3.rel1.win32_1.0.0.202411081344/tools/bin/../lib/gcc/arm-none-eabi/13.3.1/../../../../arm-none-eabi/lib/thumb/v7-m/nofp\libc_nano.a(libc_a-mlock.o)
                0x08006bd4                __malloc_lock
 .text.__malloc_unlock
                0x08006be0        0xc D:/ST/STM32CubeIDE_1.18.1/STM32CubeIDE/plugins/com.st.stm32cube.ide.mcu.externaltools.gnu-tools-for-stm32.13.3.rel1.win32_1.0.0.202411081344/tools/bin/../lib/gcc/arm-none-eabi/13.3.1/../../../../arm-none-eabi/lib/thumb/v7-m/nofp\libc_nano.a(libc_a-mlock.o)
                0x08006be0                __malloc_unlock
 .text.__ssputs_r
                0x08006bec       0xb6 D:/ST/STM32CubeIDE_1.18.1/STM32CubeIDE/plugins/com.st.stm32cube.ide.mcu.externaltools.gnu-tools-for-stm32.13.3.rel1.win32_1.0.0.202411081344/tools/bin/../lib/gcc/arm-none-eabi/13.3.1/../../../../arm-none-eabi/lib/thumb/v7-m/nofp\libc_nano.a(libc_a-nano-svfprintf.o)
                0x08006bec                __ssputs_r
 *fill*         0x08006ca2        0x2 
 .text._svfprintf_r
                0x08006ca4      0x1f8 D:/ST/STM32CubeIDE_1.18.1/STM32CubeIDE/plugins/com.st.stm32cube.ide.mcu.externaltools.gnu-tools-for-stm32.13.3.rel1.win32_1.0.0.202411081344/tools/bin/../lib/gcc/arm-none-eabi/13.3.1/../../../../arm-none-eabi/lib/thumb/v7-m/nofp\libc_nano.a(libc_a-nano-svfprintf.o)
                0x08006ca4                _svfiprintf_r
                0x08006ca4                _svfprintf_r
 .text._printf_common
                0x08006e9c       0xe4 D:/ST/STM32CubeIDE_1.18.1/STM32CubeIDE/plugins/com.st.stm32cube.ide.mcu.externaltools.gnu-tools-for-stm32.13.3.rel1.win32_1.0.0.202411081344/tools/bin/../lib/gcc/arm-none-eabi/13.3.1/../../../../arm-none-eabi/lib/thumb/v7-m/nofp\libc_nano.a(libc_a-nano-vfprintf_i.o)
                0x08006e9c                _printf_common
 .text._printf_i
                0x08006f80      0x23c D:/ST/STM32CubeIDE_1.18.1/STM32CubeIDE/plugins/com.st.stm32cube.ide.mcu.externaltools.gnu-tools-for-stm32.13.3.rel1.win32_1.0.0.202411081344/tools/bin/../lib/gcc/arm-none-eabi/13.3.1/../../../../arm-none-eabi/lib/thumb/v7-m/nofp\libc_nano.a(libc_a-nano-vfprintf_i.o)
                0x08006f80                _printf_i
 .text.memmove  0x080071bc       0x34 D:/ST/STM32CubeIDE_1.18.1/STM32CubeIDE/plugins/com.st.stm32cube.ide.mcu.externaltools.gnu-tools-for-stm32.13.3.rel1.win32_1.0.0.202411081344/tools/bin/../lib/gcc/arm-none-eabi/13.3.1/../../../../arm-none-eabi/lib/thumb/v7-m/nofp\libc_nano.a(libc_a-memmove.o)
                0x080071bc                memmove
 .text._sbrk_r  0x080071f0       0x20 D:/ST/STM32CubeIDE_1.18.1/STM32CubeIDE/plugins/com.st.stm32cube.ide.mcu.externaltools.gnu-tools-for-stm32.13.3.rel1.win32_1.0.0.202411081344/tools/bin/../lib/gcc/arm-none-eabi/13.3.1/../../../../arm-none-eabi/lib/thumb/v7-m/nofp\libc_nano.a(libc_a-sbrkr.o)
                0x080071f0                _sbrk_r
 .text.memchr   0x08007210       0x1c D:/ST/STM32CubeIDE_1.18.1/STM32CubeIDE/plugins/com.st.stm32cube.ide.mcu.externaltools.gnu-tools-for-stm32.13.3.rel1.win32_1.0.0.202411081344/tools/bin/../lib/gcc/arm-none-eabi/13.3.1/../../../../arm-none-eabi/lib/thumb/v7-m/nofp\libc_nano.a(libc_a-memchr-stub.o)
                0x08007210                memchr
 .text._realloc_r
                0x0800722c       0x5c D:/ST/STM32CubeIDE_1.18.1/STM32CubeIDE/plugins/com.st.stm32cube.ide.mcu.externaltools.gnu-tools-for-stm32.13.3.rel1.win32_1.0.0.202411081344/tools/bin/../lib/gcc/arm-none-eabi/13.3.1/../../../../arm-none-eabi/lib/thumb/v7-m/nofp\libc_nano.a(libc_a-reallocr.o)
                0x0800722c                _realloc_r
 .text._malloc_usable_size_r
                0x08007288       0x10 D:/ST/STM32CubeIDE_1.18.1/STM32CubeIDE/plugins/com.st.stm32cube.ide.mcu.externaltools.gnu-tools-for-stm32.13.3.rel1.win32_1.0.0.202411081344/tools/bin/../lib/gcc/arm-none-eabi/13.3.1/../../../../arm-none-eabi/lib/thumb/v7-m/nofp\libc_nano.a(libc_a-msizer.o)
                0x08007288                _malloc_usable_size_r
 *(.glue_7)
 .glue_7        0x08007298        0x0 linker stubs
 *(.glue_7t)
 .glue_7t       0x08007298        0x0 linker stubs
 *(.eh_frame)
 .eh_frame      0x08007298        0x0 D:/ST/STM32CubeIDE_1.18.1/STM32CubeIDE/plugins/com.st.stm32cube.ide.mcu.externaltools.gnu-tools-for-stm32.13.3.rel1.win32_1.0.0.202411081344/tools/bin/../lib/gcc/arm-none-eabi/13.3.1/thumb/v7-m/nofp/crtbegin.o
 *(.init)
 .init          0x08007298        0x4 D:/ST/STM32CubeIDE_1.18.1/STM32CubeIDE/plugins/com.st.stm32cube.ide.mcu.externaltools.gnu-tools-for-stm32.13.3.rel1.win32_1.0.0.202411081344/tools/bin/../lib/gcc/arm-none-eabi/13.3.1/thumb/v7-m/nofp/crti.o
                0x08007298                _init
 .init          0x0800729c        0x8 D:/ST/STM32CubeIDE_1.18.1/STM32CubeIDE/plugins/com.st.stm32cube.ide.mcu.externaltools.gnu-tools-for-stm32.13.3.rel1.win32_1.0.0.202411081344/tools/bin/../lib/gcc/arm-none-eabi/13.3.1/thumb/v7-m/nofp/crtn.o
 *(.fini)
 .fini          0x080072a4        0x4 D:/ST/STM32CubeIDE_1.18.1/STM32CubeIDE/plugins/com.st.stm32cube.ide.mcu.externaltools.gnu-tools-for-stm32.13.3.rel1.win32_1.0.0.202411081344/tools/bin/../lib/gcc/arm-none-eabi/13.3.1/thumb/v7-m/nofp/crti.o
                0x080072a4                _fini
 .fini          0x080072a8        0x8 D:/ST/STM32CubeIDE_1.18.1/STM32CubeIDE/plugins/com.st.stm32cube.ide.mcu.externaltools.gnu-tools-for-stm32.13.3.rel1.win32_1.0.0.202411081344/tools/bin/../lib/gcc/arm-none-eabi/13.3.1/thumb/v7-m/nofp/crtn.o
                0x080072b0                        . = ALIGN (0x4)
                0x080072b0                        _etext = .

.vfp11_veneer   0x080072b0        0x0
 .vfp11_veneer  0x080072b0        0x0 linker stubs

.v4_bx          0x080072b0        0x0
 .v4_bx         0x080072b0        0x0 linker stubs

.iplt           0x080072b0        0x0
 .iplt          0x080072b0        0x0 D:/ST/STM32CubeIDE_1.18.1/STM32CubeIDE/plugins/com.st.stm32cube.ide.mcu.externaltools.gnu-tools-for-stm32.13.3.rel1.win32_1.0.0.202411081344/tools/bin/../lib/gcc/arm-none-eabi/13.3.1/thumb/v7-m/nofp/crtbegin.o

.rodata         0x080072b0      0x2bc
                0x080072b0                        . = ALIGN (0x4)
 *(.rodata)
 .rodata        0x080072b0       0xaa ./Core/Src/main.o
 *fill*         0x0800735a        0x2 
 .rodata        0x0800735c        0x5 ./Middlewares/Third_Party/FreeRTOS/Source/tasks.o
 *fill*         0x08007361        0x3 
 .rodata        0x08007364        0xd ./Middlewares/Third_Party/FreeRTOS/Source/timers.o
 *fill*         0x08007371        0x3 
 .rodata        0x08007374       0x41 ./Middlewares/Third_Party/SystemView/FreeRTOSV11/Config/Cortex-M/SEGGER_SYSVIEW_Config_FreeRTOS.o
 *fill*         0x080073b5        0x3 
 .rodata        0x080073b8       0x58 ./Middlewares/Third_Party/SystemView/FreeRTOSV11/SEGGER_SYSVIEW_FreeRTOS.o
 .rodata        0x08007410        0x9 ./Middlewares/Third_Party/SystemView/SEGGER/SEGGER_RTT.o
 *fill*         0x08007419        0x3 
 .rodata        0x0800741c       0x10 ./Middlewares/Third_Party/SystemView/SEGGER/SEGGER_SYSVIEW.o
 *(.rodata*)
 .rodata.defaultTask_attributes
                0x0800742c       0x24 ./Core/Src/main.o
                0x0800742c                defaultTask_attributes
 .rodata.GreenTask_attributes
                0x08007450       0x24 ./Core/Src/main.o
                0x08007450                GreenTask_attributes
 .rodata.BlueTask_attributes
                0x08007474       0x24 ./Core/Src/main.o
                0x08007474                BlueTask_attributes
 .rodata.RedTask_attributes
                0x08007498       0x24 ./Core/Src/main.o
                0x08007498                RedTask_attributes
 .rodata.LedMUX_attributes
                0x080074bc       0x24 ./Core/Src/main.o
                0x080074bc                LedMUX_attributes
 .rodata.AHBPrescTable
                0x080074e0       0x10 ./Core/Src/system_stm32f1xx.o
                0x080074e0                AHBPrescTable
 .rodata.APBPrescTable
                0x080074f0        0x8 ./Core/Src/system_stm32f1xx.o
                0x080074f0                APBPrescTable
 .rodata.aPLLMULFactorTable.1
                0x080074f8       0x10 ./Drivers/STM32F1xx_HAL_Driver/Src/stm32f1xx_hal_rcc.o
 .rodata.aPredivFactorTable.0
                0x08007508        0x2 ./Drivers/STM32F1xx_HAL_Driver/Src/stm32f1xx_hal_rcc.o
 *fill*         0x0800750a        0x2 
 .rodata.uxTopUsedPriority
                0x0800750c        0x4 ./Middlewares/Third_Party/FreeRTOS/Source/tasks.o
 .rodata.SYSVIEW_X_OS_TraceAPI
                0x08007510        0x8 ./Middlewares/Third_Party/SystemView/FreeRTOSV11/SEGGER_SYSVIEW_FreeRTOS.o
                0x08007510                SYSVIEW_X_OS_TraceAPI
 .rodata._aInitStr.0
                0x08007518       0x11 ./Middlewares/Third_Party/SystemView/SEGGER/SEGGER_RTT.o
 *fill*         0x08007529        0x3 
 .rodata._abSync
                0x0800752c        0xa ./Middlewares/Third_Party/SystemView/SEGGER/SEGGER_SYSVIEW.o
 .rodata._svfprintf_r.str1.1
                0x08007536       0x33 D:/ST/STM32CubeIDE_1.18.1/STM32CubeIDE/plugins/com.st.stm32cube.ide.mcu.externaltools.gnu-tools-for-stm32.13.3.rel1.win32_1.0.0.202411081344/tools/bin/../lib/gcc/arm-none-eabi/13.3.1/../../../../arm-none-eabi/lib/thumb/v7-m/nofp\libc_nano.a(libc_a-nano-svfprintf.o)
                                 0x11 (size before relaxing)
 .rodata._printf_i.str1.1
                0x08007569       0x22 D:/ST/STM32CubeIDE_1.18.1/STM32CubeIDE/plugins/com.st.stm32cube.ide.mcu.externaltools.gnu-tools-for-stm32.13.3.rel1.win32_1.0.0.202411081344/tools/bin/../lib/gcc/arm-none-eabi/13.3.1/../../../../arm-none-eabi/lib/thumb/v7-m/nofp\libc_nano.a(libc_a-nano-vfprintf_i.o)
                0x0800758c                        . = ALIGN (0x4)
 *fill*         0x08007569        0x3 

.ARM.extab      0x0800756c        0x0
                0x0800756c                        . = ALIGN (0x4)
 *(.ARM.extab* .gnu.linkonce.armextab.*)
                0x0800756c                        . = ALIGN (0x4)

.ARM            0x0800756c        0x0
                0x0800756c                        . = ALIGN (0x4)
                0x0800756c                        __exidx_start = .
 *(.ARM.exidx*)
                0x0800756c                        __exidx_end = .
                0x0800756c                        . = ALIGN (0x4)

.preinit_array  0x0800756c        0x0
                0x0800756c                        . = ALIGN (0x4)
                0x0800756c                        PROVIDE (__preinit_array_start = .)
 *(.preinit_array*)
                0x0800756c                        PROVIDE (__preinit_array_end = .)
                0x0800756c                        . = ALIGN (0x4)

.init_array     0x0800756c        0x4
                0x0800756c                        . = ALIGN (0x4)
                0x0800756c                        PROVIDE (__init_array_start = .)
 *(SORT_BY_NAME(.init_array.*))
 *(.init_array*)
 .init_array    0x0800756c        0x4 D:/ST/STM32CubeIDE_1.18.1/STM32CubeIDE/plugins/com.st.stm32cube.ide.mcu.externaltools.gnu-tools-for-stm32.13.3.rel1.win32_1.0.0.202411081344/tools/bin/../lib/gcc/arm-none-eabi/13.3.1/thumb/v7-m/nofp/crtbegin.o
                0x08007570                        PROVIDE (__init_array_end = .)
                0x08007570                        . = ALIGN (0x4)

.fini_array     0x08007570        0x4
                0x08007570                        . = ALIGN (0x4)
                [!provide]                        PROVIDE (__fini_array_start = .)
 *(SORT_BY_NAME(.fini_array.*))
 *(.fini_array*)
 .fini_array    0x08007570        0x4 D:/ST/STM32CubeIDE_1.18.1/STM32CubeIDE/plugins/com.st.stm32cube.ide.mcu.externaltools.gnu-tools-for-stm32.13.3.rel1.win32_1.0.0.202411081344/tools/bin/../lib/gcc/arm-none-eabi/13.3.1/thumb/v7-m/nofp/crtbegin.o
                [!provide]                        PROVIDE (__fini_array_end = .)
                0x08007574                        . = ALIGN (0x4)
                0x08007574                        _sidata = LOADADDR (.data)

.rel.dyn        0x08007574        0x0
 .rel.iplt      0x08007574        0x0 D:/ST/STM32CubeIDE_1.18.1/STM32CubeIDE/plugins/com.st.stm32cube.ide.mcu.externaltools.gnu-tools-for-stm32.13.3.rel1.win32_1.0.0.202411081344/tools/bin/../lib/gcc/arm-none-eabi/13.3.1/thumb/v7-m/nofp/crtbegin.o

.data           0x20000000       0x64 load address 0x08007574
                0x20000000                        . = ALIGN (0x4)
                0x20000000                        _sdata = .
 *(.data)
 *(.data*)
 .data.Left_Button_State
                0x20000000        0x1 ./Core/Src/main.o
                0x20000000                Left_Button_State
 .data.GreenState
                0x20000001        0x1 ./Core/Src/main.o
                0x20000001                GreenState
 .data.RedState
                0x20000002        0x1 ./Core/Src/main.o
                0x20000002                RedState
 .data.BlueState
                0x20000003        0x1 ./Core/Src/main.o
                0x20000003                BlueState
 .data.SystemCoreClock
                0x20000004        0x4 ./Core/Src/system_stm32f1xx.o
                0x20000004                SystemCoreClock
 .data.uwTickPrio
                0x20000008        0x4 ./Drivers/STM32F1xx_HAL_Driver/Src/stm32f1xx_hal.o
                0x20000008                uwTickPrio
 .data.uwTickFreq
                0x2000000c        0x1 ./Drivers/STM32F1xx_HAL_Driver/Src/stm32f1xx_hal.o
                0x2000000c                uwTickFreq
 *fill*         0x2000000d        0x3 
 .data.uxCriticalNesting
                0x20000010        0x4 ./Middlewares/Third_Party/FreeRTOS/Source/portable/ARM_CM3/port.o
 .data._impure_ptr
                0x20000014        0x4 D:/ST/STM32CubeIDE_1.18.1/STM32CubeIDE/plugins/com.st.stm32cube.ide.mcu.externaltools.gnu-tools-for-stm32.13.3.rel1.win32_1.0.0.202411081344/tools/bin/../lib/gcc/arm-none-eabi/13.3.1/../../../../arm-none-eabi/lib/thumb/v7-m/nofp\libc_nano.a(libc_a-impure.o)
                0x20000014                _impure_ptr
 .data._impure_data
                0x20000018       0x4c D:/ST/STM32CubeIDE_1.18.1/STM32CubeIDE/plugins/com.st.stm32cube.ide.mcu.externaltools.gnu-tools-for-stm32.13.3.rel1.win32_1.0.0.202411081344/tools/bin/../lib/gcc/arm-none-eabi/13.3.1/../../../../arm-none-eabi/lib/thumb/v7-m/nofp\libc_nano.a(libc_a-impure.o)
                0x20000018                _impure_data
 *(.RamFunc)
 *(.RamFunc*)
                0x20000064                        . = ALIGN (0x4)
                0x20000064                        _edata = .

.igot.plt       0x20000064        0x0 load address 0x080075d8
 .igot.plt      0x20000064        0x0 D:/ST/STM32CubeIDE_1.18.1/STM32CubeIDE/plugins/com.st.stm32cube.ide.mcu.externaltools.gnu-tools-for-stm32.13.3.rel1.win32_1.0.0.202411081344/tools/bin/../lib/gcc/arm-none-eabi/13.3.1/thumb/v7-m/nofp/crtbegin.o
                0x20000064                        . = ALIGN (0x4)

.bss            0x20000064     0x48a0 load address 0x080075d8
                0x20000064                        _sbss = .
                0x20000064                        __bss_start__ = _sbss
 *(.bss)
 .bss           0x20000064       0x1c D:/ST/STM32CubeIDE_1.18.1/STM32CubeIDE/plugins/com.st.stm32cube.ide.mcu.externaltools.gnu-tools-for-stm32.13.3.rel1.win32_1.0.0.202411081344/tools/bin/../lib/gcc/arm-none-eabi/13.3.1/thumb/v7-m/nofp/crtbegin.o
 *(.bss*)
 .bss.defaultTaskHandle
                0x20000080        0x4 ./Core/Src/main.o
                0x20000080                defaultTaskHandle
 .bss.GreenTaskHandle
                0x20000084        0x4 ./Core/Src/main.o
                0x20000084                GreenTaskHandle
 .bss.BlueTaskHandle
                0x20000088        0x4 ./Core/Src/main.o
                0x20000088                BlueTaskHandle
 .bss.RedTaskHandle
                0x2000008c        0x4 ./Core/Src/main.o
                0x2000008c                RedTaskHandle
 .bss.LedMUXHandle
                0x20000090        0x4 ./Core/Src/main.o
                0x20000090                LedMUXHandle
 .bss.message_buffer
                0x20000094       0x28 ./Core/Src/main.o
                0x20000094                message_buffer
 .bss.htim4     0x200000bc       0x48 ./Core/Src/stm32f1xx_hal_timebase_tim.o
                0x200000bc                htim4
 .bss.__sbrk_heap_end
                0x20000104        0x4 ./Core/Src/sysmem.o
 .bss.uwTick    0x20000108        0x4 ./Drivers/STM32F1xx_HAL_Driver/Src/stm32f1xx_hal.o
                0x20000108                uwTick
 .bss.KernelState
                0x2000010c        0x4 ./Middlewares/Third_Party/FreeRTOS/Source/CMSIS_RTOS_V2/cmsis_os2.o
 .bss.Idle_TCB.3
                0x20000110       0x5c ./Middlewares/Third_Party/FreeRTOS/Source/CMSIS_RTOS_V2/cmsis_os2.o
 .bss.Idle_Stack.2
                0x2000016c      0x400 ./Middlewares/Third_Party/FreeRTOS/Source/CMSIS_RTOS_V2/cmsis_os2.o
 .bss.Timer_TCB.1
                0x2000056c       0x5c ./Middlewares/Third_Party/FreeRTOS/Source/CMSIS_RTOS_V2/cmsis_os2.o
 .bss.Timer_Stack.0
                0x200005c8      0x800 ./Middlewares/Third_Party/FreeRTOS/Source/CMSIS_RTOS_V2/cmsis_os2.o
 .bss.xQueueRegistry
                0x20000dc8       0x40 ./Middlewares/Third_Party/FreeRTOS/Source/queue.o
                0x20000dc8                xQueueRegistry
 .bss.pxCurrentTCB
                0x20000e08        0x4 ./Middlewares/Third_Party/FreeRTOS/Source/tasks.o
                0x20000e08                pxCurrentTCB
 .bss.pxReadyTasksLists
                0x20000e0c      0x460 ./Middlewares/Third_Party/FreeRTOS/Source/tasks.o
 .bss.xDelayedTaskList1
                0x2000126c       0x14 ./Middlewares/Third_Party/FreeRTOS/Source/tasks.o
 .bss.xDelayedTaskList2
                0x20001280       0x14 ./Middlewares/Third_Party/FreeRTOS/Source/tasks.o
 .bss.pxDelayedTaskList
                0x20001294        0x4 ./Middlewares/Third_Party/FreeRTOS/Source/tasks.o
 .bss.pxOverflowDelayedTaskList
                0x20001298        0x4 ./Middlewares/Third_Party/FreeRTOS/Source/tasks.o
 .bss.xPendingReadyList
                0x2000129c       0x14 ./Middlewares/Third_Party/FreeRTOS/Source/tasks.o
 .bss.xTasksWaitingTermination
                0x200012b0       0x14 ./Middlewares/Third_Party/FreeRTOS/Source/tasks.o
 .bss.uxDeletedTasksWaitingCleanUp
                0x200012c4        0x4 ./Middlewares/Third_Party/FreeRTOS/Source/tasks.o
 .bss.xSuspendedTaskList
                0x200012c8       0x14 ./Middlewares/Third_Party/FreeRTOS/Source/tasks.o
 .bss.uxCurrentNumberOfTasks
                0x200012dc        0x4 ./Middlewares/Third_Party/FreeRTOS/Source/tasks.o
 .bss.xTickCount
                0x200012e0        0x4 ./Middlewares/Third_Party/FreeRTOS/Source/tasks.o
 .bss.uxTopReadyPriority
                0x200012e4        0x4 ./Middlewares/Third_Party/FreeRTOS/Source/tasks.o
 .bss.xSchedulerRunning
                0x200012e8        0x4 ./Middlewares/Third_Party/FreeRTOS/Source/tasks.o
 .bss.xPendedTicks
                0x200012ec        0x4 ./Middlewares/Third_Party/FreeRTOS/Source/tasks.o
 .bss.xYieldPendings
                0x200012f0        0x4 ./Middlewares/Third_Party/FreeRTOS/Source/tasks.o
 .bss.xNumOfOverflows
                0x200012f4        0x4 ./Middlewares/Third_Party/FreeRTOS/Source/tasks.o
 .bss.uxTaskNumber
                0x200012f8        0x4 ./Middlewares/Third_Party/FreeRTOS/Source/tasks.o
 .bss.xNextTaskUnblockTime
                0x200012fc        0x4 ./Middlewares/Third_Party/FreeRTOS/Source/tasks.o
 .bss.xIdleTaskHandles
                0x20001300        0x4 ./Middlewares/Third_Party/FreeRTOS/Source/tasks.o
 .bss.uxSchedulerSuspended
                0x20001304        0x4 ./Middlewares/Third_Party/FreeRTOS/Source/tasks.o
 .bss.xActiveTimerList1
                0x20001308       0x14 ./Middlewares/Third_Party/FreeRTOS/Source/timers.o
 .bss.xActiveTimerList2
                0x2000131c       0x14 ./Middlewares/Third_Party/FreeRTOS/Source/timers.o
 .bss.pxCurrentTimerList
                0x20001330        0x4 ./Middlewares/Third_Party/FreeRTOS/Source/timers.o
 .bss.pxOverflowTimerList
                0x20001334        0x4 ./Middlewares/Third_Party/FreeRTOS/Source/timers.o
 .bss.xTimerQueue
                0x20001338        0x4 ./Middlewares/Third_Party/FreeRTOS/Source/timers.o
 .bss.xTimerTaskHandle
                0x2000133c        0x4 ./Middlewares/Third_Party/FreeRTOS/Source/timers.o
 .bss.xLastTime.2
                0x20001340        0x4 ./Middlewares/Third_Party/FreeRTOS/Source/timers.o
 .bss.ucStaticTimerQueueStorage.1
                0x20001344       0xa0 ./Middlewares/Third_Party/FreeRTOS/Source/timers.o
 .bss.xStaticTimerQueue.0
                0x200013e4       0x50 ./Middlewares/Third_Party/FreeRTOS/Source/timers.o
 .bss.ucMaxSysCallPriority
                0x20001434        0x1 ./Middlewares/Third_Party/FreeRTOS/Source/portable/ARM_CM3/port.o
 *fill*         0x20001435        0x3 
 .bss.ulMaxPRIGROUPValue
                0x20001438        0x4 ./Middlewares/Third_Party/FreeRTOS/Source/portable/ARM_CM3/port.o
 .bss.ucHeap    0x2000143c     0x2710 ./Middlewares/Third_Party/FreeRTOS/Source/portable/MemMang/heap_4.o
 .bss.xStart    0x20003b4c        0x8 ./Middlewares/Third_Party/FreeRTOS/Source/portable/MemMang/heap_4.o
 .bss.pxEnd     0x20003b54        0x4 ./Middlewares/Third_Party/FreeRTOS/Source/portable/MemMang/heap_4.o
 .bss.xFreeBytesRemaining
                0x20003b58        0x4 ./Middlewares/Third_Party/FreeRTOS/Source/portable/MemMang/heap_4.o
 .bss.xMinimumEverFreeBytesRemaining
                0x20003b5c        0x4 ./Middlewares/Third_Party/FreeRTOS/Source/portable/MemMang/heap_4.o
 .bss.xNumberOfSuccessfulAllocations
                0x20003b60        0x4 ./Middlewares/Third_Party/FreeRTOS/Source/portable/MemMang/heap_4.o
 .bss.xNumberOfSuccessfulFrees
                0x20003b64        0x4 ./Middlewares/Third_Party/FreeRTOS/Source/portable/MemMang/heap_4.o
 .bss._aTasks   0x20003b68       0xa0 ./Middlewares/Third_Party/SystemView/FreeRTOSV11/SEGGER_SYSVIEW_FreeRTOS.o
 .bss._NumTasks
                0x20003c08        0x4 ./Middlewares/Third_Party/SystemView/FreeRTOSV11/SEGGER_SYSVIEW_FreeRTOS.o
 .bss._SEGGER_RTT
                0x20003c0c       0xa8 ./Middlewares/Third_Party/SystemView/SEGGER/SEGGER_RTT.o
                0x20003c0c                _SEGGER_RTT
 .bss._acUpBuffer
                0x20003cb4      0x400 ./Middlewares/Third_Party/SystemView/SEGGER/SEGGER_RTT.o
 .bss._acDownBuffer
                0x200040b4       0x10 ./Middlewares/Third_Party/SystemView/SEGGER/SEGGER_RTT.o
 .bss._UpBuffer
                0x200040c4      0x5dc ./Middlewares/Third_Party/SystemView/SEGGER/SEGGER_SYSVIEW.o
 .bss._DownBuffer
                0x200046a0        0x8 ./Middlewares/Third_Party/SystemView/SEGGER/SEGGER_SYSVIEW.o
 .bss._SYSVIEW_Globals
                0x200046a8       0x28 ./Middlewares/Third_Party/SystemView/SEGGER/SEGGER_SYSVIEW.o
 .bss._pFirstModule
                0x200046d0        0x4 ./Middlewares/Third_Party/SystemView/SEGGER/SEGGER_SYSVIEW.o
 .bss._NumModules
                0x200046d4        0x1 ./Middlewares/Third_Party/SystemView/SEGGER/SEGGER_SYSVIEW.o
 *fill*         0x200046d5        0x3 
 .bss._aPacket  0x200046d8       0xe3 ./Middlewares/Third_Party/SystemView/SEGGER/SEGGER_SYSVIEW.o
 *fill*         0x200047bb        0x1 
 .bss.__sf      0x200047bc      0x138 D:/ST/STM32CubeIDE_1.18.1/STM32CubeIDE/plugins/com.st.stm32cube.ide.mcu.externaltools.gnu-tools-for-stm32.13.3.rel1.win32_1.0.0.202411081344/tools/bin/../lib/gcc/arm-none-eabi/13.3.1/../../../../arm-none-eabi/lib/thumb/v7-m/nofp\libc_nano.a(libc_a-findfp.o)
                0x200047bc                __sf
 .bss.errno     0x200048f4        0x4 D:/ST/STM32CubeIDE_1.18.1/STM32CubeIDE/plugins/com.st.stm32cube.ide.mcu.externaltools.gnu-tools-for-stm32.13.3.rel1.win32_1.0.0.202411081344/tools/bin/../lib/gcc/arm-none-eabi/13.3.1/../../../../arm-none-eabi/lib/thumb/v7-m/nofp\libc_nano.a(libc_a-reent.o)
                0x200048f4                errno
 .bss.__lock___malloc_recursive_mutex
                0x200048f8        0x1 D:/ST/STM32CubeIDE_1.18.1/STM32CubeIDE/plugins/com.st.stm32cube.ide.mcu.externaltools.gnu-tools-for-stm32.13.3.rel1.win32_1.0.0.202411081344/tools/bin/../lib/gcc/arm-none-eabi/13.3.1/../../../../arm-none-eabi/lib/thumb/v7-m/nofp\libc_nano.a(libc_a-lock.o)
                0x200048f8                __lock___malloc_recursive_mutex
 *fill*         0x200048f9        0x3 
 .bss.__malloc_sbrk_start
                0x200048fc        0x4 D:/ST/STM32CubeIDE_1.18.1/STM32CubeIDE/plugins/com.st.stm32cube.ide.mcu.externaltools.gnu-tools-for-stm32.13.3.rel1.win32_1.0.0.202411081344/tools/bin/../lib/gcc/arm-none-eabi/13.3.1/../../../../arm-none-eabi/lib/thumb/v7-m/nofp\libc_nano.a(libc_a-mallocr.o)
                0x200048fc                __malloc_sbrk_start
 .bss.__malloc_free_list
                0x20004900        0x4 D:/ST/STM32CubeIDE_1.18.1/STM32CubeIDE/plugins/com.st.stm32cube.ide.mcu.externaltools.gnu-tools-for-stm32.13.3.rel1.win32_1.0.0.202411081344/tools/bin/../lib/gcc/arm-none-eabi/13.3.1/../../../../arm-none-eabi/lib/thumb/v7-m/nofp\libc_nano.a(libc_a-mallocr.o)
                0x20004900                __malloc_free_list
 *(COMMON)
                0x20004904                        . = ALIGN (0x4)
                0x20004904                        _ebss = .
                0x20004904                        __bss_end__ = _ebss

._user_heap_stack
                0x20004904      0x604 load address 0x080075d8
                0x20004908                        . = ALIGN (0x8)
 *fill*         0x20004904        0x4 
                [!provide]                        PROVIDE (end = .)
                0x20004908                        PROVIDE (_end = .)
                0x20004b08                        . = (. + _Min_Heap_Size)
 *fill*         0x20004908      0x200 
                0x20004f08                        . = (. + _Min_Stack_Size)
 *fill*         0x20004b08      0x400 
                0x20004f08                        . = ALIGN (0x8)

/DISCARD/
 libc.a(*)
 libm.a(*)
 libgcc.a(*)

.ARM.attributes
                0x00000000       0x29
 *(.ARM.attributes)
 .ARM.attributes
                0x00000000       0x1d D:/ST/STM32CubeIDE_1.18.1/STM32CubeIDE/plugins/com.st.stm32cube.ide.mcu.externaltools.gnu-tools-for-stm32.13.3.rel1.win32_1.0.0.202411081344/tools/bin/../lib/gcc/arm-none-eabi/13.3.1/thumb/v7-m/nofp/crti.o
 .ARM.attributes
                0x0000001d       0x2d D:/ST/STM32CubeIDE_1.18.1/STM32CubeIDE/plugins/com.st.stm32cube.ide.mcu.externaltools.gnu-tools-for-stm32.13.3.rel1.win32_1.0.0.202411081344/tools/bin/../lib/gcc/arm-none-eabi/13.3.1/thumb/v7-m/nofp/crtbegin.o
 .ARM.attributes
                0x0000004a       0x2d ./Core/Src/LEDS.o
 .ARM.attributes
                0x00000077       0x2d ./Core/Src/main.o
 .ARM.attributes
                0x000000a4       0x2d ./Core/Src/stm32f1xx_hal_msp.o
 .ARM.attributes
                0x000000d1       0x2d ./Core/Src/stm32f1xx_hal_timebase_tim.o
 .ARM.attributes
                0x000000fe       0x2d ./Core/Src/stm32f1xx_it.o
 .ARM.attributes
                0x0000012b       0x2d ./Core/Src/sysmem.o
 .ARM.attributes
                0x00000158       0x2d ./Core/Src/system_stm32f1xx.o
 .ARM.attributes
                0x00000185       0x21 ./Core/Startup/startup_stm32f103rbtx.o
 .ARM.attributes
                0x000001a6       0x2d ./Drivers/STM32F1xx_HAL_Driver/Src/stm32f1xx_hal.o
 .ARM.attributes
                0x000001d3       0x2d ./Drivers/STM32F1xx_HAL_Driver/Src/stm32f1xx_hal_cortex.o
 .ARM.attributes
                0x00000200       0x2d ./Drivers/STM32F1xx_HAL_Driver/Src/stm32f1xx_hal_gpio.o
 .ARM.attributes
                0x0000022d       0x2d ./Drivers/STM32F1xx_HAL_Driver/Src/stm32f1xx_hal_rcc.o
 .ARM.attributes
                0x0000025a       0x2d ./Drivers/STM32F1xx_HAL_Driver/Src/stm32f1xx_hal_tim.o
 .ARM.attributes
                0x00000287       0x2d ./Drivers/STM32F1xx_HAL_Driver/Src/stm32f1xx_hal_tim_ex.o
 .ARM.attributes
                0x000002b4       0x2d ./Middlewares/Third_Party/FreeRTOS/Source/CMSIS_RTOS_V2/cmsis_os2.o
 .ARM.attributes
                0x000002e1       0x2d ./Middlewares/Third_Party/FreeRTOS/Source/list.o
 .ARM.attributes
                0x0000030e       0x2d ./Middlewares/Third_Party/FreeRTOS/Source/queue.o
 .ARM.attributes
                0x0000033b       0x2d ./Middlewares/Third_Party/FreeRTOS/Source/tasks.o
 .ARM.attributes
                0x00000368       0x2d ./Middlewares/Third_Party/FreeRTOS/Source/timers.o
 .ARM.attributes
                0x00000395       0x2d ./Middlewares/Third_Party/FreeRTOS/Source/portable/ARM_CM3/port.o
 .ARM.attributes
                0x000003c2       0x2d ./Middlewares/Third_Party/FreeRTOS/Source/portable/MemMang/heap_4.o
 .ARM.attributes
                0x000003ef       0x2d ./Middlewares/Third_Party/SystemView/FreeRTOSV11/Config/Cortex-M/SEGGER_SYSVIEW_Config_FreeRTOS.o
 .ARM.attributes
                0x0000041c       0x2d ./Middlewares/Third_Party/SystemView/FreeRTOSV11/SEGGER_SYSVIEW_FreeRTOS.o
 .ARM.attributes
                0x00000449       0x2d ./Middlewares/Third_Party/SystemView/SEGGER/SEGGER_RTT.o
 .ARM.attributes
                0x00000476       0x1b ./Middlewares/Third_Party/SystemView/SEGGER/SEGGER_RTT_ASM_ARMv7M.o
 .ARM.attributes
                0x00000491       0x2d ./Middlewares/Third_Party/SystemView/SEGGER/SEGGER_SYSVIEW.o
 .ARM.attributes
                0x000004be       0x2d D:/ST/STM32CubeIDE_1.18.1/STM32CubeIDE/plugins/com.st.stm32cube.ide.mcu.externaltools.gnu-tools-for-stm32.13.3.rel1.win32_1.0.0.202411081344/tools/bin/../lib/gcc/arm-none-eabi/13.3.1/../../../../arm-none-eabi/lib/thumb/v7-m/nofp\libc_nano.a(libc_a-findfp.o)
 .ARM.attributes
                0x000004eb       0x2d D:/ST/STM32CubeIDE_1.18.1/STM32CubeIDE/plugins/com.st.stm32cube.ide.mcu.externaltools.gnu-tools-for-stm32.13.3.rel1.win32_1.0.0.202411081344/tools/bin/../lib/gcc/arm-none-eabi/13.3.1/../../../../arm-none-eabi/lib/thumb/v7-m/nofp\libc_nano.a(libc_a-sprintf.o)
 .ARM.attributes
                0x00000518       0x2d D:/ST/STM32CubeIDE_1.18.1/STM32CubeIDE/plugins/com.st.stm32cube.ide.mcu.externaltools.gnu-tools-for-stm32.13.3.rel1.win32_1.0.0.202411081344/tools/bin/../lib/gcc/arm-none-eabi/13.3.1/../../../../arm-none-eabi/lib/thumb/v7-m/nofp\libc_nano.a(libc_a-memcmp.o)
 .ARM.attributes
                0x00000545       0x2d D:/ST/STM32CubeIDE_1.18.1/STM32CubeIDE/plugins/com.st.stm32cube.ide.mcu.externaltools.gnu-tools-for-stm32.13.3.rel1.win32_1.0.0.202411081344/tools/bin/../lib/gcc/arm-none-eabi/13.3.1/../../../../arm-none-eabi/lib/thumb/v7-m/nofp\libc_nano.a(libc_a-memset.o)
 .ARM.attributes
                0x00000572       0x2d D:/ST/STM32CubeIDE_1.18.1/STM32CubeIDE/plugins/com.st.stm32cube.ide.mcu.externaltools.gnu-tools-for-stm32.13.3.rel1.win32_1.0.0.202411081344/tools/bin/../lib/gcc/arm-none-eabi/13.3.1/../../../../arm-none-eabi/lib/thumb/v7-m/nofp\libc_nano.a(libc_a-reent.o)
 .ARM.attributes
                0x0000059f       0x2d D:/ST/STM32CubeIDE_1.18.1/STM32CubeIDE/plugins/com.st.stm32cube.ide.mcu.externaltools.gnu-tools-for-stm32.13.3.rel1.win32_1.0.0.202411081344/tools/bin/../lib/gcc/arm-none-eabi/13.3.1/../../../../arm-none-eabi/lib/thumb/v7-m/nofp\libc_nano.a(libc_a-impure.o)
 .ARM.attributes
                0x000005cc       0x2d D:/ST/STM32CubeIDE_1.18.1/STM32CubeIDE/plugins/com.st.stm32cube.ide.mcu.externaltools.gnu-tools-for-stm32.13.3.rel1.win32_1.0.0.202411081344/tools/bin/../lib/gcc/arm-none-eabi/13.3.1/../../../../arm-none-eabi/lib/thumb/v7-m/nofp\libc_nano.a(libc_a-errno.o)
 .ARM.attributes
                0x000005f9       0x2d D:/ST/STM32CubeIDE_1.18.1/STM32CubeIDE/plugins/com.st.stm32cube.ide.mcu.externaltools.gnu-tools-for-stm32.13.3.rel1.win32_1.0.0.202411081344/tools/bin/../lib/gcc/arm-none-eabi/13.3.1/../../../../arm-none-eabi/lib/thumb/v7-m/nofp\libc_nano.a(libc_a-init.o)
 .ARM.attributes
                0x00000626       0x2d D:/ST/STM32CubeIDE_1.18.1/STM32CubeIDE/plugins/com.st.stm32cube.ide.mcu.externaltools.gnu-tools-for-stm32.13.3.rel1.win32_1.0.0.202411081344/tools/bin/../lib/gcc/arm-none-eabi/13.3.1/../../../../arm-none-eabi/lib/thumb/v7-m/nofp\libc_nano.a(libc_a-lock.o)
 .ARM.attributes
                0x00000653       0x2d D:/ST/STM32CubeIDE_1.18.1/STM32CubeIDE/plugins/com.st.stm32cube.ide.mcu.externaltools.gnu-tools-for-stm32.13.3.rel1.win32_1.0.0.202411081344/tools/bin/../lib/gcc/arm-none-eabi/13.3.1/../../../../arm-none-eabi/lib/thumb/v7-m/nofp\libc_nano.a(libc_a-memcpy-stub.o)
 .ARM.attributes
                0x00000680       0x2d D:/ST/STM32CubeIDE_1.18.1/STM32CubeIDE/plugins/com.st.stm32cube.ide.mcu.externaltools.gnu-tools-for-stm32.13.3.rel1.win32_1.0.0.202411081344/tools/bin/../lib/gcc/arm-none-eabi/13.3.1/../../../../arm-none-eabi/lib/thumb/v7-m/nofp\libc_nano.a(libc_a-freer.o)
 .ARM.attributes
                0x000006ad       0x2d D:/ST/STM32CubeIDE_1.18.1/STM32CubeIDE/plugins/com.st.stm32cube.ide.mcu.externaltools.gnu-tools-for-stm32.13.3.rel1.win32_1.0.0.202411081344/tools/bin/../lib/gcc/arm-none-eabi/13.3.1/../../../../arm-none-eabi/lib/thumb/v7-m/nofp\libc_nano.a(libc_a-mallocr.o)
 .ARM.attributes
                0x000006da       0x2d D:/ST/STM32CubeIDE_1.18.1/STM32CubeIDE/plugins/com.st.stm32cube.ide.mcu.externaltools.gnu-tools-for-stm32.13.3.rel1.win32_1.0.0.202411081344/tools/bin/../lib/gcc/arm-none-eabi/13.3.1/../../../../arm-none-eabi/lib/thumb/v7-m/nofp\libc_nano.a(libc_a-mlock.o)
 .ARM.attributes
                0x00000707       0x2d D:/ST/STM32CubeIDE_1.18.1/STM32CubeIDE/plugins/com.st.stm32cube.ide.mcu.externaltools.gnu-tools-for-stm32.13.3.rel1.win32_1.0.0.202411081344/tools/bin/../lib/gcc/arm-none-eabi/13.3.1/../../../../arm-none-eabi/lib/thumb/v7-m/nofp\libc_nano.a(libc_a-nano-svfprintf.o)
 .ARM.attributes
                0x00000734       0x2d D:/ST/STM32CubeIDE_1.18.1/STM32CubeIDE/plugins/com.st.stm32cube.ide.mcu.externaltools.gnu-tools-for-stm32.13.3.rel1.win32_1.0.0.202411081344/tools/bin/../lib/gcc/arm-none-eabi/13.3.1/../../../../arm-none-eabi/lib/thumb/v7-m/nofp\libc_nano.a(libc_a-nano-vfprintf_i.o)
 .ARM.attributes
                0x00000761       0x2d D:/ST/STM32CubeIDE_1.18.1/STM32CubeIDE/plugins/com.st.stm32cube.ide.mcu.externaltools.gnu-tools-for-stm32.13.3.rel1.win32_1.0.0.202411081344/tools/bin/../lib/gcc/arm-none-eabi/13.3.1/../../../../arm-none-eabi/lib/thumb/v7-m/nofp\libc_nano.a(libc_a-memmove.o)
 .ARM.attributes
                0x0000078e       0x2d D:/ST/STM32CubeIDE_1.18.1/STM32CubeIDE/plugins/com.st.stm32cube.ide.mcu.externaltools.gnu-tools-for-stm32.13.3.rel1.win32_1.0.0.202411081344/tools/bin/../lib/gcc/arm-none-eabi/13.3.1/../../../../arm-none-eabi/lib/thumb/v7-m/nofp\libc_nano.a(libc_a-sbrkr.o)
 .ARM.attributes
                0x000007bb       0x2d D:/ST/STM32CubeIDE_1.18.1/STM32CubeIDE/plugins/com.st.stm32cube.ide.mcu.externaltools.gnu-tools-for-stm32.13.3.rel1.win32_1.0.0.202411081344/tools/bin/../lib/gcc/arm-none-eabi/13.3.1/../../../../arm-none-eabi/lib/thumb/v7-m/nofp\libc_nano.a(libc_a-memchr-stub.o)
 .ARM.attributes
                0x000007e8       0x2d D:/ST/STM32CubeIDE_1.18.1/STM32CubeIDE/plugins/com.st.stm32cube.ide.mcu.externaltools.gnu-tools-for-stm32.13.3.rel1.win32_1.0.0.202411081344/tools/bin/../lib/gcc/arm-none-eabi/13.3.1/../../../../arm-none-eabi/lib/thumb/v7-m/nofp\libc_nano.a(libc_a-reallocr.o)
 .ARM.attributes
                0x00000815       0x2d D:/ST/STM32CubeIDE_1.18.1/STM32CubeIDE/plugins/com.st.stm32cube.ide.mcu.externaltools.gnu-tools-for-stm32.13.3.rel1.win32_1.0.0.202411081344/tools/bin/../lib/gcc/arm-none-eabi/13.3.1/../../../../arm-none-eabi/lib/thumb/v7-m/nofp\libc_nano.a(libc_a-msizer.o)
 .ARM.attributes
                0x00000842       0x1d D:/ST/STM32CubeIDE_1.18.1/STM32CubeIDE/plugins/com.st.stm32cube.ide.mcu.externaltools.gnu-tools-for-stm32.13.3.rel1.win32_1.0.0.202411081344/tools/bin/../lib/gcc/arm-none-eabi/13.3.1/thumb/v7-m/nofp/crtn.o
OUTPUT(STM32F103-FreeRTOS-SEGGERJLINK.elf elf32-littlearm)
LOAD linker stubs
LOAD D:/ST/STM32CubeIDE_1.18.1/STM32CubeIDE/plugins/com.st.stm32cube.ide.mcu.externaltools.gnu-tools-for-stm32.13.3.rel1.win32_1.0.0.202411081344/tools/bin/../lib/gcc/arm-none-eabi/13.3.1/../../../../arm-none-eabi/lib/thumb/v7-m/nofp\libc.a
LOAD D:/ST/STM32CubeIDE_1.18.1/STM32CubeIDE/plugins/com.st.stm32cube.ide.mcu.externaltools.gnu-tools-for-stm32.13.3.rel1.win32_1.0.0.202411081344/tools/bin/../lib/gcc/arm-none-eabi/13.3.1/../../../../arm-none-eabi/lib/thumb/v7-m/nofp\libm.a
LOAD D:/ST/STM32CubeIDE_1.18.1/STM32CubeIDE/plugins/com.st.stm32cube.ide.mcu.externaltools.gnu-tools-for-stm32.13.3.rel1.win32_1.0.0.202411081344/tools/bin/../lib/gcc/arm-none-eabi/13.3.1/thumb/v7-m/nofp\libgcc.a

.debug_info     0x00000000    0x19177
 .debug_info    0x00000000      0x24c ./Core/Src/LEDS.o
 .debug_info    0x0000024c     0x1427 ./Core/Src/main.o
 .debug_info    0x00001673      0x368 ./Core/Src/stm32f1xx_hal_msp.o
 .debug_info    0x000019db      0x9a8 ./Core/Src/stm32f1xx_hal_timebase_tim.o
 .debug_info    0x00002383      0x6b9 ./Core/Src/stm32f1xx_it.o
 .debug_info    0x00002a3c      0x168 ./Core/Src/sysmem.o
 .debug_info    0x00002ba4      0x222 ./Core/Src/system_stm32f1xx.o
 .debug_info    0x00002dc6       0x30 ./Core/Startup/startup_stm32f103rbtx.o
 .debug_info    0x00002df6      0x704 ./Drivers/STM32F1xx_HAL_Driver/Src/stm32f1xx_hal.o
 .debug_info    0x000034fa      0xa87 ./Drivers/STM32F1xx_HAL_Driver/Src/stm32f1xx_hal_cortex.o
 .debug_info    0x00003f81      0x5ab ./Drivers/STM32F1xx_HAL_Driver/Src/stm32f1xx_hal_gpio.o
 .debug_info    0x0000452c      0x7d5 ./Drivers/STM32F1xx_HAL_Driver/Src/stm32f1xx_hal_rcc.o
 .debug_info    0x00004d01     0x2959 ./Drivers/STM32F1xx_HAL_Driver/Src/stm32f1xx_hal_tim.o
 .debug_info    0x0000765a     0x149b ./Drivers/STM32F1xx_HAL_Driver/Src/stm32f1xx_hal_tim_ex.o
 .debug_info    0x00008af5     0x39d8 ./Middlewares/Third_Party/FreeRTOS/Source/CMSIS_RTOS_V2/cmsis_os2.o
 .debug_info    0x0000c4cd      0x2d8 ./Middlewares/Third_Party/FreeRTOS/Source/list.o
 .debug_info    0x0000c7a5     0x1d85 ./Middlewares/Third_Party/FreeRTOS/Source/queue.o
 .debug_info    0x0000e52a     0x2cc6 ./Middlewares/Third_Party/FreeRTOS/Source/tasks.o
 .debug_info    0x000111f0     0x162c ./Middlewares/Third_Party/FreeRTOS/Source/timers.o
 .debug_info    0x0001281c      0x559 ./Middlewares/Third_Party/FreeRTOS/Source/portable/ARM_CM3/port.o
 .debug_info    0x00012d75      0x5de ./Middlewares/Third_Party/FreeRTOS/Source/portable/MemMang/heap_4.o
 .debug_info    0x00013353      0x181 ./Middlewares/Third_Party/SystemView/FreeRTOSV11/Config/Cortex-M/SEGGER_SYSVIEW_Config_FreeRTOS.o
 .debug_info    0x000134d4      0x45f ./Middlewares/Third_Party/SystemView/FreeRTOSV11/SEGGER_SYSVIEW_FreeRTOS.o
 .debug_info    0x00013933     0x14d5 ./Middlewares/Third_Party/SystemView/SEGGER/SEGGER_RTT.o
 .debug_info    0x00014e08       0x25 ./Middlewares/Third_Party/SystemView/SEGGER/SEGGER_RTT_ASM_ARMv7M.o
 .debug_info    0x00014e2d     0x434a ./Middlewares/Third_Party/SystemView/SEGGER/SEGGER_SYSVIEW.o

.debug_abbrev   0x00000000     0x37af
 .debug_abbrev  0x00000000      0x141 ./Core/Src/LEDS.o
 .debug_abbrev  0x00000141      0x3ab ./Core/Src/main.o
 .debug_abbrev  0x000004ec      0x11c ./Core/Src/stm32f1xx_hal_msp.o
 .debug_abbrev  0x00000608      0x1f3 ./Core/Src/stm32f1xx_hal_timebase_tim.o
 .debug_abbrev  0x000007fb      0x193 ./Core/Src/stm32f1xx_it.o
 .debug_abbrev  0x0000098e       0xbc ./Core/Src/sysmem.o
 .debug_abbrev  0x00000a4a      0x13f ./Core/Src/system_stm32f1xx.o
 .debug_abbrev  0x00000b89       0x24 ./Core/Startup/startup_stm32f103rbtx.o
 .debug_abbrev  0x00000bad      0x201 ./Drivers/STM32F1xx_HAL_Driver/Src/stm32f1xx_hal.o
 .debug_abbrev  0x00000dae      0x2f8 ./Drivers/STM32F1xx_HAL_Driver/Src/stm32f1xx_hal_cortex.o
 .debug_abbrev  0x000010a6      0x1ca ./Drivers/STM32F1xx_HAL_Driver/Src/stm32f1xx_hal_gpio.o
 .debug_abbrev  0x00001270      0x2b3 ./Drivers/STM32F1xx_HAL_Driver/Src/stm32f1xx_hal_rcc.o
 .debug_abbrev  0x00001523      0x277 ./Drivers/STM32F1xx_HAL_Driver/Src/stm32f1xx_hal_tim.o
 .debug_abbrev  0x0000179a      0x282 ./Drivers/STM32F1xx_HAL_Driver/Src/stm32f1xx_hal_tim_ex.o
 .debug_abbrev  0x00001a1c      0x51f ./Middlewares/Third_Party/FreeRTOS/Source/CMSIS_RTOS_V2/cmsis_os2.o
 .debug_abbrev  0x00001f3b      0x10c ./Middlewares/Third_Party/FreeRTOS/Source/list.o
 .debug_abbrev  0x00002047      0x368 ./Middlewares/Third_Party/FreeRTOS/Source/queue.o
 .debug_abbrev  0x000023af      0x39c ./Middlewares/Third_Party/FreeRTOS/Source/tasks.o
 .debug_abbrev  0x0000274b      0x350 ./Middlewares/Third_Party/FreeRTOS/Source/timers.o
 .debug_abbrev  0x00002a9b      0x268 ./Middlewares/Third_Party/FreeRTOS/Source/portable/ARM_CM3/port.o
 .debug_abbrev  0x00002d03      0x25a ./Middlewares/Third_Party/FreeRTOS/Source/portable/MemMang/heap_4.o
 .debug_abbrev  0x00002f5d       0xee ./Middlewares/Third_Party/SystemView/FreeRTOSV11/Config/Cortex-M/SEGGER_SYSVIEW_Config_FreeRTOS.o
 .debug_abbrev  0x0000304b      0x1e0 ./Middlewares/Third_Party/SystemView/FreeRTOSV11/SEGGER_SYSVIEW_FreeRTOS.o
 .debug_abbrev  0x0000322b      0x230 ./Middlewares/Third_Party/SystemView/SEGGER/SEGGER_RTT.o
 .debug_abbrev  0x0000345b       0x14 ./Middlewares/Third_Party/SystemView/SEGGER/SEGGER_RTT_ASM_ARMv7M.o
 .debug_abbrev  0x0000346f      0x340 ./Middlewares/Third_Party/SystemView/SEGGER/SEGGER_SYSVIEW.o

.debug_aranges  0x00000000     0x1748
 .debug_aranges
                0x00000000       0x38 ./Core/Src/LEDS.o
 .debug_aranges
                0x00000038       0x80 ./Core/Src/main.o
 .debug_aranges
                0x000000b8       0x20 ./Core/Src/stm32f1xx_hal_msp.o
 .debug_aranges
                0x000000d8       0x30 ./Core/Src/stm32f1xx_hal_timebase_tim.o
 .debug_aranges
                0x00000108       0x60 ./Core/Src/stm32f1xx_it.o
 .debug_aranges
                0x00000168       0x20 ./Core/Src/sysmem.o
 .debug_aranges
                0x00000188       0x28 ./Core/Src/system_stm32f1xx.o
 .debug_aranges
                0x000001b0       0x28 ./Core/Startup/startup_stm32f103rbtx.o
 .debug_aranges
                0x000001d8       0xe0 ./Drivers/STM32F1xx_HAL_Driver/Src/stm32f1xx_hal.o
 .debug_aranges
                0x000002b8      0x100 ./Drivers/STM32F1xx_HAL_Driver/Src/stm32f1xx_hal_cortex.o
 .debug_aranges
                0x000003b8       0x58 ./Drivers/STM32F1xx_HAL_Driver/Src/stm32f1xx_hal_gpio.o
 .debug_aranges
                0x00000410       0x90 ./Drivers/STM32F1xx_HAL_Driver/Src/stm32f1xx_hal_rcc.o
 .debug_aranges
                0x000004a0      0x3d0 ./Drivers/STM32F1xx_HAL_Driver/Src/stm32f1xx_hal_tim.o
 .debug_aranges
                0x00000870      0x168 ./Drivers/STM32F1xx_HAL_Driver/Src/stm32f1xx_hal_tim_ex.o
 .debug_aranges
                0x000009d8      0x2b0 ./Middlewares/Third_Party/FreeRTOS/Source/CMSIS_RTOS_V2/cmsis_os2.o
 .debug_aranges
                0x00000c88       0x40 ./Middlewares/Third_Party/FreeRTOS/Source/list.o
 .debug_aranges
                0x00000cc8      0x170 ./Middlewares/Third_Party/FreeRTOS/Source/queue.o
 .debug_aranges
                0x00000e38      0x250 ./Middlewares/Third_Party/FreeRTOS/Source/tasks.o
 .debug_aranges
                0x00001088      0x118 ./Middlewares/Third_Party/FreeRTOS/Source/timers.o
 .debug_aranges
                0x000011a0       0x78 ./Middlewares/Third_Party/FreeRTOS/Source/portable/ARM_CM3/port.o
 .debug_aranges
                0x00001218       0x68 ./Middlewares/Third_Party/FreeRTOS/Source/portable/MemMang/heap_4.o
 .debug_aranges
                0x00001280       0x28 ./Middlewares/Third_Party/SystemView/FreeRTOSV11/Config/Cortex-M/SEGGER_SYSVIEW_Config_FreeRTOS.o
 .debug_aranges
                0x000012a8       0x48 ./Middlewares/Third_Party/SystemView/FreeRTOSV11/SEGGER_SYSVIEW_FreeRTOS.o
 .debug_aranges
                0x000012f0      0x138 ./Middlewares/Third_Party/SystemView/SEGGER/SEGGER_RTT.o
 .debug_aranges
                0x00001428       0x20 ./Middlewares/Third_Party/SystemView/SEGGER/SEGGER_RTT_ASM_ARMv7M.o
 .debug_aranges
                0x00001448      0x300 ./Middlewares/Third_Party/SystemView/SEGGER/SEGGER_SYSVIEW.o

.debug_rnglists
                0x00000000     0x11e7
 .debug_rnglists
                0x00000000       0x25 ./Core/Src/LEDS.o
 .debug_rnglists
                0x00000025       0x60 ./Core/Src/main.o
 .debug_rnglists
                0x00000085       0x13 ./Core/Src/stm32f1xx_hal_msp.o
 .debug_rnglists
                0x00000098       0x20 ./Core/Src/stm32f1xx_hal_timebase_tim.o
 .debug_rnglists
                0x000000b8       0x43 ./Core/Src/stm32f1xx_it.o
 .debug_rnglists
                0x000000fb       0x13 ./Core/Src/sysmem.o
 .debug_rnglists
                0x0000010e       0x1a ./Core/Src/system_stm32f1xx.o
 .debug_rnglists
                0x00000128       0x19 ./Core/Startup/startup_stm32f103rbtx.o
 .debug_rnglists
                0x00000141       0xa3 ./Drivers/STM32F1xx_HAL_Driver/Src/stm32f1xx_hal.o
 .debug_rnglists
                0x000001e4       0xbb ./Drivers/STM32F1xx_HAL_Driver/Src/stm32f1xx_hal_cortex.o
 .debug_rnglists
                0x0000029f       0x3f ./Drivers/STM32F1xx_HAL_Driver/Src/stm32f1xx_hal_gpio.o
 .debug_rnglists
                0x000002de       0x6c ./Drivers/STM32F1xx_HAL_Driver/Src/stm32f1xx_hal_rcc.o
 .debug_rnglists
                0x0000034a      0x31a ./Drivers/STM32F1xx_HAL_Driver/Src/stm32f1xx_hal_tim.o
 .debug_rnglists
                0x00000664      0x125 ./Drivers/STM32F1xx_HAL_Driver/Src/stm32f1xx_hal_tim_ex.o
 .debug_rnglists
                0x00000789      0x213 ./Middlewares/Third_Party/FreeRTOS/Source/CMSIS_RTOS_V2/cmsis_os2.o
 .debug_rnglists
                0x0000099c       0x2b ./Middlewares/Third_Party/FreeRTOS/Source/list.o
 .debug_rnglists
                0x000009c7      0x11e ./Middlewares/Third_Party/FreeRTOS/Source/queue.o
 .debug_rnglists
                0x00000ae5      0x1dc ./Middlewares/Third_Party/FreeRTOS/Source/tasks.o
 .debug_rnglists
                0x00000cc1       0xd5 ./Middlewares/Third_Party/FreeRTOS/Source/timers.o
 .debug_rnglists
                0x00000d96       0x57 ./Middlewares/Third_Party/FreeRTOS/Source/portable/ARM_CM3/port.o
 .debug_rnglists
                0x00000ded       0x4e ./Middlewares/Third_Party/FreeRTOS/Source/portable/MemMang/heap_4.o
 .debug_rnglists
                0x00000e3b       0x19 ./Middlewares/Third_Party/SystemView/FreeRTOSV11/Config/Cortex-M/SEGGER_SYSVIEW_Config_FreeRTOS.o
 .debug_rnglists
                0x00000e54       0x36 ./Middlewares/Third_Party/SystemView/FreeRTOSV11/SEGGER_SYSVIEW_FreeRTOS.o
 .debug_rnglists
                0x00000e8a       0xf5 ./Middlewares/Third_Party/SystemView/SEGGER/SEGGER_RTT.o
 .debug_rnglists
                0x00000f7f      0x268 ./Middlewares/Third_Party/SystemView/SEGGER/SEGGER_SYSVIEW.o

.debug_macro    0x00000000    0x19e7c
 .debug_macro   0x00000000      0x1b2 ./Core/Src/LEDS.o
 .debug_macro   0x000001b2      0xacc ./Core/Src/LEDS.o
 .debug_macro   0x00000c7e      0x215 ./Core/Src/LEDS.o
 .debug_macro   0x00000e93       0x2e ./Core/Src/LEDS.o
 .debug_macro   0x00000ec1       0x22 ./Core/Src/LEDS.o
 .debug_macro   0x00000ee3       0x22 ./Core/Src/LEDS.o
 .debug_macro   0x00000f05       0x8e ./Core/Src/LEDS.o
 .debug_macro   0x00000f93       0x51 ./Core/Src/LEDS.o
 .debug_macro   0x00000fe4      0x103 ./Core/Src/LEDS.o
 .debug_macro   0x000010e7       0x6a ./Core/Src/LEDS.o
 .debug_macro   0x00001151      0x1df ./Core/Src/LEDS.o
 .debug_macro   0x00001330       0x1c ./Core/Src/LEDS.o
 .debug_macro   0x0000134c       0x22 ./Core/Src/LEDS.o
 .debug_macro   0x0000136e       0xbd ./Core/Src/LEDS.o
 .debug_macro   0x0000142b      0xd23 ./Core/Src/LEDS.o
 .debug_macro   0x0000214e     0xe09e ./Core/Src/LEDS.o
 .debug_macro   0x000101ec       0x6d ./Core/Src/LEDS.o
 .debug_macro   0x00010259     0x34a2 ./Core/Src/LEDS.o
 .debug_macro   0x000136fb      0x190 ./Core/Src/LEDS.o
 .debug_macro   0x0001388b       0x5c ./Core/Src/LEDS.o
 .debug_macro   0x000138e7      0x5bc ./Core/Src/LEDS.o
 .debug_macro   0x00013ea3      0x289 ./Core/Src/LEDS.o
 .debug_macro   0x0001412c      0x1cb ./Core/Src/LEDS.o
 .debug_macro   0x000142f7      0x114 ./Core/Src/LEDS.o
 .debug_macro   0x0001440b      0x1b2 ./Core/Src/LEDS.o
 .debug_macro   0x000145bd       0x27 ./Core/Src/LEDS.o
 .debug_macro   0x000145e4      0x136 ./Core/Src/LEDS.o
 .debug_macro   0x0001471a      0x1bc ./Core/Src/LEDS.o
 .debug_macro   0x000148d6       0x34 ./Core/Src/LEDS.o
 .debug_macro   0x0001490a       0x3c ./Core/Src/LEDS.o
 .debug_macro   0x00014946       0x57 ./Core/Src/LEDS.o
 .debug_macro   0x0001499d       0x87 ./Core/Src/LEDS.o
 .debug_macro   0x00014a24      0x240 ./Core/Src/LEDS.o
 .debug_macro   0x00014c64      0x140 ./Core/Src/LEDS.o
 .debug_macro   0x00014da4      0x8ed ./Core/Src/LEDS.o
 .debug_macro   0x00015691       0x83 ./Core/Src/LEDS.o
 .debug_macro   0x00015714       0x88 ./Core/Src/LEDS.o
 .debug_macro   0x0001579c      0x380 ./Core/Src/main.o
 .debug_macro   0x00015b1c      0x136 ./Core/Src/main.o
 .debug_macro   0x00015c52       0x66 ./Core/Src/main.o
 .debug_macro   0x00015cb8       0x74 ./Core/Src/main.o
 .debug_macro   0x00015d2c       0xdd ./Core/Src/main.o
 .debug_macro   0x00015e09       0x61 ./Core/Src/main.o
 .debug_macro   0x00015e6a       0x24 ./Core/Src/main.o
 .debug_macro   0x00015e8e       0x43 ./Core/Src/main.o
 .debug_macro   0x00015ed1       0x34 ./Core/Src/main.o
 .debug_macro   0x00015f05       0x16 ./Core/Src/main.o