Archive member included to satisfy reference by file (symbol)

D:/ST/STM32CubeIDE_1.18.1/STM32CubeIDE/plugins/com.st.stm32cube.ide.mcu.externaltools.gnu-tools-for-stm32.13.3.rel1.win32_1.0.0.202411081344/tools/bin/../lib/gcc/arm-none-eabi/13.3.1/../../../../arm-none-eabi/lib/thumb/v7-m/nofp\libc_nano.a(libc_a-exit.o)
                              D:/ST/STM32CubeIDE_1.18.1/STM32CubeIDE/plugins/com.st.stm32cube.ide.mcu.externaltools.gnu-tools-for-stm32.13.3.rel1.win32_1.0.0.202411081344/tools/bin/../lib/gcc/arm-none-eabi/13.3.1/../../../../arm-none-eabi/lib/thumb/v7-m/nofp/crt0.o (exit)
D:/ST/STM32CubeIDE_1.18.1/STM32CubeIDE/plugins/com.st.stm32cube.ide.mcu.externaltools.gnu-tools-for-stm32.13.3.rel1.win32_1.0.0.202411081344/tools/bin/../lib/gcc/arm-none-eabi/13.3.1/../../../../arm-none-eabi/lib/thumb/v7-m/nofp\libc_nano.a(libc_a-findfp.o)
                              D:/ST/STM32CubeIDE_1.18.1/STM32CubeIDE/plugins/com.st.stm32cube.ide.mcu.externaltools.gnu-tools-for-stm32.13.3.rel1.win32_1.0.0.202411081344/tools/bin/../lib/gcc/arm-none-eabi/13.3.1/../../../../arm-none-eabi/lib/thumb/v7-m/nofp\libc_nano.a(libc_a-exit.o) (__stdio_exit_handler)
D:/ST/STM32CubeIDE_1.18.1/STM32CubeIDE/plugins/com.st.stm32cube.ide.mcu.externaltools.gnu-tools-for-stm32.13.3.rel1.win32_1.0.0.202411081344/tools/bin/../lib/gcc/arm-none-eabi/13.3.1/../../../../arm-none-eabi/lib/thumb/v7-m/nofp\libc_nano.a(libc_a-fwalk.o)
                              D:/ST/STM32CubeIDE_1.18.1/STM32CubeIDE/plugins/com.st.stm32cube.ide.mcu.externaltools.gnu-tools-for-stm32.13.3.rel1.win32_1.0.0.202411081344/tools/bin/../lib/gcc/arm-none-eabi/13.3.1/../../../../arm-none-eabi/lib/thumb/v7-m/nofp\libc_nano.a(libc_a-findfp.o) (_fwalk_sglue)
D:/ST/STM32CubeIDE_1.18.1/STM32CubeIDE/plugins/com.st.stm32cube.ide.mcu.externaltools.gnu-tools-for-stm32.13.3.rel1.win32_1.0.0.202411081344/tools/bin/../lib/gcc/arm-none-eabi/13.3.1/../../../../arm-none-eabi/lib/thumb/v7-m/nofp\libc_nano.a(libc_a-sprintf.o)
                              ./Core/Src/main.o (sprintf)
D:/ST/STM32CubeIDE_1.18.1/STM32CubeIDE/plugins/com.st.stm32cube.ide.mcu.externaltools.gnu-tools-for-stm32.13.3.rel1.win32_1.0.0.202411081344/tools/bin/../lib/gcc/arm-none-eabi/13.3.1/../../../../arm-none-eabi/lib/thumb/v7-m/nofp\libc_nano.a(libc_a-stdio.o)
                              D:/ST/STM32CubeIDE_1.18.1/STM32CubeIDE/plugins/com.st.stm32cube.ide.mcu.externaltools.gnu-tools-for-stm32.13.3.rel1.win32_1.0.0.202411081344/tools/bin/../lib/gcc/arm-none-eabi/13.3.1/../../../../arm-none-eabi/lib/thumb/v7-m/nofp\libc_nano.a(libc_a-findfp.o) (__sread)
D:/ST/STM32CubeIDE_1.18.1/STM32CubeIDE/plugins/com.st.stm32cube.ide.mcu.externaltools.gnu-tools-for-stm32.13.3.rel1.win32_1.0.0.202411081344/tools/bin/../lib/gcc/arm-none-eabi/13.3.1/../../../../arm-none-eabi/lib/thumb/v7-m/nofp\libc_nano.a(libc_a-memcmp.o)
                              ./Middlewares/Third_Party/FreeRTOS/Source/tasks.o (memcmp)
D:/ST/STM32CubeIDE_1.18.1/STM32CubeIDE/plugins/com.st.stm32cube.ide.mcu.externaltools.gnu-tools-for-stm32.13.3.rel1.win32_1.0.0.202411081344/tools/bin/../lib/gcc/arm-none-eabi/13.3.1/../../../../arm-none-eabi/lib/thumb/v7-m/nofp\libc_nano.a(libc_a-memset.o)
                              D:/ST/STM32CubeIDE_1.18.1/STM32CubeIDE/plugins/com.st.stm32cube.ide.mcu.externaltools.gnu-tools-for-stm32.13.3.rel1.win32_1.0.0.202411081344/tools/bin/../lib/gcc/arm-none-eabi/13.3.1/../../../../arm-none-eabi/lib/thumb/v7-m/nofp/crt0.o (memset)
D:/ST/STM32CubeIDE_1.18.1/STM32CubeIDE/plugins/com.st.stm32cube.ide.mcu.externaltools.gnu-tools-for-stm32.13.3.rel1.win32_1.0.0.202411081344/tools/bin/../lib/gcc/arm-none-eabi/13.3.1/../../../../arm-none-eabi/lib/thumb/v7-m/nofp\libc_nano.a(libc_a-closer.o)
                              D:/ST/STM32CubeIDE_1.18.1/STM32CubeIDE/plugins/com.st.stm32cube.ide.mcu.externaltools.gnu-tools-for-stm32.13.3.rel1.win32_1.0.0.202411081344/tools/bin/../lib/gcc/arm-none-eabi/13.3.1/../../../../arm-none-eabi/lib/thumb/v7-m/nofp\libc_nano.a(libc_a-stdio.o) (_close_r)
D:/ST/STM32CubeIDE_1.18.1/STM32CubeIDE/plugins/com.st.stm32cube.ide.mcu.externaltools.gnu-tools-for-stm32.13.3.rel1.win32_1.0.0.202411081344/tools/bin/../lib/gcc/arm-none-eabi/13.3.1/../../../../arm-none-eabi/lib/thumb/v7-m/nofp\libc_nano.a(libc_a-reent.o)
                              D:/ST/STM32CubeIDE_1.18.1/STM32CubeIDE/plugins/com.st.stm32cube.ide.mcu.externaltools.gnu-tools-for-stm32.13.3.rel1.win32_1.0.0.202411081344/tools/bin/../lib/gcc/arm-none-eabi/13.3.1/../../../../arm-none-eabi/lib/thumb/v7-m/nofp\libc_nano.a(libc_a-closer.o) (errno)
D:/ST/STM32CubeIDE_1.18.1/STM32CubeIDE/plugins/com.st.stm32cube.ide.mcu.externaltools.gnu-tools-for-stm32.13.3.rel1.win32_1.0.0.202411081344/tools/bin/../lib/gcc/arm-none-eabi/13.3.1/../../../../arm-none-eabi/lib/thumb/v7-m/nofp\libc_nano.a(libc_a-impure.o)
[...]
Memory Configuration

Name             Origin             Length             Attributes
RAM              0x20000000         0x00005000         xrw
FLASH            0x08000000         0x00020000         xr
*default*        0x00000000         0xffffffff

Linker script and memory map

LOAD D:/ST/STM32CubeIDE_1.18.1/STM32CubeIDE/plugins/com.st.stm32cube.ide.mcu.externaltools.gnu-tools-for-stm32.13.3.rel1.win32_1.0.0.202411081344/tools/bin/../lib/gcc/arm-none-eabi/13.3.1/thumb/v7-m/nofp/crti.o
LOAD D:/ST/STM32CubeIDE_1.18.1/STM32CubeIDE/plugins/com.st.stm32cube.ide.mcu.externaltools.gnu-tools-for-stm32.13.3.rel1.win32_1.0.0.202411081344/tools/bin/../lib/gcc/arm-none-eabi/13.3.1/thumb/v7-m/nofp/crtbegin.o
LOAD D:/ST/STM32CubeIDE_1.18.1/STM32CubeIDE/plugins/com.st.stm32cube.ide.mcu.externaltools.gnu-tools-for-stm32.13.3.rel1.win32_1.0.0.202411081344/tools/bin/../lib/gcc/arm-none-eabi/13.3.1/../../../../arm-none-eabi/lib/thumb/v7-m/nofp/crt0.o
LOAD ./Core/Src/LEDS.o
LOAD ./Core/Src/freertos.o
LOAD ./Core/Src/main.o
LOAD ./Core/Src/stm32f1xx_hal_msp.o
LOAD ./Core/Src/stm32f1xx_hal_timebase_tim.o
LOAD ./Core/Src/stm32f1xx_it.o
LOAD ./Core/Src/syscalls.o
LOAD ./Core/Src/sysmem.o
LOAD ./Core/Src/system_stm32f1xx.o
LOAD ./Core/Startup/startup_stm32f103rbtx.o
LOAD ./Drivers/STM32F1xx_HAL_Driver/Src/stm32f1xx_hal.o
LOAD ./Drivers/STM32F1xx_HAL_Driver/Src/stm32f1xx_hal_cortex.o
LOAD ./Drivers/STM32F1xx_HAL_Driver/Src/stm32f1xx_hal_dma.o
LOAD ./Drivers/STM32F1xx_HAL_Driver/Src/stm32f1xx_hal_exti.o
LOAD ./Drivers/STM32F1xx_HAL_Driver/Src/stm32f1xx_hal_flash.o
LOAD ./Drivers/STM32F1xx_HAL_Driver/Src/stm32f1xx_hal_flash_ex.o
LOAD ./Drivers/STM32F1xx_HAL_Driver/Src/stm32f1xx_hal_gpio.o
LOAD ./Drivers/STM32F1xx_HAL_Driver/Src/stm32f1xx_hal_gpio_ex.o
LOAD ./Drivers/STM32F1xx_HAL_Driver/Src/stm32f1xx_hal_i2c.o
LOAD ./Drivers/STM32F1xx_HAL_Driver/Src/stm32f1xx_hal_pwr.o
LOAD ./Drivers/STM32F1xx_HAL_Driver/Src/stm32f1xx_hal_rcc.o
LOAD ./Drivers/STM32F1xx_HAL_Driver/Src/stm32f1xx_hal_rcc_ex.o
LOAD ./Drivers/STM32F1xx_HAL_Driver/Src/stm32f1xx_hal_tim.o
LOAD ./Drivers/STM32F1xx_HAL_Driver/Src/stm32f1xx_hal_tim_ex.o
LOAD ./LPS25HB/LPS25HB.o
LOAD ./Middlewares/Third_Party/FreeRTOS/Source/CMSIS_RTOS_V2/cmsis_os2.o
LOAD ./Middlewares/Third_Party/FreeRTOS/Source/croutine.o
LOAD ./Middlewares/Third_Party/FreeRTOS/Source/event_groups.o
LOAD ./Middlewares/Third_Party/FreeRTOS/Source/list.o
LOAD ./Middlewares/Third_Party/FreeRTOS/Source/queue.o
LOAD ./Middlewares/Third_Party/FreeRTOS/Source/stream_buffer.o
LOAD ./Middlewares/Third_Party/FreeRTOS/Source/tasks.o
LOAD ./Middlewares/Third_Party/FreeRTOS/Source/timers.o
LOAD ./Middlewares/Third_Party/FreeRTOS/Source/portable/ARM_CM3/port.o
LOAD ./Middlewares/Third_Party/FreeRTOS/Source/portable/MemMang/heap_4.o
LOAD ./Middlewares/Third_Party/SystemView/FreeRTOSV11/Config/Cortex-M/SEGGER_SYSVIEW_Config_FreeRTOS.o
LOAD ./Middlewares/Third_Party/SystemView/FreeRTOSV11/SEGGER_SYSVIEW_FreeRTOS.o
LOAD ./Middlewares/Third_Party/SystemView/SEGGER/SEGGER_RTT.o
LOAD ./Middlewares/Third_Party/SystemView/SEGGER/SEGGER_RTT_ASM_ARMv7M.o
LOAD ./Middlewares/Third_Party/SystemView/SEGGER/SEGGER_RTT_printf.o
LOAD ./Middlewares/Third_Party/SystemView/SEGGER/SEGGER_SYSVIEW.o
LOAD ./Middlewares/Third_Party/SystemView/SEGGER/Syscalls/SEGGER_RTT_Syscalls_GCC.o
LOAD ./Middlewares/Third_Party/SystemView/SEGGER/Syscalls/SEGGER_RTT_Syscalls_IAR.o
LOAD ./Middlewares/Third_Party/SystemView/SEGGER/Syscalls/SEGGER_RTT_Syscalls_KEIL.o
LOAD ./Middlewares/Third_Party/SystemView/SEGGER/Syscalls/SEGGER_RTT_Syscalls_SES.o
START GROUP
LOAD D:/ST/STM32CubeIDE_1.18.1/STM32CubeIDE/plugins/com.st.stm32cube.ide.mcu.externaltools.gnu-tools-for-stm32.13.3.rel1.win32_1.0.0.202411081344/tools/bin/../lib/gcc/arm-none-eabi/13.3.1/../../../../arm-none-eabi/lib/thumb/v7-m/nofp\libc_nano.a
LOAD D:/ST/STM32CubeIDE_1.18.1/STM32CubeIDE/plugins/com.st.stm32cube.ide.mcu.externaltools.gnu-tools-for-stm32.13.3.rel1.win32_1.0.0.202411081344/tools/bin/../lib/gcc/arm-none-eabi/13.3.1/../../../../arm-none-eabi/lib/thumb/v7-m/nofp\libm.a
END GROUP
START GROUP
LOAD D:/ST/STM32CubeIDE_1.18.1/STM32CubeIDE/plugins/com.st.stm32cube.ide.mcu.externaltools.gnu-tools-for-stm32.13.3.rel1.win32_1.0.0.202411081344/tools/bin/../lib/gcc/arm-none-eabi/13.3.1/thumb/v7-m/nofp\libgcc.a
LOAD D:/ST/STM32CubeIDE_1.18.1/STM32CubeIDE/plugins/com.st.stm32cube.ide.mcu.externaltools.gnu-tools-for-stm32.13.3.rel1.win32_1.0.0.202411081344/tools/bin/../lib/gcc/arm-none-eabi/13.3.1/../../../../arm-none-eabi/lib/thumb/v7-m/nofp\libc_nano.a
END GROUP
START GROUP
LOAD D:/ST/STM32CubeIDE_1.18.1/STM32CubeIDE/plugins/com.st.stm32cube.ide.mcu.externaltools.gnu-tools-for-stm32.13.3.rel1.win32_1.0.0.202411081344/tools/bin/../lib/gcc/arm-none-eabi/13.3.1/thumb/v7-m/nofp\libgcc.a
LOAD D:/ST/STM32CubeIDE_1.18.1/STM32CubeIDE/plugins/com.st.stm32cube.ide.mcu.externaltools.gnu-tools-for-stm32.13.3.rel1.win32_1.0.0.202411081344/tools/bin/../lib/gcc/arm-none-eabi/13.3.1/../../../../arm-none-eabi/lib/thumb/v7-m/nofp\libc_nano.a
LOAD D:/ST/STM32CubeIDE_1.18.1/STM32CubeIDE/plugins/com.st.stm32cube.ide.mcu.externaltools.gnu-tools-for-stm32.13.3.rel1.win32_1.0.0.202411081344/tools/bin/../lib/gcc/arm-none-eabi/13.3.1/../../../../arm-none-eabi/lib/thumb/v7-m/nofp\libnosys.a
END GROUP
START GROUP
LOAD D:/ST/STM32CubeIDE_1.18.1/STM32CubeIDE/plugins/com.st.stm32cube.ide.mcu.externaltools.gnu-tools-for-stm32.13.3.rel1.win32_1.0.0.202411081344/tools/bin/../lib/gcc/arm-none-eabi/13.3.1/thumb/v7-m/nofp\libgcc.a
LOAD D:/ST/STM32CubeIDE_1.18.1/STM32CubeIDE/plugins/com.st.stm32cube.ide.mcu.externaltools.gnu-tools-for-stm32.13.3.rel1.win32_1.0.0.202411081344/tools/bin/../lib/gcc/arm-none-eabi/13.3.1/../../../../arm-none-eabi/lib/thumb/v7-m/nofp\libc_nano.a
LOAD D:/ST/STM32CubeIDE_1.18.1/STM32CubeIDE/plugins/com.st.stm32cube.ide.mcu.externaltools.gnu-tools-for-stm32.13.3.rel1.win32_1.0.0.202411081344/tools/bin/../lib/gcc/arm-none-eabi/13.3.1/../../../../arm-none-eabi/lib/thumb/v7-m/nofp\libnosys.a
END GROUP
LOAD D:/ST/STM32CubeIDE_1.18.1/STM32CubeIDE/plugins/com.st.stm32cube.ide.mcu.externaltools.gnu-tools-for-stm32.13.3.rel1.win32_1.0.0.202411081344/tools/bin/../lib/gcc/arm-none-eabi/13.3.1/thumb/v7-m/nofp/crtend.o
LOAD D:/ST/STM32CubeIDE_1.18.1/STM32CubeIDE/plugins/com.st.stm32cube.ide.mcu.externaltools.gnu-tools-for-stm32.13.3.rel1.win32_1.0.0.202411081344/tools/bin/../lib/gcc/arm-none-eabi/13.3.1/thumb/v7-m/nofp/crtn.o
                0x20005000                        _estack = (ORIGIN (RAM) + LENGTH (RAM))
                0x00000200                        _Min_Heap_Size = 0x200
                0x00000400                        _Min_Stack_Size = 0x400

.isr_vector     0x08000000      0x10c
                0x08000000                        . = ALIGN (0x4)
 *(.isr_vector)
 .isr_vector    0x08000000      0x10c ./Core/Startup/startup_stm32f103rbtx.o
                0x08000000                g_pfnVectors
                0x0800010c                        . = ALIGN (0x4)

.text           0x08000110     0xaab8
                0x08000110                        . = ALIGN (0x4)
 *(.text)
 .text          0x08000110       0x40 D:/ST/STM32CubeIDE_1.18.1/STM32CubeIDE/plugins/com.st.stm32cube.ide.mcu.externaltools.gnu-tools-for-stm32.13.3.rel1.win32_1.0.0.202411081344/tools/bin/../lib/gcc/arm-none-eabi/13.3.1/thumb/v7-m/nofp/crtbegin.o
 .text          0x08000150       0x8c ./Middlewares/Third_Party/SystemView/SEGGER/SEGGER_RTT_ASM_ARMv7M.o
                0x08000150                SEGGER_RTT_ASM_WriteSkipNoLock
 .text          0x080001dc      0x21c D:/ST/STM32CubeIDE_1.18.1/STM32CubeIDE/plugins/com.st.stm32cube.ide.mcu.externaltools.gnu-tools-for-stm32.13.3.rel1.win32_1.0.0.202411081344/tools/bin/../lib/gcc/arm-none-eabi/13.3.1/thumb/v7-m/nofp\libgcc.a(_arm_addsubsf3.o)
                0x080001dc                __aeabi_frsub
                0x080001e4                __subsf3
                0x080001e4                __aeabi_fsub
                0x080001e8                __aeabi_fadd
                0x080001e8                __addsf3
                0x08000348                __aeabi_ui2f
                0x08000348                __floatunsisf
                0x08000350                __aeabi_i2f
                0x08000350                __floatsisf
                0x0800036c                __aeabi_ul2f
                0x0800036c                __floatundisf
                0x0800037c                __aeabi_l2f
                0x0800037c                __floatdisf
 .text          0x080003f8      0x2a0 D:/ST/STM32CubeIDE_1.18.1/STM32CubeIDE/plugins/com.st.stm32cube.ide.mcu.externaltools.gnu-tools-for-stm32.13.3.rel1.win32_1.0.0.202411081344/tools/bin/../lib/gcc/arm-none-eabi/13.3.1/thumb/v7-m/nofp\libgcc.a(_arm_muldivsf3.o)
                0x080003f8                __mulsf3
                0x080003f8                __aeabi_fmul
                0x08000560                __aeabi_fdiv
                0x08000560                __divsf3
 .text          0x08000698       0x4c D:/ST/STM32CubeIDE_1.18.1/STM32CubeIDE/plugins/com.st.stm32cube.ide.mcu.externaltools.gnu-tools-for-stm32.13.3.rel1.win32_1.0.0.202411081344/tools/bin/../lib/gcc/arm-none-eabi/13.3.1/thumb/v7-m/nofp\libgcc.a(_arm_fixsfsi.o)
                0x08000698                __aeabi_f2iz
                0x08000698                __fixsfsi
 *(.text*)
 .text.LEDGreen
                0x080006e4       0x6c ./Core/Src/LEDS.o
                0x080006e4                LEDGreen
 .text.LEDRed   0x08000750       0x6c ./Core/Src/LEDS.o
                0x08000750                LEDRed
 .text.ITM_SendChar
                0x080007bc       0x4c ./Core/Src/main.o
 .text.main     0x08000808       0x84 ./Core/Src/main.o
                0x08000808                main
 .text.SystemClock_Config
                0x0800088c       0x82 ./Core/Src/main.o
                0x0800088c                SystemClock_Config
 *fill*         0x0800090e        0x2 
 .text.MX_I2C2_Init
                0x08000910       0x6c ./Core/Src/main.o
 .text.MX_GPIO_Init
                0x0800097c      0x134 ./Core/Src/main.o
 .text.SensorRead
                0x08000ab0       0x38 ./Core/Src/main.o
                0x08000ab0                SensorRead
 .text.DataTransfer
                0x08000ae8      0x108 ./Core/Src/main.o
                0x08000ae8                DataTransfer
 .text.HAL_TIM_PeriodElapsedCallback
                0x08000bf0       0x24 ./Core/Src/main.o
                0x08000bf0                HAL_TIM_PeriodElapsedCallback
 .text.HAL_GPIO_EXTI_Callback
                0x08000c14       0x34 ./Core/Src/main.o
                0x08000c14                HAL_GPIO_EXTI_Callback
 .text.HAL_I2C_MemRxCpltCallback
                0x08000c48       0x5c ./Core/Src/main.o
                0x08000c48                HAL_I2C_MemRxCpltCallback
 .text.ITM_Print
                0x08000ca4       0x2a ./Core/Src/main.o
                0x08000ca4                ITM_Print
 .text.Error_Handler
                0x08000cce        0xc ./Core/Src/main.o
                0x08000cce                Error_Handler
 *fill*         0x08000cda        0x2 
 .text.HAL_MspInit
                0x08000cdc       0x70 ./Core/Src/stm32f1xx_hal_msp.o
                0x08000cdc                HAL_MspInit
 .text.HAL_I2C_MspInit
                0x08000d4c       0x80 ./Core/Src/stm32f1xx_hal_msp.o
                0x08000d4c                HAL_I2C_MspInit
 .text.HAL_InitTick
                0x08000dcc       0xfc ./Core/Src/stm32f1xx_hal_timebase_tim.o
                0x08000dcc                HAL_InitTick
 .text.NMI_Handler
                0x08000ec8        0x8 ./Core/Src/stm32f1xx_it.o
                0x08000ec8                NMI_Handler
 .text.HardFault_Handler
                0x08000ed0        0x8 ./Core/Src/stm32f1xx_it.o
                0x08000ed0                HardFault_Handler
 .text.MemManage_Handler
                0x08000ed8        0x8 ./Core/Src/stm32f1xx_it.o
                0x08000ed8                MemManage_Handler
 .text.BusFault_Handler
                0x08000ee0        0x8 ./Core/Src/stm32f1xx_it.o
                0x08000ee0                BusFault_Handler
 .text.UsageFault_Handler
                0x08000ee8        0x8 ./Core/Src/stm32f1xx_it.o
                0x08000ee8                UsageFault_Handler
 .text.DebugMon_Handler
                0x08000ef0        0xc ./Core/Src/stm32f1xx_it.o
                0x08000ef0                DebugMon_Handler
 .text.EXTI0_IRQHandler
                0x08000efc        0xe ./Core/Src/stm32f1xx_it.o
                0x08000efc                EXTI0_IRQHandler
 *fill*         0x08000f0a        0x2 
 .text.TIM4_IRQHandler
                0x08000f0c       0x14 ./Core/Src/stm32f1xx_it.o
                0x08000f0c                TIM4_IRQHandler
 .text.EXTI15_10_IRQHandler
                0x08000f20       0x10 ./Core/Src/stm32f1xx_it.o
                0x08000f20                EXTI15_10_IRQHandler
 .text.I2C2_EV_IRQHandler
                0x08000f30       0x14 ./Core/Src/stm32f1xx_it.o
                0x08000f30                I2C2_EV_IRQHandler
 .text.I2C2_ER_IRQHandler
                0x08000f44       0x14 ./Core/Src/stm32f1xx_it.o
                0x08000f44                I2C2_ER_IRQHandler
 .text._sbrk    0x08000f58       0x6c ./Core/Src/sysmem.o
                0x08000f58                _sbrk
 .text.SystemInit
                0x08000fc4        0xc ./Core/Src/system_stm32f1xx.o
                0x08000fc4                SystemInit
 .text.Reset_Handler
                0x08000fd0       0x48 ./Core/Startup/startup_stm32f103rbtx.o
                0x08000fd0                Reset_Handler
 .text.Default_Handler
                0x08001018        0x2 ./Core/Startup/startup_stm32f103rbtx.o
                0x08001018                RTC_Alarm_IRQHandler
                0x08001018                EXTI2_IRQHandler
                0x08001018                TIM1_CC_IRQHandler
                0x08001018                PVD_IRQHandler
                0x08001018                EXTI3_IRQHandler
                0x08001018                ADC1_2_IRQHandler
                0x08001018                SPI1_IRQHandler
                0x08001018                TAMPER_IRQHandler
                0x08001018                DMA1_Channel4_IRQHandler
                0x08001018                USART3_IRQHandler
                0x08001018                RTC_IRQHandler
                0x08001018                DMA1_Channel7_IRQHandler
                0x08001018                CAN1_RX1_IRQHandler
                0x08001018                I2C1_EV_IRQHandler
                0x08001018                DMA1_Channel6_IRQHandler
                0x08001018                TIM3_IRQHandler
                0x08001018                RCC_IRQHandler
                0x08001018                TIM1_TRG_COM_IRQHandler
                0x08001018                DMA1_Channel1_IRQHandler
                0x08001018                Default_Handler
                0x08001018                EXTI9_5_IRQHandler
                0x08001018                SPI2_IRQHandler
                0x08001018                DMA1_Channel5_IRQHandler
                0x08001018                EXTI4_IRQHandler
                0x08001018                USB_LP_CAN1_RX0_IRQHandler
                0x08001018                USB_HP_CAN1_TX_IRQHandler
                0x08001018                DMA1_Channel3_IRQHandler
                0x08001018                TIM1_UP_IRQHandler
                0x08001018                WWDG_IRQHandler
                0x08001018                TIM2_IRQHandler
                0x08001018                TIM1_BRK_IRQHandler
                0x08001018                EXTI1_IRQHandler
                0x08001018                USART2_IRQHandler
                0x08001018                DMA1_Channel2_IRQHandler
                0x08001018                CAN1_SCE_IRQHandler
                0x08001018                FLASH_IRQHandler
                0x08001018                USART1_IRQHandler
                0x08001018                I2C1_ER_IRQHandler
                0x08001018                USBWakeUp_IRQHandler
 *fill*         0x0800101a        0x2 
 .text.HAL_Init
                0x0800101c       0x2c ./Drivers/STM32F1xx_HAL_Driver/Src/stm32f1xx_hal.o
                0x0800101c                HAL_Init
 .text.HAL_IncTick
                0x08001048       0x24 ./Drivers/STM32F1xx_HAL_Driver/Src/stm32f1xx_hal.o
                0x08001048                HAL_IncTick
 .text.HAL_GetTick
                0x0800106c       0x14 ./Drivers/STM32F1xx_HAL_Driver/Src/stm32f1xx_hal.o
                0x0800106c                HAL_GetTick
 .text.__NVIC_SetPriorityGrouping
                0x08001080       0x48 ./Drivers/STM32F1xx_HAL_Driver/Src/stm32f1xx_hal_cortex.o
 .text.__NVIC_GetPriorityGrouping
                0x080010c8       0x1c ./Drivers/STM32F1xx_HAL_Driver/Src/stm32f1xx_hal_cortex.o
 .text.__NVIC_EnableIRQ
                0x080010e4       0x38 ./Drivers/STM32F1xx_HAL_Driver/Src/stm32f1xx_hal_cortex.o
 .text.__NVIC_SetPriority
                0x0800111c       0x54 ./Drivers/STM32F1xx_HAL_Driver/Src/stm32f1xx_hal_cortex.o
 .text.NVIC_EncodePriority
                0x08001170       0x64 ./Drivers/STM32F1xx_HAL_Driver/Src/stm32f1xx_hal_cortex.o
 .text.HAL_NVIC_SetPriorityGrouping
                0x080011d4       0x16 ./Drivers/STM32F1xx_HAL_Driver/Src/stm32f1xx_hal_cortex.o
                0x080011d4                HAL_NVIC_SetPriorityGrouping
 .text.HAL_NVIC_SetPriority
                0x080011ea       0x38 ./Drivers/STM32F1xx_HAL_Driver/Src/stm32f1xx_hal_cortex.o
                0x080011ea                HAL_NVIC_SetPriority
 .text.HAL_NVIC_EnableIRQ
                0x08001222       0x1c ./Drivers/STM32F1xx_HAL_Driver/Src/stm32f1xx_hal_cortex.o
                0x08001222                HAL_NVIC_EnableIRQ
 *fill*         0x0800123e        0x2 
 .text.HAL_DMA_Abort_IT
                0x08001240       0xf0 ./Drivers/STM32F1xx_HAL_Driver/Src/stm32f1xx_hal_dma.o
                0x08001240                HAL_DMA_Abort_IT
 .text.HAL_DMA_GetState
                0x08001330       0x1a ./Drivers/STM32F1xx_HAL_Driver/Src/stm32f1xx_hal_dma.o
                0x08001330                HAL_DMA_GetState
 *fill*         0x0800134a        0x2 
 .text.HAL_GPIO_Init
                0x0800134c      0x308 ./Drivers/STM32F1xx_HAL_Driver/Src/stm32f1xx_hal_gpio.o
                0x0800134c                HAL_GPIO_Init
 .text.HAL_GPIO_WritePin
                0x08001654       0x30 ./Drivers/STM32F1xx_HAL_Driver/Src/stm32f1xx_hal_gpio.o
                0x08001654                HAL_GPIO_WritePin
 .text.HAL_GPIO_EXTI_IRQHandler
                0x08001684       0x30 ./Drivers/STM32F1xx_HAL_Driver/Src/stm32f1xx_hal_gpio.o
                0x08001684                HAL_GPIO_EXTI_IRQHandler
 .text.HAL_I2C_Init
                0x080016b4      0x288 ./Drivers/STM32F1xx_HAL_Driver/Src/stm32f1xx_hal_i2c.o
                0x080016b4                HAL_I2C_Init
 .text.I2C_Flush_DR
                0x0800193c       0x28 ./Drivers/STM32F1xx_HAL_Driver/Src/stm32f1xx_hal_i2c.o
 .text.HAL_I2C_Mem_Write
                0x08001964      0x1f4 ./Drivers/STM32F1xx_HAL_Driver/Src/stm32f1xx_hal_i2c.o
                0x08001964                HAL_I2C_Mem_Write
 .text.HAL_I2C_Mem_Read
                0x08001b58      0x4e8 ./Drivers/STM32F1xx_HAL_Driver/Src/stm32f1xx_hal_i2c.o
                0x08001b58                HAL_I2C_Mem_Read
 .text.HAL_I2C_Mem_Read_IT
                0x08002040      0x170 ./Drivers/STM32F1xx_HAL_Driver/Src/stm32f1xx_hal_i2c.o
                0x08002040                HAL_I2C_Mem_Read_IT
 .text.HAL_I2C_EV_IRQHandler
                0x080021b0      0x2e2 ./Drivers/STM32F1xx_HAL_Driver/Src/stm32f1xx_hal_i2c.o
                0x080021b0                HAL_I2C_EV_IRQHandler
 .text.HAL_I2C_ER_IRQHandler
                0x08002492      0x15e ./Drivers/STM32F1xx_HAL_Driver/Src/stm32f1xx_hal_i2c.o
                0x08002492                HAL_I2C_ER_IRQHandler
 .text.HAL_I2C_MasterTxCpltCallback
                0x080025f0       0x12 ./Drivers/STM32F1xx_HAL_Driver/Src/stm32f1xx_hal_i2c.o
                0x080025f0                HAL_I2C_MasterTxCpltCallback
 .text.HAL_I2C_MasterRxCpltCallback
                0x08002602       0x12 ./Drivers/STM32F1xx_HAL_Driver/Src/stm32f1xx_hal_i2c.o
                0x08002602                HAL_I2C_MasterRxCpltCallback
 .text.HAL_I2C_SlaveTxCpltCallback
                0x08002614       0x12 ./Drivers/STM32F1xx_HAL_Driver/Src/stm32f1xx_hal_i2c.o
                0x08002614                HAL_I2C_SlaveTxCpltCallback
 .text.HAL_I2C_SlaveRxCpltCallback
                0x08002626       0x12 ./Drivers/STM32F1xx_HAL_Driver/Src/stm32f1xx_hal_i2c.o
                0x08002626                HAL_I2C_SlaveRxCpltCallback
 .text.HAL_I2C_AddrCallback
                0x08002638       0x1a ./Drivers/STM32F1xx_HAL_Driver/Src/stm32f1xx_hal_i2c.o
                0x08002638                HAL_I2C_AddrCallback
 .text.HAL_I2C_ListenCpltCallback
                0x08002652       0x12 ./Drivers/STM32F1xx_HAL_Driver/Src/stm32f1xx_hal_i2c.o
                0x08002652                HAL_I2C_ListenCpltCallback
 .text.HAL_I2C_MemTxCpltCallback
                0x08002664       0x12 ./Drivers/STM32F1xx_HAL_Driver/Src/stm32f1xx_hal_i2c.o
                0x08002664                HAL_I2C_MemTxCpltCallback
 .text.HAL_I2C_ErrorCallback
                0x08002676       0x12 ./Drivers/STM32F1xx_HAL_Driver/Src/stm32f1xx_hal_i2c.o
                0x08002676                HAL_I2C_ErrorCallback
 .text.HAL_I2C_AbortCpltCallback
                0x08002688       0x12 ./Drivers/STM32F1xx_HAL_Driver/Src/stm32f1xx_hal_i2c.o
                0x08002688                HAL_I2C_AbortCpltCallback
 .text.I2C_MasterTransmit_TXE
                0x0800269a      0x138 ./Drivers/STM32F1xx_HAL_Driver/Src/stm32f1xx_hal_i2c.o
 .text.I2C_MasterTransmit_BTF
                0x080027d2       0xec ./Drivers/STM32F1xx_HAL_Driver/Src/stm32f1xx_hal_i2c.o
 .text.I2C_MemoryTransmit_TXE_BTF
                0x080028be      0x130 ./Drivers/STM32F1xx_HAL_Driver/Src/stm32f1xx_hal_i2c.o
 .text.I2C_MasterReceive_RXNE
                0x080029ee      0x190 ./Drivers/STM32F1xx_HAL_Driver/Src/stm32f1xx_hal_i2c.o
 .text.I2C_MasterReceive_BTF
                0x08002b7e      0x1e2 ./Drivers/STM32F1xx_HAL_Driver/Src/stm32f1xx_hal_i2c.o
 .text.I2C_Master_SB
                0x08002d60      0x10a ./Drivers/STM32F1xx_HAL_Driver/Src/stm32f1xx_hal_i2c.o
 .text.I2C_Master_ADD10
                0x08002e6a       0x52 ./Drivers/STM32F1xx_HAL_Driver/Src/stm32f1xx_hal_i2c.o
 .text.I2C_Master_ADDR
                0x08002ebc      0x336 ./Drivers/STM32F1xx_HAL_Driver/Src/stm32f1xx_hal_i2c.o
 .text.I2C_SlaveTransmit_TXE
                0x080031f2       0x7a ./Drivers/STM32F1xx_HAL_Driver/Src/stm32f1xx_hal_i2c.o
 .text.I2C_SlaveTransmit_BTF
                0x0800326c       0x40 ./Drivers/STM32F1xx_HAL_Driver/Src/stm32f1xx_hal_i2c.o
 .text.I2C_SlaveReceive_RXNE
                0x080032ac       0x7c ./Drivers/STM32F1xx_HAL_Driver/Src/stm32f1xx_hal_i2c.o
 .text.I2C_SlaveReceive_BTF
                0x08003328       0x42 ./Drivers/STM32F1xx_HAL_Driver/Src/stm32f1xx_hal_i2c.o
 .text.I2C_Slave_ADDR
                0x0800336a       0x94 ./Drivers/STM32F1xx_HAL_Driver/Src/stm32f1xx_hal_i2c.o
 *fill*         0x080033fe        0x2 
 .text.I2C_Slave_STOPF
                0x08003400      0x260 ./Drivers/STM32F1xx_HAL_Driver/Src/stm32f1xx_hal_i2c.o
 .text.I2C_Slave_AF
                0x08003660       0xe8 ./Drivers/STM32F1xx_HAL_Driver/Src/stm32f1xx_hal_i2c.o
 .text.I2C_ITError
                0x08003748      0x264 ./Drivers/STM32F1xx_HAL_Driver/Src/stm32f1xx_hal_i2c.o
 .text.I2C_RequestMemoryWrite
                0x080039ac      0x12c ./Drivers/STM32F1xx_HAL_Driver/Src/stm32f1xx_hal_i2c.o
 .text.I2C_RequestMemoryRead
                0x08003ad8      0x1d0 ./Drivers/STM32F1xx_HAL_Driver/Src/stm32f1xx_hal_i2c.o
 .text.I2C_DMAAbort
                0x08003ca8      0x150 ./Drivers/STM32F1xx_HAL_Driver/Src/stm32f1xx_hal_i2c.o
 .text.I2C_WaitOnFlagUntilTimeout
                0x08003df8       0xf4 ./Drivers/STM32F1xx_HAL_Driver/Src/stm32f1xx_hal_i2c.o
 .text.I2C_WaitOnMasterAddressFlagUntilTimeout
                0x08003eec      0x140 ./Drivers/STM32F1xx_HAL_Driver/Src/stm32f1xx_hal_i2c.o
 .text.I2C_WaitOnTXEFlagUntilTimeout
                0x0800402c       0x90 ./Drivers/STM32F1xx_HAL_Driver/Src/stm32f1xx_hal_i2c.o
 .text.I2C_WaitOnBTFFlagUntilTimeout
                0x080040bc       0x90 ./Drivers/STM32F1xx_HAL_Driver/Src/stm32f1xx_hal_i2c.o
 .text.I2C_WaitOnSTOPRequestThroughIT
                0x0800414c       0x64 ./Drivers/STM32F1xx_HAL_Driver/Src/stm32f1xx_hal_i2c.o
 .text.I2C_WaitOnRXNEFlagUntilTimeout
                0x080041b0       0xba ./Drivers/STM32F1xx_HAL_Driver/Src/stm32f1xx_hal_i2c.o
 .text.I2C_IsAcknowledgeFailed
                0x0800426a       0x5c ./Drivers/STM32F1xx_HAL_Driver/Src/stm32f1xx_hal_i2c.o
 .text.I2C_ConvertOtherXferOptions
                0x080042c6       0x34 ./Drivers/STM32F1xx_HAL_Driver/Src/stm32f1xx_hal_i2c.o
 *fill*         0x080042fa        0x2 
 .text.HAL_RCC_OscConfig
                0x080042fc      0x504 ./Drivers/STM32F1xx_HAL_Driver/Src/stm32f1xx_hal_rcc.o
                0x080042fc                HAL_RCC_OscConfig
 .text.HAL_RCC_ClockConfig
                0x08004800      0x1d4 ./Drivers/STM32F1xx_HAL_Driver/Src/stm32f1xx_hal_rcc.o
                0x08004800                HAL_RCC_ClockConfig
 .text.HAL_RCC_GetSysClockFreq
                0x080049d4       0xa8 ./Drivers/STM32F1xx_HAL_Driver/Src/stm32f1xx_hal_rcc.o
                0x080049d4                HAL_RCC_GetSysClockFreq
 .text.HAL_RCC_GetHCLKFreq
                0x08004a7c       0x14 ./Drivers/STM32F1xx_HAL_Driver/Src/stm32f1xx_hal_rcc.o
                0x08004a7c                HAL_RCC_GetHCLKFreq
 .text.HAL_RCC_GetPCLK1Freq
                0x08004a90       0x28 ./Drivers/STM32F1xx_HAL_Driver/Src/stm32f1xx_hal_rcc.o
                0x08004a90                HAL_RCC_GetPCLK1Freq
 .text.HAL_RCC_GetClockConfig
                0x08004ab8       0x60 ./Drivers/STM32F1xx_HAL_Driver/Src/stm32f1xx_hal_rcc.o
                0x08004ab8                HAL_RCC_GetClockConfig
 .text.RCC_Delay
                0x08004b18       0x3c ./Drivers/STM32F1xx_HAL_Driver/Src/stm32f1xx_hal_rcc.o
 .text.HAL_TIM_Base_Init
                0x08004b54       0x9e ./Drivers/STM32F1xx_HAL_Driver/Src/stm32f1xx_hal_tim.o
                0x08004b54                HAL_TIM_Base_Init
 .text.HAL_TIM_Base_MspInit
                0x08004bf2       0x12 ./Drivers/STM32F1xx_HAL_Driver/Src/stm32f1xx_hal_tim.o
                0x08004bf2                HAL_TIM_Base_MspInit
 .text.HAL_TIM_Base_Start_IT
                0x08004c04       0xa4 ./Drivers/STM32F1xx_HAL_Driver/Src/stm32f1xx_hal_tim.o
                0x08004c04                HAL_TIM_Base_Start_IT
 .text.HAL_TIM_IRQHandler
                0x08004ca8      0x1e0 ./Drivers/STM32F1xx_HAL_Driver/Src/stm32f1xx_hal_tim.o
                0x08004ca8                HAL_TIM_IRQHandler
 .text.HAL_TIM_OC_DelayElapsedCallback
                0x08004e88       0x12 ./Drivers/STM32F1xx_HAL_Driver/Src/stm32f1xx_hal_tim.o
                0x08004e88                HAL_TIM_OC_DelayElapsedCallback
 .text.HAL_TIM_IC_CaptureCallback
                0x08004e9a       0x12 ./Drivers/STM32F1xx_HAL_Driver/Src/stm32f1xx_hal_tim.o
                0x08004e9a                HAL_TIM_IC_CaptureCallback
 .text.HAL_TIM_PWM_PulseFinishedCallback
                0x08004eac       0x12 ./Drivers/STM32F1xx_HAL_Driver/Src/stm32f1xx_hal_tim.o
                0x08004eac                HAL_TIM_PWM_PulseFinishedCallback
 .text.HAL_TIM_TriggerCallback
                0x08004ebe       0x12 ./Drivers/STM32F1xx_HAL_Driver/Src/stm32f1xx_hal_tim.o
                0x08004ebe                HAL_TIM_TriggerCallback
 .text.TIM_Base_SetConfig
                0x08004ed0       0xdc ./Drivers/STM32F1xx_HAL_Driver/Src/stm32f1xx_hal_tim.o
                0x08004ed0                TIM_Base_SetConfig
 .text.HAL_TIMEx_CommutCallback
                0x08004fac       0x12 ./Drivers/STM32F1xx_HAL_Driver/Src/stm32f1xx_hal_tim_ex.o
                0x08004fac                HAL_TIMEx_CommutCallback
 .text.HAL_TIMEx_BreakCallback
                0x08004fbe       0x12 ./Drivers/STM32F1xx_HAL_Driver/Src/stm32f1xx_hal_tim_ex.o
                0x08004fbe                HAL_TIMEx_BreakCallback
 .text.LPS25HB_Initialise
                0x08004fd0       0x68 ./LPS25HB/LPS25HB.o
                0x08004fd0                LPS25HB_Initialise
 .text.LPS25HB_Measure_Temperature_IT
                0x08005038       0x58 ./LPS25HB/LPS25HB.o
                0x08005038                LPS25HB_Measure_Temperature_IT
 .text.LPS25HB_Measure_Pressure_IT
                0x08005090       0x58 ./LPS25HB/LPS25HB.o
                0x08005090                LPS25HB_Measure_Pressure_IT
 .text.__NVIC_SetPriority
                0x080050e8       0x54 ./Middlewares/Third_Party/FreeRTOS/Source/CMSIS_RTOS_V2/cmsis_os2.o
 .text.SysTick_Handler
                0x0800513c       0x20 ./Middlewares/Third_Party/FreeRTOS/Source/CMSIS_RTOS_V2/cmsis_os2.o
                0x0800513c                SysTick_Handler
 .text.SVC_Setup
                0x0800515c       0x12 ./Middlewares/Third_Party/FreeRTOS/Source/CMSIS_RTOS_V2/cmsis_os2.o
 *fill*         0x0800516e        0x2 
 .text.osKernelInitialize
                0x08005170       0x44 ./Middlewares/Third_Party/FreeRTOS/Source/CMSIS_RTOS_V2/cmsis_os2.o
                0x08005170                osKernelInitialize
 .text.osKernelStart
                0x080051b4       0x4c ./Middlewares/Third_Party/FreeRTOS/Source/CMSIS_RTOS_V2/cmsis_os2.o
                0x080051b4                osKernelStart
 .text.osThreadNew
                0x08005200      0x12a ./Middlewares/Third_Party/FreeRTOS/Source/CMSIS_RTOS_V2/cmsis_os2.o
                0x08005200                osThreadNew
 .text.osDelay  0x0800532a       0x36 ./Middlewares/Third_Party/FreeRTOS/Source/CMSIS_RTOS_V2/cmsis_os2.o
                0x0800532a                osDelay
 .text.osMessageQueueNew
                0x08005360       0xe6 ./Middlewares/Third_Party/FreeRTOS/Source/CMSIS_RTOS_V2/cmsis_os2.o
                0x08005360                osMessageQueueNew
 *fill*         0x08005446        0x2 
 .text.osMessageQueuePut
                0x08005448       0xc8 ./Middlewares/Third_Party/FreeRTOS/Source/CMSIS_RTOS_V2/cmsis_os2.o
                0x08005448                osMessageQueuePut
 .text.osMessageQueueGet
                0x08005510       0xc4 ./Middlewares/Third_Party/FreeRTOS/Source/CMSIS_RTOS_V2/cmsis_os2.o
                0x08005510                osMessageQueueGet
 .text.vApplicationGetIdleTaskMemory
                0x080055d4       0x34 ./Middlewares/Third_Party/FreeRTOS/Source/CMSIS_RTOS_V2/cmsis_os2.o
                0x080055d4                vApplicationGetIdleTaskMemory
 .text.vApplicationGetTimerTaskMemory
                0x08005608       0x34 ./Middlewares/Third_Party/FreeRTOS/Source/CMSIS_RTOS_V2/cmsis_os2.o
                0x08005608                vApplicationGetTimerTaskMemory
 .text.vListInitialise
                0x0800563c       0x44 ./Middlewares/Third_Party/FreeRTOS/Source/list.o
                0x0800563c                vListInitialise
 .text.vListInitialiseItem
                0x08005680       0x1e ./Middlewares/Third_Party/FreeRTOS/Source/list.o
                0x08005680                vListInitialiseItem
 .text.vListInsert
                0x0800569e       0x76 ./Middlewares/Third_Party/FreeRTOS/Source/list.o
                0x0800569e                vListInsert
 .text.uxListRemove
                0x08005714       0x5e ./Middlewares/Third_Party/FreeRTOS/Source/list.o
                0x08005714                uxListRemove
 *fill*         0x08005772        0x2 
 .text.xQueueGenericReset
                0x08005774      0x12c ./Middlewares/Third_Party/FreeRTOS/Source/queue.o
                0x08005774                xQueueGenericReset
 .text.xQueueGenericCreateStatic
                0x080058a0       0xd4 ./Middlewares/Third_Party/FreeRTOS/Source/queue.o
                0x080058a0                xQueueGenericCreateStatic
 .text.xQueueGenericCreate
                0x08005974       0xb8 ./Middlewares/Third_Party/FreeRTOS/Source/queue.o
                0x08005974                xQueueGenericCreate
 .text.prvInitialiseNewQueue
                0x08005a2c       0x46 ./Middlewares/Third_Party/FreeRTOS/Source/queue.o
 *fill*         0x08005a72        0x2 
 .text.xQueueGenericSend
                0x08005a74      0x21c ./Middlewares/Third_Party/FreeRTOS/Source/queue.o
                0x08005a74                xQueueGenericSend
 .text.xQueueGenericSendFromISR
                0x08005c90      0x176 ./Middlewares/Third_Party/FreeRTOS/Source/queue.o
                0x08005c90                xQueueGenericSendFromISR
 *fill*         0x08005e06        0x2 
 .text.xQueueReceive
                0x08005e08      0x1dc ./Middlewares/Third_Party/FreeRTOS/Source/queue.o
                0x08005e08                xQueueReceive
 .text.xQueueReceiveFromISR
                0x08005fe4      0x13e ./Middlewares/Third_Party/FreeRTOS/Source/queue.o
                0x08005fe4                xQueueReceiveFromISR
 .text.prvCopyDataToQueue
                0x08006122       0xd4 ./Middlewares/Third_Party/FreeRTOS/Source/queue.o
 .text.prvCopyDataFromQueue
                0x080061f6       0x4c ./Middlewares/Third_Party/FreeRTOS/Source/queue.o
 .text.prvUnlockQueue
                0x08006242       0xa4 ./Middlewares/Third_Party/FreeRTOS/Source/queue.o
 .text.prvIsQueueEmpty
                0x080062e6       0x2c ./Middlewares/Third_Party/FreeRTOS/Source/queue.o
 .text.prvIsQueueFull
                0x08006312       0x30 ./Middlewares/Third_Party/FreeRTOS/Source/queue.o
 *fill*         0x08006342        0x2 
 .text.vQueueAddToRegistry
                0x08006344       0xa0 ./Middlewares/Third_Party/FreeRTOS/Source/queue.o
                0x08006344                vQueueAddToRegistry
 .text.vQueueWaitForMessageRestricted
                0x080063e4       0x6e ./Middlewares/Third_Party/FreeRTOS/Source/queue.o
                0x080063e4                vQueueWaitForMessageRestricted
 .text.prvCreateStaticTask
                0x08006452       0xc2 ./Middlewares/Third_Party/FreeRTOS/Source/tasks.o
 .text.xTaskCreateStatic
                0x08006514       0x5a ./Middlewares/Third_Party/FreeRTOS/Source/tasks.o
                0x08006514                xTaskCreateStatic
 .text.prvCreateTask
                0x0800656e       0x80 ./Middlewares/Third_Party/FreeRTOS/Source/tasks.o
 .text.xTaskCreate
                0x080065ee       0x50 ./Middlewares/Third_Party/FreeRTOS/Source/tasks.o
                0x080065ee                xTaskCreate
 .text.prvInitialiseNewTask
                0x0800663e      0x120 ./Middlewares/Third_Party/FreeRTOS/Source/tasks.o
 *fill*         0x0800675e        0x2 
 .text.prvAddNewTaskToReadyList
                0x08006760      0x170 ./Middlewares/Third_Party/FreeRTOS/Source/tasks.o
 .text.vTaskDelay
                0x080068d0       0x70 ./Middlewares/Third_Party/FreeRTOS/Source/tasks.o
                0x080068d0                vTaskDelay
 .text.prvCreateIdleTasks
                0x08006940       0xd0 ./Middlewares/Third_Party/FreeRTOS/Source/tasks.o
 .text.vTaskStartScheduler
                0x08006a10       0xbc ./Middlewares/Third_Party/FreeRTOS/Source/tasks.o
                0x08006a10                vTaskStartScheduler
 .text.vTaskSuspendAll
                0x08006acc       0x1c ./Middlewares/Third_Party/FreeRTOS/Source/tasks.o
                0x08006acc                vTaskSuspendAll
 .text.xTaskResumeAll
                0x08006ae8      0x224 ./Middlewares/Third_Party/FreeRTOS/Source/tasks.o
                0x08006ae8                xTaskResumeAll
 .text.xTaskGetTickCount
                0x08006d0c       0x24 ./Middlewares/Third_Party/FreeRTOS/Source/tasks.o
                0x08006d0c                xTaskGetTickCount
 .text.xTaskGetTickCountFromISR
                0x08006d30       0x2c ./Middlewares/Third_Party/FreeRTOS/Source/tasks.o
                0x08006d30                xTaskGetTickCountFromISR
 .text.uxTaskGetNumberOfTasks
                0x08006d5c       0x1c ./Middlewares/Third_Party/FreeRTOS/Source/tasks.o
                0x08006d5c                uxTaskGetNumberOfTasks
 .text.xTaskIncrementTick
                0x08006d78      0x248 ./Middlewares/Third_Party/FreeRTOS/Source/tasks.o
                0x08006d78                xTaskIncrementTick
 .text.vTaskSwitchContext
                0x08006fc0       0xe4 ./Middlewares/Third_Party/FreeRTOS/Source/tasks.o
                0x08006fc0                vTaskSwitchContext
 .text.vTaskPlaceOnEventList
                0x080070a4       0x50 ./Middlewares/Third_Party/FreeRTOS/Source/tasks.o
                0x080070a4                vTaskPlaceOnEventList
 .text.vTaskPlaceOnEventListRestricted
                0x080070f4       0x94 ./Middlewares/Third_Party/FreeRTOS/Source/tasks.o
                0x080070f4                vTaskPlaceOnEventListRestricted
 .text.xTaskRemoveFromEventList
                0x08007188      0x1c4 ./Middlewares/Third_Party/FreeRTOS/Source/tasks.o
                0x08007188                xTaskRemoveFromEventList
 .text.vTaskInternalSetTimeOutState
                0x0800734c       0x30 ./Middlewares/Third_Party/FreeRTOS/Source/tasks.o
                0x0800734c                vTaskInternalSetTimeOutState
 .text.xTaskCheckForTimeOut
                0x0800737c       0xd8 ./Middlewares/Third_Party/FreeRTOS/Source/tasks.o
                0x0800737c                xTaskCheckForTimeOut
 .text.vTaskMissedYield
                0x08007454       0x18 ./Middlewares/Third_Party/FreeRTOS/Source/tasks.o
                0x08007454                vTaskMissedYield
 .text.prvIdleTask
                0x0800746c       0x30 ./Middlewares/Third_Party/FreeRTOS/Source/tasks.o
 .text.prvInitialiseTaskLists
                0x0800749c       0x80 ./Middlewares/Third_Party/FreeRTOS/Source/tasks.o
 .text.prvCheckTasksWaitingTermination
                0x0800751c       0x5c ./Middlewares/Third_Party/FreeRTOS/Source/tasks.o
 .text.prvTaskCheckFreeStackSpace
                0x08007578       0x34 ./Middlewares/Third_Party/FreeRTOS/Source/tasks.o
 .text.uxTaskGetStackHighWaterMark
                0x080075ac       0x3c ./Middlewares/Third_Party/FreeRTOS/Source/tasks.o
                0x080075ac                uxTaskGetStackHighWaterMark
 .text.prvDeleteTCB
                0x080075e8       0x60 ./Middlewares/Third_Party/FreeRTOS/Source/tasks.o
 .text.prvResetNextTaskUnblockTime
                0x08007648       0x34 ./Middlewares/Third_Party/FreeRTOS/Source/tasks.o
 .text.xTaskGetSchedulerState
                0x0800767c       0x44 ./Middlewares/Third_Party/FreeRTOS/Source/tasks.o
                0x0800767c                xTaskGetSchedulerState
 .text.xTaskPriorityDisinherit
                0x080076c0      0x148 ./Middlewares/Third_Party/FreeRTOS/Source/tasks.o
                0x080076c0                xTaskPriorityDisinherit
 .text.prvAddCurrentTaskToDelayedList
                0x08007808       0xf8 ./Middlewares/Third_Party/FreeRTOS/Source/tasks.o
 .text.xTimerCreateTimerTask
                0x08007900       0xa0 ./Middlewares/Third_Party/FreeRTOS/Source/timers.o
                0x08007900                xTimerCreateTimerTask
 .text.prvReloadTimer
                0x080079a0       0x42 ./Middlewares/Third_Party/FreeRTOS/Source/timers.o
 *fill*         0x080079e2        0x2 
 .text.prvProcessExpiredTimer
                0x080079e4       0x60 ./Middlewares/Third_Party/FreeRTOS/Source/timers.o
 .text.prvTimerTask
                0x08007a44       0x26 ./Middlewares/Third_Party/FreeRTOS/Source/timers.o
 *fill*         0x08007a6a        0x2 
 .text.prvProcessTimerOrBlockTask
                0x08007a6c       0x9c ./Middlewares/Third_Party/FreeRTOS/Source/timers.o
 .text.prvGetNextExpireTime
                0x08007b08       0x44 ./Middlewares/Third_Party/FreeRTOS/Source/timers.o
 .text.prvSampleTimeNow
                0x08007b4c       0x40 ./Middlewares/Third_Party/FreeRTOS/Source/timers.o
 .text.prvInsertTimerInActiveList
                0x08007b8c       0x84 ./Middlewares/Third_Party/FreeRTOS/Source/timers.o
 .text.prvProcessReceivedCommands
                0x08007c10      0x1c8 ./Middlewares/Third_Party/FreeRTOS/Source/timers.o
 .text.prvSwitchTimerLists
                0x08007dd8       0x4c ./Middlewares/Third_Party/FreeRTOS/Source/timers.o
 .text.prvCheckForValidListAndQueue
                0x08007e24       0x80 ./Middlewares/Third_Party/FreeRTOS/Source/timers.o
 .text.pxPortInitialiseStack
                0x08007ea4       0x58 ./Middlewares/Third_Party/FreeRTOS/Source/portable/ARM_CM3/port.o
                0x08007ea4                pxPortInitialiseStack
 .text.prvTaskExitError
                0x08007efc       0x58 ./Middlewares/Third_Party/FreeRTOS/Source/portable/ARM_CM3/port.o
 *fill*         0x08007f54        0xc 
 .text.SVC_Handler
                0x08007f60       0x28 ./Middlewares/Third_Party/FreeRTOS/Source/portable/ARM_CM3/port.o
                0x08007f60                SVC_Handler
 .text.prvPortStartFirstTask
                0x08007f88       0x24 ./Middlewares/Third_Party/FreeRTOS/Source/portable/ARM_CM3/port.o
 .text.xPortStartScheduler
                0x08007fac      0x17c ./Middlewares/Third_Party/FreeRTOS/Source/portable/ARM_CM3/port.o
                0x08007fac                xPortStartScheduler
 .text.vPortEnterCritical
                0x08008128       0x60 ./Middlewares/Third_Party/FreeRTOS/Source/portable/ARM_CM3/port.o
                0x08008128                vPortEnterCritical
 .text.vPortExitCritical
                0x08008188       0x54 ./Middlewares/Third_Party/FreeRTOS/Source/portable/ARM_CM3/port.o
                0x08008188                vPortExitCritical
 *fill*         0x080081dc        0x4 
 .text.PendSV_Handler
                0x080081e0       0x48 ./Middlewares/Third_Party/FreeRTOS/Source/portable/ARM_CM3/port.o
                0x080081e0                PendSV_Handler
 .text.xPortSysTickHandler
                0x08008228       0x54 ./Middlewares/Third_Party/FreeRTOS/Source/portable/ARM_CM3/port.o
                0x08008228                xPortSysTickHandler
 .text.vPortSetupTimerInterrupt
                0x0800827c       0x44 ./Middlewares/Third_Party/FreeRTOS/Source/portable/ARM_CM3/port.o
                0x0800827c                vPortSetupTimerInterrupt
 .text.vPortValidateInterruptPriority
                0x080082c0       0x80 ./Middlewares/Third_Party/FreeRTOS/Source/portable/ARM_CM3/port.o
                0x080082c0                vPortValidateInterruptPriority
 .text.pvPortMalloc
                0x08008340      0x264 ./Middlewares/Third_Party/FreeRTOS/Source/portable/MemMang/heap_4.o
                0x08008340                pvPortMalloc
 .text.vPortFree
                0x080085a4       0xec ./Middlewares/Third_Party/FreeRTOS/Source/portable/MemMang/heap_4.o
                0x080085a4                vPortFree
 .text.prvHeapInit
                0x08008690       0xb4 ./Middlewares/Third_Party/FreeRTOS/Source/portable/MemMang/heap_4.o
 .text.prvInsertBlockIntoFreeList
                0x08008744       0xf4 ./Middlewares/Third_Party/FreeRTOS/Source/portable/MemMang/heap_4.o
 .text._cbSendSystemDesc
                0x08008838       0x1c ./Middlewares/Third_Party/SystemView/FreeRTOSV11/Config/Cortex-M/SEGGER_SYSVIEW_Config_FreeRTOS.o
 .text.SEGGER_SYSVIEW_Conf
                0x08008854       0x2c ./Middlewares/Third_Party/SystemView/FreeRTOSV11/Config/Cortex-M/SEGGER_SYSVIEW_Config_FreeRTOS.o
                0x08008854                SEGGER_SYSVIEW_Conf
 .text._cbSendTaskList
                0x08008880       0xbc ./Middlewares/Third_Party/SystemView/FreeRTOSV11/SEGGER_SYSVIEW_FreeRTOS.o
 .text._cbGetTime
                0x0800893c       0x86 ./Middlewares/Third_Party/SystemView/FreeRTOSV11/SEGGER_SYSVIEW_FreeRTOS.o
 *fill*         0x080089c2        0x2 
 .text.SYSVIEW_AddTask
                0x080089c4       0xd0 ./Middlewares/Third_Party/SystemView/FreeRTOSV11/SEGGER_SYSVIEW_FreeRTOS.o
                0x080089c4                SYSVIEW_AddTask
 .text.SYSVIEW_SendTaskInfo
                0x08008a94       0x42 ./Middlewares/Third_Party/SystemView/FreeRTOSV11/SEGGER_SYSVIEW_FreeRTOS.o
                0x08008a94                SYSVIEW_SendTaskInfo
 *fill*         0x08008ad6        0x2 
 .text._DoInit  0x08008ad8       0xb0 ./Middlewares/Third_Party/SystemView/SEGGER/SEGGER_RTT.o
 .text.SEGGER_RTT_ReadNoLock
                0x08008b88      0x10c ./Middlewares/Third_Party/SystemView/SEGGER/SEGGER_RTT.o
                0x08008b88                SEGGER_RTT_ReadNoLock
 .text.SEGGER_RTT_AllocUpBuffer
                0x08008c94      0x104 ./Middlewares/Third_Party/SystemView/SEGGER/SEGGER_RTT.o
                0x08008c94                SEGGER_RTT_AllocUpBuffer
 .text.SEGGER_RTT_ConfigDownBuffer
                0x08008d98       0x94 ./Middlewares/Third_Party/SystemView/SEGGER/SEGGER_RTT.o
                0x08008d98                SEGGER_RTT_ConfigDownBuffer
 .text._EncodeStr
                0x08008e2c       0x70 ./Middlewares/Third_Party/SystemView/SEGGER/SEGGER_SYSVIEW.o
 .text._PreparePacket
                0x08008e9c       0x16 ./Middlewares/Third_Party/SystemView/SEGGER/SEGGER_SYSVIEW.o
 *fill*         0x08008eb2        0x2 
 .text._HandleIncomingPacket
                0x08008eb4       0xdc ./Middlewares/Third_Party/SystemView/SEGGER/SEGGER_SYSVIEW.o
 .text._TrySendOverflowPacket
                0x08008f90       0xe4 ./Middlewares/Third_Party/SystemView/SEGGER/SEGGER_SYSVIEW.o
 .text._SendPacket
                0x08009074      0x2dc ./Middlewares/Third_Party/SystemView/SEGGER/SEGGER_SYSVIEW.o
 .text.SEGGER_SYSVIEW_Init
                0x08009350       0x88 ./Middlewares/Third_Party/SystemView/SEGGER/SEGGER_SYSVIEW.o
                0x08009350                SEGGER_SYSVIEW_Init
 .text.SEGGER_SYSVIEW_SetRAMBase
                0x080093d8       0x1c ./Middlewares/Third_Party/SystemView/SEGGER/SEGGER_SYSVIEW.o
                0x080093d8                SEGGER_SYSVIEW_SetRAMBase
 .text.SEGGER_SYSVIEW_RecordVoid
                0x080093f4       0x3c ./Middlewares/Third_Party/SystemView/SEGGER/SEGGER_SYSVIEW.o
                0x080093f4                SEGGER_SYSVIEW_RecordVoid
 .text.SEGGER_SYSVIEW_RecordU32
                0x08009430       0x78 ./Middlewares/Third_Party/SystemView/SEGGER/SEGGER_SYSVIEW.o
                0x08009430                SEGGER_SYSVIEW_RecordU32
 .text.SEGGER_SYSVIEW_RecordU32x2
                0x080094a8       0xb4 ./Middlewares/Third_Party/SystemView/SEGGER/SEGGER_SYSVIEW.o
                0x080094a8                SEGGER_SYSVIEW_RecordU32x2
 .text.SEGGER_SYSVIEW_Start
                0x0800955c      0x174 ./Middlewares/Third_Party/SystemView/SEGGER/SEGGER_SYSVIEW.o
                0x0800955c                SEGGER_SYSVIEW_Start
 .text.SEGGER_SYSVIEW_Stop
                0x080096d0       0x4c ./Middlewares/Third_Party/SystemView/SEGGER/SEGGER_SYSVIEW.o
                0x080096d0                SEGGER_SYSVIEW_Stop
 .text.SEGGER_SYSVIEW_GetSysDesc
                0x0800971c      0x134 ./Middlewares/Third_Party/SystemView/SEGGER/SEGGER_SYSVIEW.o
                0x0800971c                SEGGER_SYSVIEW_GetSysDesc
 .text.SEGGER_SYSVIEW_SendTaskInfo
                0x08009850      0x1c8 ./Middlewares/Third_Party/SystemView/SEGGER/SEGGER_SYSVIEW.o
                0x08009850                SEGGER_SYSVIEW_SendTaskInfo
 .text.SEGGER_SYSVIEW_SendTaskList
                0x08009a18       0x28 ./Middlewares/Third_Party/SystemView/SEGGER/SEGGER_SYSVIEW.o
                0x08009a18                SEGGER_SYSVIEW_SendTaskList
 .text.SEGGER_SYSVIEW_SendSysDesc
                0x08009a40       0x48 ./Middlewares/Third_Party/SystemView/SEGGER/SEGGER_SYSVIEW.o
                0x08009a40                SEGGER_SYSVIEW_SendSysDesc
 .text.SEGGER_SYSVIEW_RecordSystime
                0x08009a88       0x64 ./Middlewares/Third_Party/SystemView/SEGGER/SEGGER_SYSVIEW.o
                0x08009a88                SEGGER_SYSVIEW_RecordSystime
 .text.SEGGER_SYSVIEW_RecordEnterISR
                0x08009aec       0x84 ./Middlewares/Third_Party/SystemView/SEGGER/SEGGER_SYSVIEW.o
                0x08009aec                SEGGER_SYSVIEW_RecordEnterISR
 .text.SEGGER_SYSVIEW_RecordExitISR
                0x08009b70       0x38 ./Middlewares/Third_Party/SystemView/SEGGER/SEGGER_SYSVIEW.o
                0x08009b70                SEGGER_SYSVIEW_RecordExitISR
 .text.SEGGER_SYSVIEW_RecordExitISRToScheduler
                0x08009ba8       0x38 ./Middlewares/Third_Party/SystemView/SEGGER/SEGGER_SYSVIEW.o
                0x08009ba8                SEGGER_SYSVIEW_RecordExitISRToScheduler
 .text.SEGGER_SYSVIEW_RecordEndCall
                0x08009be0       0x78 ./Middlewares/Third_Party/SystemView/SEGGER/SEGGER_SYSVIEW.o
                0x08009be0                SEGGER_SYSVIEW_RecordEndCall
 .text.SEGGER_SYSVIEW_RecordEndCallU32
                0x08009c58       0xb0 ./Middlewares/Third_Party/SystemView/SEGGER/SEGGER_SYSVIEW.o
                0x08009c58                SEGGER_SYSVIEW_RecordEndCallU32
 .text.SEGGER_SYSVIEW_OnIdle
                0x08009d08       0x38 ./Middlewares/Third_Party/SystemView/SEGGER/SEGGER_SYSVIEW.o
                0x08009d08                SEGGER_SYSVIEW_OnIdle
 .text.SEGGER_SYSVIEW_OnTaskCreate
                0x08009d40       0x84 ./Middlewares/Third_Party/SystemView/SEGGER/SEGGER_SYSVIEW.o
                0x08009d40                SEGGER_SYSVIEW_OnTaskCreate
 .text.SEGGER_SYSVIEW_OnTaskStartExec
                0x08009dc4       0x84 ./Middlewares/Third_Party/SystemView/SEGGER/SEGGER_SYSVIEW.o
                0x08009dc4                SEGGER_SYSVIEW_OnTaskStartExec
 .text.SEGGER_SYSVIEW_OnTaskStartReady
                0x08009e48       0x84 ./Middlewares/Third_Party/SystemView/SEGGER/SEGGER_SYSVIEW.o
                0x08009e48                SEGGER_SYSVIEW_OnTaskStartReady
 .text.SEGGER_SYSVIEW_OnTaskStopReady
                0x08009ecc       0xc0 ./Middlewares/Third_Party/SystemView/SEGGER/SEGGER_SYSVIEW.o
                0x08009ecc                SEGGER_SYSVIEW_OnTaskStopReady
 .text.SEGGER_SYSVIEW_ShrinkId
                0x08009f8c       0x20 ./Middlewares/Third_Party/SystemView/SEGGER/SEGGER_SYSVIEW.o
                0x08009f8c                SEGGER_SYSVIEW_ShrinkId
 .text.SEGGER_SYSVIEW_SendModule
                0x08009fac      0x114 ./Middlewares/Third_Party/SystemView/SEGGER/SEGGER_SYSVIEW.o
                0x08009fac                SEGGER_SYSVIEW_SendModule
 .text.SEGGER_SYSVIEW_SendModuleDescription
                0x0800a0c0       0x3c ./Middlewares/Third_Party/SystemView/SEGGER/SEGGER_SYSVIEW.o
                0x0800a0c0                SEGGER_SYSVIEW_SendModuleDescription
 .text.SEGGER_SYSVIEW_SendNumModules
                0x0800a0fc       0x7c ./Middlewares/Third_Party/SystemView/SEGGER/SEGGER_SYSVIEW.o
                0x0800a0fc                SEGGER_SYSVIEW_SendNumModules
 .text.SEGGER_SYSVIEW_Warn
                0x0800a178       0xb8 ./Middlewares/Third_Party/SystemView/SEGGER/SEGGER_SYSVIEW.o
                0x0800a178                SEGGER_SYSVIEW_Warn
 .text.sprintf  0x0800a230       0x44 D:/ST/STM32CubeIDE_1.18.1/STM32CubeIDE/plugins/com.st.stm32cube.ide.mcu.externaltools.gnu-tools-for-stm32.13.3.rel1.win32_1.0.0.202411081344/tools/bin/../lib/gcc/arm-none-eabi/13.3.1/../../../../arm-none-eabi/lib/thumb/v7-m/nofp\libc_nano.a(libc_a-sprintf.o)
                0x0800a230                siprintf
                0x0800a230                sprintf
 .text.memcmp   0x0800a274       0x20 D:/ST/STM32CubeIDE_1.18.1/STM32CubeIDE/plugins/com.st.stm32cube.ide.mcu.externaltools.gnu-tools-for-stm32.13.3.rel1.win32_1.0.0.202411081344/tools/bin/../lib/gcc/arm-none-eabi/13.3.1/../../../../arm-none-eabi/lib/thumb/v7-m/nofp\libc_nano.a(libc_a-memcmp.o)
                0x0800a274                memcmp
 .text.memset   0x0800a294       0x10 D:/ST/STM32CubeIDE_1.18.1/STM32CubeIDE/plugins/com.st.stm32cube.ide.mcu.externaltools.gnu-tools-for-stm32.13.3.rel1.win32_1.0.0.202411081344/tools/bin/../lib/gcc/arm-none-eabi/13.3.1/../../../../arm-none-eabi/lib/thumb/v7-m/nofp\libc_nano.a(libc_a-memset.o)
                0x0800a294                memset
 .text.__errno  0x0800a2a4        0xc D:/ST/STM32CubeIDE_1.18.1/STM32CubeIDE/plugins/com.st.stm32cube.ide.mcu.externaltools.gnu-tools-for-stm32.13.3.rel1.win32_1.0.0.202411081344/tools/bin/../lib/gcc/arm-none-eabi/13.3.1/../../../../arm-none-eabi/lib/thumb/v7-m/nofp\libc_nano.a(libc_a-errno.o)
                0x0800a2a4                __errno
 .text.__libc_init_array
                0x0800a2b0       0x48 D:/ST/STM32CubeIDE_1.18.1/STM32CubeIDE/plugins/com.st.stm32cube.ide.mcu.externaltools.gnu-tools-for-stm32.13.3.rel1.win32_1.0.0.202411081344/tools/bin/../lib/gcc/arm-none-eabi/13.3.1/../../../../arm-none-eabi/lib/thumb/v7-m/nofp\libc_nano.a(libc_a-init.o)
                0x0800a2b0                __libc_init_array
 .text.__retarget_lock_acquire_recursive
                0x0800a2f8        0x2 D:/ST/STM32CubeIDE_1.18.1/STM32CubeIDE/plugins/com.st.stm32cube.ide.mcu.externaltools.gnu-tools-for-stm32.13.3.rel1.win32_1.0.0.202411081344/tools/bin/../lib/gcc/arm-none-eabi/13.3.1/../../../../arm-none-eabi/lib/thumb/v7-m/nofp\libc_nano.a(libc_a-lock.o)
                0x0800a2f8                __retarget_lock_acquire_recursive
 .text.__retarget_lock_release_recursive
                0x0800a2fa        0x2 D:/ST/STM32CubeIDE_1.18.1/STM32CubeIDE/plugins/com.st.stm32cube.ide.mcu.externaltools.gnu-tools-for-stm32.13.3.rel1.win32_1.0.0.202411081344/tools/bin/../lib/gcc/arm-none-eabi/13.3.1/../../../../arm-none-eabi/lib/thumb/v7-m/nofp\libc_nano.a(libc_a-lock.o)
                0x0800a2fa                __retarget_lock_release_recursive
 .text.memcpy   0x0800a2fc       0x1c D:/ST/STM32CubeIDE_1.18.1/STM32CubeIDE/plugins/com.st.stm32cube.ide.mcu.externaltools.gnu-tools-for-stm32.13.3.rel1.win32_1.0.0.202411081344/tools/bin/../lib/gcc/arm-none-eabi/13.3.1/../../../../arm-none-eabi/lib/thumb/v7-m/nofp\libc_nano.a(libc_a-memcpy-stub.o)
                0x0800a2fc                memcpy
 .text._free_r  0x0800a318       0x90 D:/ST/STM32CubeIDE_1.18.1/STM32CubeIDE/plugins/com.st.stm32cube.ide.mcu.externaltools.gnu-tools-for-stm32.13.3.rel1.win32_1.0.0.202411081344/tools/bin/../lib/gcc/arm-none-eabi/13.3.1/../../../../arm-none-eabi/lib/thumb/v7-m/nofp\libc_nano.a(libc_a-freer.o)
                0x0800a318                _free_r
 .text.sbrk_aligned
                0x0800a3a8       0x44 D:/ST/STM32CubeIDE_1.18.1/STM32CubeIDE/plugins/com.st.stm32cube.ide.mcu.externaltools.gnu-tools-for-stm32.13.3.rel1.win32_1.0.0.202411081344/tools/bin/../lib/gcc/arm-none-eabi/13.3.1/../../../../arm-none-eabi/lib/thumb/v7-m/nofp\libc_nano.a(libc_a-mallocr.o)
 .text._malloc_r
                0x0800a3ec      0x100 D:/ST/STM32CubeIDE_1.18.1/STM32CubeIDE/plugins/com.st.stm32cube.ide.mcu.externaltools.gnu-tools-for-stm32.13.3.rel1.win32_1.0.0.202411081344/tools/bin/../lib/gcc/arm-none-eabi/13.3.1/../../../../arm-none-eabi/lib/thumb/v7-m/nofp\libc_nano.a(libc_a-mallocr.o)
                0x0800a3ec                _malloc_r
 .text.__malloc_lock
                0x0800a4ec        0xc D:/ST/STM32CubeIDE_1.18.1/STM32CubeIDE/plugins/com.st.stm32cube.ide.mcu.externaltools.gnu-tools-for-stm32.13.3.rel1.win32_1.0.0.202411081344/tools/bin/../lib/gcc/arm-none-eabi/13.3.1/../../../../arm-none-eabi/lib/thumb/v7-m/nofp\libc_nano.a(libc_a-mlock.o)
                0x0800a4ec                __malloc_lock
 .text.__malloc_unlock
                0x0800a4f8        0xc D:/ST/STM32CubeIDE_1.18.1/STM32CubeIDE/plugins/com.st.stm32cube.ide.mcu.externaltools.gnu-tools-for-stm32.13.3.rel1.win32_1.0.0.202411081344/tools/bin/../lib/gcc/arm-none-eabi/13.3.1/../../../../arm-none-eabi/lib/thumb/v7-m/nofp\libc_nano.a(libc_a-mlock.o)
                0x0800a4f8                __malloc_unlock
 .text.__ssputs_r
                0x0800a504       0xb6 D:/ST/STM32CubeIDE_1.18.1/STM32CubeIDE/plugins/com.st.stm32cube.ide.mcu.externaltools.gnu-tools-for-stm32.13.3.rel1.win32_1.0.0.202411081344/tools/bin/../lib/gcc/arm-none-eabi/13.3.1/../../../../arm-none-eabi/lib/thumb/v7-m/nofp\libc_nano.a(libc_a-nano-svfprintf.o)
                0x0800a504                __ssputs_r
 *fill*         0x0800a5ba        0x2 
 .text._svfprintf_r
                0x0800a5bc      0x1f8 D:/ST/STM32CubeIDE_1.18.1/STM32CubeIDE/plugins/com.st.stm32cube.ide.mcu.externaltools.gnu-tools-for-stm32.13.3.rel1.win32_1.0.0.202411081344/tools/bin/../lib/gcc/arm-none-eabi/13.3.1/../../../../arm-none-eabi/lib/thumb/v7-m/nofp\libc_nano.a(libc_a-nano-svfprintf.o)
                0x0800a5bc                _svfiprintf_r
                0x0800a5bc                _svfprintf_r
 .text._printf_common
                0x0800a7b4       0xe4 D:/ST/STM32CubeIDE_1.18.1/STM32CubeIDE/plugins/com.st.stm32cube.ide.mcu.externaltools.gnu-tools-for-stm32.13.3.rel1.win32_1.0.0.202411081344/tools/bin/../lib/gcc/arm-none-eabi/13.3.1/../../../../arm-none-eabi/lib/thumb/v7-m/nofp\libc_nano.a(libc_a-nano-vfprintf_i.o)
                0x0800a7b4                _printf_common
 .text._printf_i
                0x0800a898      0x23c D:/ST/STM32CubeIDE_1.18.1/STM32CubeIDE/plugins/com.st.stm32cube.ide.mcu.externaltools.gnu-tools-for-stm32.13.3.rel1.win32_1.0.0.202411081344/tools/bin/../lib/gcc/arm-none-eabi/13.3.1/../../../../arm-none-eabi/lib/thumb/v7-m/nofp\libc_nano.a(libc_a-nano-vfprintf_i.o)
                0x0800a898                _printf_i
 .text.memmove  0x0800aad4       0x34 D:/ST/STM32CubeIDE_1.18.1/STM32CubeIDE/plugins/com.st.stm32cube.ide.mcu.externaltools.gnu-tools-for-stm32.13.3.rel1.win32_1.0.0.202411081344/tools/bin/../lib/gcc/arm-none-eabi/13.3.1/../../../../arm-none-eabi/lib/thumb/v7-m/nofp\libc_nano.a(libc_a-memmove.o)
                0x0800aad4                memmove
 .text._sbrk_r  0x0800ab08       0x20 D:/ST/STM32CubeIDE_1.18.1/STM32CubeIDE/plugins/com.st.stm32cube.ide.mcu.externaltools.gnu-tools-for-stm32.13.3.rel1.win32_1.0.0.202411081344/tools/bin/../lib/gcc/arm-none-eabi/13.3.1/../../../../arm-none-eabi/lib/thumb/v7-m/nofp\libc_nano.a(libc_a-sbrkr.o)
                0x0800ab08                _sbrk_r
 .text.memchr   0x0800ab28       0x1c D:/ST/STM32CubeIDE_1.18.1/STM32CubeIDE/plugins/com.st.stm32cube.ide.mcu.externaltools.gnu-tools-for-stm32.13.3.rel1.win32_1.0.0.202411081344/tools/bin/../lib/gcc/arm-none-eabi/13.3.1/../../../../arm-none-eabi/lib/thumb/v7-m/nofp\libc_nano.a(libc_a-memchr-stub.o)
                0x0800ab28                memchr
 .text._realloc_r
                0x0800ab44       0x5c D:/ST/STM32CubeIDE_1.18.1/STM32CubeIDE/plugins/com.st.stm32cube.ide.mcu.externaltools.gnu-tools-for-stm32.13.3.rel1.win32_1.0.0.202411081344/tools/bin/../lib/gcc/arm-none-eabi/13.3.1/../../../../arm-none-eabi/lib/thumb/v7-m/nofp\libc_nano.a(libc_a-reallocr.o)
                0x0800ab44                _realloc_r
 .text._malloc_usable_size_r
                0x0800aba0       0x10 D:/ST/STM32CubeIDE_1.18.1/STM32CubeIDE/plugins/com.st.stm32cube.ide.mcu.externaltools.gnu-tools-for-stm32.13.3.rel1.win32_1.0.0.202411081344/tools/bin/../lib/gcc/arm-none-eabi/13.3.1/../../../../arm-none-eabi/lib/thumb/v7-m/nofp\libc_nano.a(libc_a-msizer.o)
                0x0800aba0                _malloc_usable_size_r
 *(.glue_7)
 .glue_7        0x0800abb0        0x0 linker stubs
 *(.glue_7t)
 .glue_7t       0x0800abb0        0x0 linker stubs
 *(.eh_frame)
 .eh_frame      0x0800abb0        0x0 D:/ST/STM32CubeIDE_1.18.1/STM32CubeIDE/plugins/com.st.stm32cube.ide.mcu.externaltools.gnu-tools-for-stm32.13.3.rel1.win32_1.0.0.202411081344/tools/bin/../lib/gcc/arm-none-eabi/13.3.1/thumb/v7-m/nofp/crtbegin.o
 *(.init)
 .init          0x0800abb0        0x4 D:/ST/STM32CubeIDE_1.18.1/STM32CubeIDE/plugins/com.st.stm32cube.ide.mcu.externaltools.gnu-tools-for-stm32.13.3.rel1.win32_1.0.0.202411081344/tools/bin/../lib/gcc/arm-none-eabi/13.3.1/thumb/v7-m/nofp/crti.o
                0x0800abb0                _init
 .init          0x0800abb4        0x8 D:/ST/STM32CubeIDE_1.18.1/STM32CubeIDE/plugins/com.st.stm32cube.ide.mcu.externaltools.gnu-tools-for-stm32.13.3.rel1.win32_1.0.0.202411081344/tools/bin/../lib/gcc/arm-none-eabi/13.3.1/thumb/v7-m/nofp/crtn.o
 *(.fini)
 .fini          0x0800abbc        0x4 D:/ST/STM32CubeIDE_1.18.1/STM32CubeIDE/plugins/com.st.stm32cube.ide.mcu.externaltools.gnu-tools-for-stm32.13.3.rel1.win32_1.0.0.202411081344/tools/bin/../lib/gcc/arm-none-eabi/13.3.1/thumb/v7-m/nofp/crti.o
                0x0800abbc                _fini
 .fini          0x0800abc0        0x8 D:/ST/STM32CubeIDE_1.18.1/STM32CubeIDE/plugins/com.st.stm32cube.ide.mcu.externaltools.gnu-tools-for-stm32.13.3.rel1.win32_1.0.0.202411081344/tools/bin/../lib/gcc/arm-none-eabi/13.3.1/thumb/v7-m/nofp/crtn.o
                0x0800abc8                        . = ALIGN (0x4)
                0x0800abc8                        _etext = .

.vfp11_veneer   0x0800abc8        0x0
 .vfp11_veneer  0x0800abc8        0x0 linker stubs

.v4_bx          0x0800abc8        0x0
 .v4_bx         0x0800abc8        0x0 linker stubs

.iplt           0x0800abc8        0x0
 .iplt          0x0800abc8        0x0 D:/ST/STM32CubeIDE_1.18.1/STM32CubeIDE/plugins/com.st.stm32cube.ide.mcu.externaltools.gnu-tools-for-stm32.13.3.rel1.win32_1.0.0.202411081344/tools/bin/../lib/gcc/arm-none-eabi/13.3.1/thumb/v7-m/nofp/crtbegin.o

.rodata         0x0800abc8      0x200
                0x0800abc8                        . = ALIGN (0x4)
 *(.rodata)
 .rodata        0x0800abc8       0x44 ./Core/Src/main.o
 .rodata        0x0800ac0c        0x5 ./Middlewares/Third_Party/FreeRTOS/Source/tasks.o
 *fill*         0x0800ac11        0x3 
 .rodata        0x0800ac14        0xd ./Middlewares/Third_Party/FreeRTOS/Source/timers.o
 *fill*         0x0800ac21        0x3 
 .rodata        0x0800ac24       0x41 ./Middlewares/Third_Party/SystemView/FreeRTOSV11/Config/Cortex-M/SEGGER_SYSVIEW_Config_FreeRTOS.o
 *fill*         0x0800ac65        0x3 
 .rodata        0x0800ac68       0x58 ./Middlewares/Third_Party/SystemView/FreeRTOSV11/SEGGER_SYSVIEW_FreeRTOS.o
 .rodata        0x0800acc0        0x9 ./Middlewares/Third_Party/SystemView/SEGGER/SEGGER_RTT.o
 *fill*         0x0800acc9        0x3 
 .rodata        0x0800accc       0x10 ./Middlewares/Third_Party/SystemView/SEGGER/SEGGER_SYSVIEW.o
 *(.rodata*)
 .rodata.SensorReadTask_attributes
                0x0800acdc       0x24 ./Core/Src/main.o
                0x0800acdc                SensorReadTask_attributes
 .rodata.DataTransferTask_attributes
                0x0800ad00       0x24 ./Core/Src/main.o
                0x0800ad00                DataTransferTask_attributes
 .rodata.SensorRAWQueue_attributes
                0x0800ad24       0x18 ./Core/Src/main.o
                0x0800ad24                SensorRAWQueue_attributes
 .rodata.AHBPrescTable
                0x0800ad3c       0x10 ./Core/Src/system_stm32f1xx.o
                0x0800ad3c                AHBPrescTable
 .rodata.APBPrescTable
                0x0800ad4c        0x8 ./Core/Src/system_stm32f1xx.o
                0x0800ad4c                APBPrescTable
 .rodata.aPLLMULFactorTable.1
                0x0800ad54       0x10 ./Drivers/STM32F1xx_HAL_Driver/Src/stm32f1xx_hal_rcc.o
 .rodata.aPredivFactorTable.0
                0x0800ad64        0x2 ./Drivers/STM32F1xx_HAL_Driver/Src/stm32f1xx_hal_rcc.o
 *fill*         0x0800ad66        0x2 
 .rodata.uxTopUsedPriority
                0x0800ad68        0x4 ./Middlewares/Third_Party/FreeRTOS/Source/tasks.o
 .rodata.SYSVIEW_X_OS_TraceAPI
                0x0800ad6c        0x8 ./Middlewares/Third_Party/SystemView/FreeRTOSV11/SEGGER_SYSVIEW_FreeRTOS.o
                0x0800ad6c                SYSVIEW_X_OS_TraceAPI
 .rodata._aInitStr.0
                0x0800ad74       0x11 ./Middlewares/Third_Party/SystemView/SEGGER/SEGGER_RTT.o
 *fill*         0x0800ad85        0x3 
 .rodata._abSync
                0x0800ad88        0xa ./Middlewares/Third_Party/SystemView/SEGGER/SEGGER_SYSVIEW.o
 .rodata._svfprintf_r.str1.1
                0x0800ad92       0x33 D:/ST/STM32CubeIDE_1.18.1/STM32CubeIDE/plugins/com.st.stm32cube.ide.mcu.externaltools.gnu-tools-for-stm32.13.3.rel1.win32_1.0.0.202411081344/tools/bin/../lib/gcc/arm-none-eabi/13.3.1/../../../../arm-none-eabi/lib/thumb/v7-m/nofp\libc_nano.a(libc_a-nano-svfprintf.o)
                                 0x11 (size before relaxing)
 .rodata._printf_i.str1.1
                0x0800adc5       0x22 D:/ST/STM32CubeIDE_1.18.1/STM32CubeIDE/plugins/com.st.stm32cube.ide.mcu.externaltools.gnu-tools-for-stm32.13.3.rel1.win32_1.0.0.202411081344/tools/bin/../lib/gcc/arm-none-eabi/13.3.1/../../../../arm-none-eabi/lib/thumb/v7-m/nofp\libc_nano.a(libc_a-nano-vfprintf_i.o)
                0x0800ade8                        . = ALIGN (0x4)
 *fill*         0x0800adc5        0x3 

.ARM.extab      0x0800adc8        0x0
                0x0800adc8                        . = ALIGN (0x4)
 *(.ARM.extab* .gnu.linkonce.armextab.*)
                0x0800adc8                        . = ALIGN (0x4)

.ARM            0x0800adc8        0x0
                0x0800adc8                        . = ALIGN (0x4)
                0x0800adc8                        __exidx_start = .
 *(.ARM.exidx*)
                0x0800adc8                        __exidx_end = .
                0x0800adc8                        . = ALIGN (0x4)

.preinit_array  0x0800adc8        0x0
                0x0800adc8                        . = ALIGN (0x4)
                0x0800adc8                        PROVIDE (__preinit_array_start = .)
 *(.preinit_array*)
                0x0800adc8                        PROVIDE (__preinit_array_end = .)
                0x0800adc8                        . = ALIGN (0x4)

.init_array     0x0800adc8        0x4
                0x0800adc8                        . = ALIGN (0x4)
                0x0800adc8                        PROVIDE (__init_array_start = .)
 *(SORT_BY_NAME(.init_array.*))
 *(.init_array*)
 .init_array    0x0800adc8        0x4 D:/ST/STM32CubeIDE_1.18.1/STM32CubeIDE/plugins/com.st.stm32cube.ide.mcu.externaltools.gnu-tools-for-stm32.13.3.rel1.win32_1.0.0.202411081344/tools/bin/../lib/gcc/arm-none-eabi/13.3.1/thumb/v7-m/nofp/crtbegin.o
                0x0800adcc                        PROVIDE (__init_array_end = .)
                0x0800adcc                        . = ALIGN (0x4)

.fini_array     0x0800adcc        0x4
                0x0800adcc                        . = ALIGN (0x4)
                [!provide]                        PROVIDE (__fini_array_start = .)
 *(SORT_BY_NAME(.fini_array.*))
 *(.fini_array*)
 .fini_array    0x0800adcc        0x4 D:/ST/STM32CubeIDE_1.18.1/STM32CubeIDE/plugins/com.st.stm32cube.ide.mcu.externaltools.gnu-tools-for-stm32.13.3.rel1.win32_1.0.0.202411081344/tools/bin/../lib/gcc/arm-none-eabi/13.3.1/thumb/v7-m/nofp/crtbegin.o
                [!provide]                        PROVIDE (__fini_array_end = .)
                0x0800add0                        . = ALIGN (0x4)
                0x0800add0                        _sidata = LOADADDR (.data)

.rel.dyn        0x0800add0        0x0
 .rel.iplt      0x0800add0        0x0 D:/ST/STM32CubeIDE_1.18.1/STM32CubeIDE/plugins/com.st.stm32cube.ide.mcu.externaltools.gnu-tools-for-stm32.13.3.rel1.win32_1.0.0.202411081344/tools/bin/../lib/gcc/arm-none-eabi/13.3.1/thumb/v7-m/nofp/crtbegin.o

.data           0x20000000       0x60 load address 0x0800add0
                0x20000000                        . = ALIGN (0x4)
                0x20000000                        _sdata = .
 *(.data)
 *(.data*)
 .data.SystemCoreClock
                0x20000000        0x4 ./Core/Src/system_stm32f1xx.o
                0x20000000                SystemCoreClock
 .data.uwTickPrio
                0x20000004        0x4 ./Drivers/STM32F1xx_HAL_Driver/Src/stm32f1xx_hal.o
                0x20000004                uwTickPrio
 .data.uwTickFreq
                0x20000008        0x1 ./Drivers/STM32F1xx_HAL_Driver/Src/stm32f1xx_hal.o
                0x20000008                uwTickFreq
 *fill*         0x20000009        0x3 
 .data.uxCriticalNesting
                0x2000000c        0x4 ./Middlewares/Third_Party/FreeRTOS/Source/portable/ARM_CM3/port.o
 .data._impure_ptr
                0x20000010        0x4 D:/ST/STM32CubeIDE_1.18.1/STM32CubeIDE/plugins/com.st.stm32cube.ide.mcu.externaltools.gnu-tools-for-stm32.13.3.rel1.win32_1.0.0.202411081344/tools/bin/../lib/gcc/arm-none-eabi/13.3.1/../../../../arm-none-eabi/lib/thumb/v7-m/nofp\libc_nano.a(libc_a-impure.o)
                0x20000010                _impure_ptr
 .data._impure_data
                0x20000014       0x4c D:/ST/STM32CubeIDE_1.18.1/STM32CubeIDE/plugins/com.st.stm32cube.ide.mcu.externaltools.gnu-tools-for-stm32.13.3.rel1.win32_1.0.0.202411081344/tools/bin/../lib/gcc/arm-none-eabi/13.3.1/../../../../arm-none-eabi/lib/thumb/v7-m/nofp\libc_nano.a(libc_a-impure.o)
                0x20000014                _impure_data
 *(.RamFunc)
 *(.RamFunc*)
                0x20000060                        . = ALIGN (0x4)
                0x20000060                        _edata = .

.igot.plt       0x20000060        0x0 load address 0x0800ae30
 .igot.plt      0x20000060        0x0 D:/ST/STM32CubeIDE_1.18.1/STM32CubeIDE/plugins/com.st.stm32cube.ide.mcu.externaltools.gnu-tools-for-stm32.13.3.rel1.win32_1.0.0.202411081344/tools/bin/../lib/gcc/arm-none-eabi/13.3.1/thumb/v7-m/nofp/crtbegin.o
                0x20000060                        . = ALIGN (0x4)

.bss            0x20000060     0x48fc load address 0x0800ae30
                0x20000060                        _sbss = .
                0x20000060                        __bss_start__ = _sbss
 *(.bss)
 .bss           0x20000060       0x1c D:/ST/STM32CubeIDE_1.18.1/STM32CubeIDE/plugins/com.st.stm32cube.ide.mcu.externaltools.gnu-tools-for-stm32.13.3.rel1.win32_1.0.0.202411081344/tools/bin/../lib/gcc/arm-none-eabi/13.3.1/thumb/v7-m/nofp/crtbegin.o
 *(.bss*)
 .bss.hi2c2     0x2000007c       0x54 ./Core/Src/main.o
                0x2000007c                hi2c2
 .bss.SensorReadTaskHandle
                0x200000d0        0x4 ./Core/Src/main.o
                0x200000d0                SensorReadTaskHandle
 .bss.DataTransferTaskHandle
                0x200000d4        0x4 ./Core/Src/main.o
                0x200000d4                DataTransferTaskHandle
 .bss.SensorRAWQueueHandle
                0x200000d8        0x4 ./Core/Src/main.o
                0x200000d8                SensorRAWQueueHandle
 .bss.Left_Button_State
                0x200000dc        0x1 ./Core/Src/main.o
                0x200000dc                Left_Button_State
 *fill*         0x200000dd        0x3 
 .bss.message_buffer
                0x200000e0       0x28 ./Core/Src/main.o
                0x200000e0                message_buffer
 .bss.htim4     0x20000108       0x48 ./Core/Src/stm32f1xx_hal_timebase_tim.o
                0x20000108                htim4
 .bss.__sbrk_heap_end
                0x20000150        0x4 ./Core/Src/sysmem.o
 .bss.uwTick    0x20000154        0x4 ./Drivers/STM32F1xx_HAL_Driver/Src/stm32f1xx_hal.o
                0x20000154                uwTick
 .bss.chipID    0x20000158        0x1 ./LPS25HB/LPS25HB.o
                0x20000158                chipID
 .bss.datatowrite
                0x20000159        0x1 ./LPS25HB/LPS25HB.o
                0x20000159                datatowrite
 *fill*         0x2000015a        0x2 
 .bss.Temp_RAW  0x2000015c        0x2 ./LPS25HB/LPS25HB.o
                0x2000015c                Temp_RAW
 *fill*         0x2000015e        0x2 
 .bss.Press_RAW
                0x20000160        0x3 ./LPS25HB/LPS25HB.o
                0x20000160                Press_RAW
 *fill*         0x20000163        0x1 
 .bss.KernelState
                0x20000164        0x4 ./Middlewares/Third_Party/FreeRTOS/Source/CMSIS_RTOS_V2/cmsis_os2.o
 .bss.Idle_TCB.3
                0x20000168       0x5c ./Middlewares/Third_Party/FreeRTOS/Source/CMSIS_RTOS_V2/cmsis_os2.o
 .bss.Idle_Stack.2
                0x200001c4      0x400 ./Middlewares/Third_Party/FreeRTOS/Source/CMSIS_RTOS_V2/cmsis_os2.o
 .bss.Timer_TCB.1
                0x200005c4       0x5c ./Middlewares/Third_Party/FreeRTOS/Source/CMSIS_RTOS_V2/cmsis_os2.o
 .bss.Timer_Stack.0
                0x20000620      0x800 ./Middlewares/Third_Party/FreeRTOS/Source/CMSIS_RTOS_V2/cmsis_os2.o
 .bss.xQueueRegistry
                0x20000e20       0x40 ./Middlewares/Third_Party/FreeRTOS/Source/queue.o
                0x20000e20                xQueueRegistry
 .bss.pxCurrentTCB
                0x20000e60        0x4 ./Middlewares/Third_Party/FreeRTOS/Source/tasks.o
                0x20000e60                pxCurrentTCB
 .bss.pxReadyTasksLists
                0x20000e64      0x460 ./Middlewares/Third_Party/FreeRTOS/Source/tasks.o
 .bss.xDelayedTaskList1
                0x200012c4       0x14 ./Middlewares/Third_Party/FreeRTOS/Source/tasks.o
 .bss.xDelayedTaskList2
                0x200012d8       0x14 ./Middlewares/Third_Party/FreeRTOS/Source/tasks.o
 .bss.pxDelayedTaskList
                0x200012ec        0x4 ./Middlewares/Third_Party/FreeRTOS/Source/tasks.o
 .bss.pxOverflowDelayedTaskList
                0x200012f0        0x4 ./Middlewares/Third_Party/FreeRTOS/Source/tasks.o
 .bss.xPendingReadyList
                0x200012f4       0x14 ./Middlewares/Third_Party/FreeRTOS/Source/tasks.o
 .bss.xTasksWaitingTermination
                0x20001308       0x14 ./Middlewares/Third_Party/FreeRTOS/Source/tasks.o
 .bss.uxDeletedTasksWaitingCleanUp
                0x2000131c        0x4 ./Middlewares/Third_Party/FreeRTOS/Source/tasks.o
 .bss.xSuspendedTaskList
                0x20001320       0x14 ./Middlewares/Third_Party/FreeRTOS/Source/tasks.o
 .bss.uxCurrentNumberOfTasks
                0x20001334        0x4 ./Middlewares/Third_Party/FreeRTOS/Source/tasks.o
 .bss.xTickCount
                0x20001338        0x4 ./Middlewares/Third_Party/FreeRTOS/Source/tasks.o
 .bss.uxTopReadyPriority
                0x2000133c        0x4 ./Middlewares/Third_Party/FreeRTOS/Source/tasks.o
 .bss.xSchedulerRunning
                0x20001340        0x4 ./Middlewares/Third_Party/FreeRTOS/Source/tasks.o
 .bss.xPendedTicks
                0x20001344        0x4 ./Middlewares/Third_Party/FreeRTOS/Source/tasks.o
 .bss.xYieldPendings
                0x20001348        0x4 ./Middlewares/Third_Party/FreeRTOS/Source/tasks.o
 .bss.xNumOfOverflows
                0x2000134c        0x4 ./Middlewares/Third_Party/FreeRTOS/Source/tasks.o
 .bss.uxTaskNumber
                0x20001350        0x4 ./Middlewares/Third_Party/FreeRTOS/Source/tasks.o
 .bss.xNextTaskUnblockTime
                0x20001354        0x4 ./Middlewares/Third_Party/FreeRTOS/Source/tasks.o
 .bss.xIdleTaskHandles
                0x20001358        0x4 ./Middlewares/Third_Party/FreeRTOS/Source/tasks.o
 .bss.uxSchedulerSuspended
                0x2000135c        0x4 ./Middlewares/Third_Party/FreeRTOS/Source/tasks.o
 .bss.xActiveTimerList1
                0x20001360       0x14 ./Middlewares/Third_Party/FreeRTOS/Source/timers.o
 .bss.xActiveTimerList2
                0x20001374       0x14 ./Middlewares/Third_Party/FreeRTOS/Source/timers.o
 .bss.pxCurrentTimerList
                0x20001388        0x4 ./Middlewares/Third_Party/FreeRTOS/Source/timers.o
 .bss.pxOverflowTimerList
                0x2000138c        0x4 ./Middlewares/Third_Party/FreeRTOS/Source/timers.o
 .bss.xTimerQueue
                0x20001390        0x4 ./Middlewares/Third_Party/FreeRTOS/Source/timers.o
 .bss.xTimerTaskHandle
                0x20001394        0x4 ./Middlewares/Third_Party/FreeRTOS/Source/timers.o
 .bss.xLastTime.2
                0x20001398        0x4 ./Middlewares/Third_Party/FreeRTOS/Source/timers.o
 .bss.ucStaticTimerQueueStorage.1
                0x2000139c       0xa0 ./Middlewares/Third_Party/FreeRTOS/Source/timers.o
 .bss.xStaticTimerQueue.0
                0x2000143c       0x50 ./Middlewares/Third_Party/FreeRTOS/Source/timers.o
 .bss.ucMaxSysCallPriority
                0x2000148c        0x1 ./Middlewares/Third_Party/FreeRTOS/Source/portable/ARM_CM3/port.o
 *fill*         0x2000148d        0x3 
 .bss.ulMaxPRIGROUPValue
                0x20001490        0x4 ./Middlewares/Third_Party/FreeRTOS/Source/portable/ARM_CM3/port.o
 .bss.ucHeap    0x20001494     0x2710 ./Middlewares/Third_Party/FreeRTOS/Source/portable/MemMang/heap_4.o
 .bss.xStart    0x20003ba4        0x8 ./Middlewares/Third_Party/FreeRTOS/Source/portable/MemMang/heap_4.o
 .bss.pxEnd     0x20003bac        0x4 ./Middlewares/Third_Party/FreeRTOS/Source/portable/MemMang/heap_4.o
 .bss.xFreeBytesRemaining
                0x20003bb0        0x4 ./Middlewares/Third_Party/FreeRTOS/Source/portable/MemMang/heap_4.o
 .bss.xMinimumEverFreeBytesRemaining
                0x20003bb4        0x4 ./Middlewares/Third_Party/FreeRTOS/Source/portable/MemMang/heap_4.o
 .bss.xNumberOfSuccessfulAllocations
                0x20003bb8        0x4 ./Middlewares/Third_Party/FreeRTOS/Source/portable/MemMang/heap_4.o
 .bss.xNumberOfSuccessfulFrees
                0x20003bbc        0x4 ./Middlewares/Third_Party/FreeRTOS/Source/portable/MemMang/heap_4.o
 .bss._aTasks   0x20003bc0       0xa0 ./Middlewares/Third_Party/SystemView/FreeRTOSV11/SEGGER_SYSVIEW_FreeRTOS.o
 .bss._NumTasks
                0x20003c60        0x4 ./Middlewares/Third_Party/SystemView/FreeRTOSV11/SEGGER_SYSVIEW_FreeRTOS.o
 .bss._SEGGER_RTT
                0x20003c64       0xa8 ./Middlewares/Third_Party/SystemView/SEGGER/SEGGER_RTT.o
                0x20003c64                _SEGGER_RTT
 .bss._acUpBuffer
                0x20003d0c      0x400 ./Middlewares/Third_Party/SystemView/SEGGER/SEGGER_RTT.o
 .bss._acDownBuffer
                0x2000410c       0x10 ./Middlewares/Third_Party/SystemView/SEGGER/SEGGER_RTT.o
 .bss._UpBuffer
                0x2000411c      0x5dc ./Middlewares/Third_Party/SystemView/SEGGER/SEGGER_SYSVIEW.o
 .bss._DownBuffer
                0x200046f8        0x8 ./Middlewares/Third_Party/SystemView/SEGGER/SEGGER_SYSVIEW.o
 .bss._SYSVIEW_Globals
                0x20004700       0x28 ./Middlewares/Third_Party/SystemView/SEGGER/SEGGER_SYSVIEW.o
 .bss._pFirstModule
                0x20004728        0x4 ./Middlewares/Third_Party/SystemView/SEGGER/SEGGER_SYSVIEW.o
 .bss._NumModules
                0x2000472c        0x1 ./Middlewares/Third_Party/SystemView/SEGGER/SEGGER_SYSVIEW.o
 *fill*         0x2000472d        0x3 
 .bss._aPacket  0x20004730       0xe3 ./Middlewares/Third_Party/SystemView/SEGGER/SEGGER_SYSVIEW.o
 *fill*         0x20004813        0x1 
 .bss.__sf      0x20004814      0x138 D:/ST/STM32CubeIDE_1.18.1/STM32CubeIDE/plugins/com.st.stm32cube.ide.mcu.externaltools.gnu-tools-for-stm32.13.3.rel1.win32_1.0.0.202411081344/tools/bin/../lib/gcc/arm-none-eabi/13.3.1/../../../../arm-none-eabi/lib/thumb/v7-m/nofp\libc_nano.a(libc_a-findfp.o)
                0x20004814                __sf
 .bss.errno     0x2000494c        0x4 D:/ST/STM32CubeIDE_1.18.1/STM32CubeIDE/plugins/com.st.stm32cube.ide.mcu.externaltools.gnu-tools-for-stm32.13.3.rel1.win32_1.0.0.202411081344/tools/bin/../lib/gcc/arm-none-eabi/13.3.1/../../../../arm-none-eabi/lib/thumb/v7-m/nofp\libc_nano.a(libc_a-reent.o)
                0x2000494c                errno
 .bss.__lock___malloc_recursive_mutex
                0x20004950        0x1 D:/ST/STM32CubeIDE_1.18.1/STM32CubeIDE/plugins/com.st.stm32cube.ide.mcu.externaltools.gnu-tools-for-stm32.13.3.rel1.win32_1.0.0.202411081344/tools/bin/../lib/gcc/arm-none-eabi/13.3.1/../../../../arm-none-eabi/lib/thumb/v7-m/nofp\libc_nano.a(libc_a-lock.o)
                0x20004950                __lock___malloc_recursive_mutex
 *fill*         0x20004951        0x3 
 .bss.__malloc_sbrk_start
                0x20004954        0x4 D:/ST/STM32CubeIDE_1.18.1/STM32CubeIDE/plugins/com.st.stm32cube.ide.mcu.externaltools.gnu-tools-for-stm32.13.3.rel1.win32_1.0.0.202411081344/tools/bin/../lib/gcc/arm-none-eabi/13.3.1/../../../../arm-none-eabi/lib/thumb/v7-m/nofp\libc_nano.a(libc_a-mallocr.o)
                0x20004954                __malloc_sbrk_start
 .bss.__malloc_free_list
                0x20004958        0x4 D:/ST/STM32CubeIDE_1.18.1/STM32CubeIDE/plugins/com.st.stm32cube.ide.mcu.externaltools.gnu-tools-for-stm32.13.3.rel1.win32_1.0.0.202411081344/tools/bin/../lib/gcc/arm-none-eabi/13.3.1/../../../../arm-none-eabi/lib/thumb/v7-m/nofp\libc_nano.a(libc_a-mallocr.o)
                0x20004958                __malloc_free_list
 *(COMMON)
                0x2000495c                        . = ALIGN (0x4)
                0x2000495c                        _ebss = .
                0x2000495c                        __bss_end__ = _ebss

._user_heap_stack
                0x2000495c      0x604 load address 0x0800ae30
                0x20004960                        . = ALIGN (0x8)
 *fill*         0x2000495c        0x4 
                [!provide]                        PROVIDE (end = .)
                0x20004960                        PROVIDE (_end = .)
                0x20004b60                        . = (. + _Min_Heap_Size)
 *fill*         0x20004960      0x200 
                0x20004f60                        . = (. + _Min_Stack_Size)
 *fill*         0x20004b60      0x400 
                0x20004f60                        . = ALIGN (0x8)

/DISCARD/
 libc.a(*)
 libm.a(*)
 libgcc.a(*)

.ARM.attributes
                0x00000000       0x29
 *(.ARM.attributes)
 .ARM.attributes
                0x00000000       0x1d D:/ST/STM32CubeIDE_1.18.1/STM32CubeIDE/plugins/com.st.stm32cube.ide.mcu.externaltools.gnu-tools-for-stm32.13.3.rel1.win32_1.0.0.202411081344/tools/bin/../lib/gcc/arm-none-eabi/13.3.1/thumb/v7-m/nofp/crti.o
 .ARM.attributes
                0x0000001d       0x2d D:/ST/STM32CubeIDE_1.18.1/STM32CubeIDE/plugins/com.st.stm32cube.ide.mcu.externaltools.gnu-tools-for-stm32.13.3.rel1.win32_1.0.0.202411081344/tools/bin/../lib/gcc/arm-none-eabi/13.3.1/thumb/v7-m/nofp/crtbegin.o
 .ARM.attributes
                0x0000004a       0x2d ./Core/Src/LEDS.o
 .ARM.attributes
                0x00000077       0x2d ./Core/Src/main.o
 .ARM.attributes
                0x000000a4       0x2d ./Core/Src/stm32f1xx_hal_msp.o
 .ARM.attributes
                0x000000d1       0x2d ./Core/Src/stm32f1xx_hal_timebase_tim.o
 .ARM.attributes
                0x000000fe       0x2d ./Core/Src/stm32f1xx_it.o
 .ARM.attributes
                0x0000012b       0x2d ./Core/Src/sysmem.o
 .ARM.attributes
                0x00000158       0x2d ./Core/Src/system_stm32f1xx.o
 .ARM.attributes
                0x00000185       0x21 ./Core/Startup/startup_stm32f103rbtx.o
 .ARM.attributes
                0x000001a6       0x2d ./Drivers/STM32F1xx_HAL_Driver/Src/stm32f1xx_hal.o
 .ARM.attributes
                0x000001d3       0x2d ./Drivers/STM32F1xx_HAL_Driver/Src/stm32f1xx_hal_cortex.o
 .ARM.attributes
                0x00000200       0x2d ./Drivers/STM32F1xx_HAL_Driver/Src/stm32f1xx_hal_dma.o
 .ARM.attributes
                0x0000022d       0x2d ./Drivers/STM32F1xx_HAL_Driver/Src/stm32f1xx_hal_gpio.o
 .ARM.attributes
                0x0000025a       0x2d ./Drivers/STM32F1xx_HAL_Driver/Src/stm32f1xx_hal_i2c.o
 .ARM.attributes
                0x00000287       0x2d ./Drivers/STM32F1xx_HAL_Driver/Src/stm32f1xx_hal_rcc.o
 .ARM.attributes
                0x000002b4       0x2d ./Drivers/STM32F1xx_HAL_Driver/Src/stm32f1xx_hal_tim.o
 .ARM.attributes
                0x000002e1       0x2d ./Drivers/STM32F1xx_HAL_Driver/Src/stm32f1xx_hal_tim_ex.o
 .ARM.attributes
                0x0000030e       0x2d ./LPS25HB/LPS25HB.o
 .ARM.attributes
                0x0000033b       0x2d ./Middlewares/Third_Party/FreeRTOS/Source/CMSIS_RTOS_V2/cmsis_os2.o
 .ARM.attributes
                0x00000368       0x2d ./Middlewares/Third_Party/FreeRTOS/Source/list.o
 .ARM.attributes
                0x00000395       0x2d ./Middlewares/Third_Party/FreeRTOS/Source/queue.o
 .ARM.attributes
                0x000003c2       0x2d ./Middlewares/Third_Party/FreeRTOS/Source/tasks.o
 .ARM.attributes
                0x000003ef       0x2d ./Middlewares/Third_Party/FreeRTOS/Source/timers.o
 .ARM.attributes
                0x0000041c       0x2d ./Middlewares/Third_Party/FreeRTOS/Source/portable/ARM_CM3/port.o
 .ARM.attributes
                0x00000449       0x2d ./Middlewares/Third_Party/FreeRTOS/Source/portable/MemMang/heap_4.o
 .ARM.attributes
                0x00000476       0x2d ./Middlewares/Third_Party/SystemView/FreeRTOSV11/Config/Cortex-M/SEGGER_SYSVIEW_Config_FreeRTOS.o
 .ARM.attributes
                0x000004a3       0x2d ./Middlewares/Third_Party/SystemView/FreeRTOSV11/SEGGER_SYSVIEW_FreeRTOS.o
 .ARM.attributes
                0x000004d0       0x2d ./Middlewares/Third_Party/SystemView/SEGGER/SEGGER_RTT.o
 .ARM.attributes
                0x000004fd       0x1b ./Middlewares/Third_Party/SystemView/SEGGER/SEGGER_RTT_ASM_ARMv7M.o
 .ARM.attributes
                0x00000518       0x2d ./Middlewares/Third_Party/SystemView/SEGGER/SEGGER_SYSVIEW.o
 .ARM.attributes
                0x00000545       0x2d D:/ST/STM32CubeIDE_1.18.1/STM32CubeIDE/plugins/com.st.stm32cube.ide.mcu.externaltools.gnu-tools-for-stm32.13.3.rel1.win32_1.0.0.202411081344/tools/bin/../lib/gcc/arm-none-eabi/13.3.1/../../../../arm-none-eabi/lib/thumb/v7-m/nofp\libc_nano.a(libc_a-findfp.o)
 .ARM.attributes
                0x00000572       0x2d D:/ST/STM32CubeIDE_1.18.1/STM32CubeIDE/plugins/com.st.stm32cube.ide.mcu.externaltools.gnu-tools-for-stm32.13.3.rel1.win32_1.0.0.202411081344/tools/bin/../lib/gcc/arm-none-eabi/13.3.1/../../../../arm-none-eabi/lib/thumb/v7-m/nofp\libc_nano.a(libc_a-sprintf.o)
 .ARM.attributes
                0x0000059f       0x2d D:/ST/STM32CubeIDE_1.18.1/STM32CubeIDE/plugins/com.st.stm32cube.ide.mcu.externaltools.gnu-tools-for-stm32.13.3.rel1.win32_1.0.0.202411081344/tools/bin/../lib/gcc/arm-none-eabi/13.3.1/../../../../arm-none-eabi/lib/thumb/v7-m/nofp\libc_nano.a(libc_a-memcmp.o)
 .ARM.attributes
                0x000005cc       0x2d D:/ST/STM32CubeIDE_1.18.1/STM32CubeIDE/plugins/com.st.stm32cube.ide.mcu.externaltools.gnu-tools-for-stm32.13.3.rel1.win32_1.0.0.202411081344/tools/bin/../lib/gcc/arm-none-eabi/13.3.1/../../../../arm-none-eabi/lib/thumb/v7-m/nofp\libc_nano.a(libc_a-memset.o)
 .ARM.attributes
                0x000005f9       0x2d D:/ST/STM32CubeIDE_1.18.1/STM32CubeIDE/plugins/com.st.stm32cube.ide.mcu.externaltools.gnu-tools-for-stm32.13.3.rel1.win32_1.0.0.202411081344/tools/bin/../lib/gcc/arm-none-eabi/13.3.1/../../../../arm-none-eabi/lib/thumb/v7-m/nofp\libc_nano.a(libc_a-reent.o)
 .ARM.attributes
                0x00000626       0x2d D:/ST/STM32CubeIDE_1.18.1/STM32CubeIDE/plugins/com.st.stm32cube.ide.mcu.externaltools.gnu-tools-for-stm32.13.3.rel1.win32_1.0.0.202411081344/tools/bin/../lib/gcc/arm-none-eabi/13.3.1/../../../../arm-none-eabi/lib/thumb/v7-m/nofp\libc_nano.a(libc_a-impure.o)
 .ARM.attributes
                0x00000653       0x2d D:/ST/STM32CubeIDE_1.18.1/STM32CubeIDE/plugins/com.st.stm32cube.ide.mcu.externaltools.gnu-tools-for-stm32.13.3.rel1.win32_1.0.0.202411081344/tools/bin/../lib/gcc/arm-none-eabi/13.3.1/../../../../arm-none-eabi/lib/thumb/v7-m/nofp\libc_nano.a(libc_a-errno.o)
 .ARM.attributes
                0x00000680       0x2d D:/ST/STM32CubeIDE_1.18.1/STM32CubeIDE/plugins/com.st.stm32cube.ide.mcu.externaltools.gnu-tools-for-stm32.13.3.rel1.win32_1.0.0.202411081344/tools/bin/../lib/gcc/arm-none-eabi/13.3.1/../../../../arm-none-eabi/lib/thumb/v7-m/nofp\libc_nano.a(libc_a-init.o)
 .ARM.attributes
                0x000006ad       0x2d D:/ST/STM32CubeIDE_1.18.1/STM32CubeIDE/plugins/com.st.stm32cube.ide.mcu.externaltools.gnu-tools-for-stm32.13.3.rel1.win32_1.0.0.202411081344/tools/bin/../lib/gcc/arm-none-eabi/13.3.1/../../../../arm-none-eabi/lib/thumb/v7-m/nofp\libc_nano.a(libc_a-lock.o)
 .ARM.attributes
                0x000006da       0x2d D:/ST/STM32CubeIDE_1.18.1/STM32CubeIDE/plugins/com.st.stm32cube.ide.mcu.externaltools.gnu-tools-for-stm32.13.3.rel1.win32_1.0.0.202411081344/tools/bin/../lib/gcc/arm-none-eabi/13.3.1/../../../../arm-none-eabi/lib/thumb/v7-m/nofp\libc_nano.a(libc_a-memcpy-stub.o)
 .ARM.attributes
                0x00000707       0x2d D:/ST/STM32CubeIDE_1.18.1/STM32CubeIDE/plugins/com.st.stm32cube.ide.mcu.externaltools.gnu-tools-for-stm32.13.3.rel1.win32_1.0.0.202411081344/tools/bin/../lib/gcc/arm-none-eabi/13.3.1/../../../../arm-none-eabi/lib/thumb/v7-m/nofp\libc_nano.a(libc_a-freer.o)
 .ARM.attributes
                0x00000734       0x2d D:/ST/STM32CubeIDE_1.18.1/STM32CubeIDE/plugins/com.st.stm32cube.ide.mcu.externaltools.gnu-tools-for-stm32.13.3.rel1.win32_1.0.0.202411081344/tools/bin/../lib/gcc/arm-none-eabi/13.3.1/../../../../arm-none-eabi/lib/thumb/v7-m/nofp\libc_nano.a(libc_a-mallocr.o)
 .ARM.attributes
                0x00000761       0x2d D:/ST/STM32CubeIDE_1.18.1/STM32CubeIDE/plugins/com.st.stm32cube.ide.mcu.externaltools.gnu-tools-for-stm32.13.3.rel1.win32_1.0.0.202411081344/tools/bin/../lib/gcc/arm-none-eabi/13.3.1/../../../../arm-none-eabi/lib/thumb/v7-m/nofp\libc_nano.a(libc_a-mlock.o)
 .ARM.attributes
                0x0000078e       0x2d D:/ST/STM32CubeIDE_1.18.1/STM32CubeIDE/plugins/com.st.stm32cube.ide.mcu.externaltools.gnu-tools-for-stm32.13.3.rel1.win32_1.0.0.202411081344/tools/bin/../lib/gcc/arm-none-eabi/13.3.1/../../../../arm-none-eabi/lib/thumb/v7-m/nofp\libc_nano.a(libc_a-nano-svfprintf.o)
 .ARM.attributes
                0x000007bb       0x2d D:/ST/STM32CubeIDE_1.18.1/STM32CubeIDE/plugins/com.st.stm32cube.ide.mcu.externaltools.gnu-tools-for-stm32.13.3.rel1.win32_1.0.0.202411081344/tools/bin/../lib/gcc/arm-none-eabi/13.3.1/../../../../arm-none-eabi/lib/thumb/v7-m/nofp\libc_nano.a(libc_a-nano-vfprintf_i.o)
 .ARM.attributes
                0x000007e8       0x2d D:/ST/STM32CubeIDE_1.18.1/STM32CubeIDE/plugins/com.st.stm32cube.ide.mcu.externaltools.gnu-tools-for-stm32.13.3.rel1.win32_1.0.0.202411081344/tools/bin/../lib/gcc/arm-none-eabi/13.3.1/../../../../arm-none-eabi/lib/thumb/v7-m/nofp\libc_nano.a(libc_a-memmove.o)
 .ARM.attributes
                0x00000815       0x2d D:/ST/STM32CubeIDE_1.18.1/STM32CubeIDE/plugins/com.st.stm32cube.ide.mcu.externaltools.gnu-tools-for-stm32.13.3.rel1.win32_1.0.0.202411081344/tools/bin/../lib/gcc/arm-none-eabi/13.3.1/../../../../arm-none-eabi/lib/thumb/v7-m/nofp\libc_nano.a(libc_a-sbrkr.o)
 .ARM.attributes
                0x00000842       0x2d D:/ST/STM32CubeIDE_1.18.1/STM32CubeIDE/plugins/com.st.stm32cube.ide.mcu.externaltools.gnu-tools-for-stm32.13.3.rel1.win32_1.0.0.202411081344/tools/bin/../lib/gcc/arm-none-eabi/13.3.1/../../../../arm-none-eabi/lib/thumb/v7-m/nofp\libc_nano.a(libc_a-memchr-stub.o)
 .ARM.attributes
                0x0000086f       0x2d D:/ST/STM32CubeIDE_1.18.1/STM32CubeIDE/plugins/com.st.stm32cube.ide.mcu.externaltools.gnu-tools-for-stm32.13.3.rel1.win32_1.0.0.202411081344/tools/bin/../lib/gcc/arm-none-eabi/13.3.1/../../../../arm-none-eabi/lib/thumb/v7-m/nofp\libc_nano.a(libc_a-reallocr.o)
 .ARM.attributes
                0x0000089c       0x2d D:/ST/STM32CubeIDE_1.18.1/STM32CubeIDE/plugins/com.st.stm32cube.ide.mcu.externaltools.gnu-tools-for-stm32.13.3.rel1.win32_1.0.0.202411081344/tools/bin/../lib/gcc/arm-none-eabi/13.3.1/../../../../arm-none-eabi/lib/thumb/v7-m/nofp\libc_nano.a(libc_a-msizer.o)
 .ARM.attributes
                0x000008c9       0x1d D:/ST/STM32CubeIDE_1.18.1/STM32CubeIDE/plugins/com.st.stm32cube.ide.mcu.externaltools.gnu-tools-for-stm32.13.3.rel1.win32_1.0.0.202411081344/tools/bin/../lib/gcc/arm-none-eabi/13.3.1/thumb/v7-m/nofp\libgcc.a(_arm_addsubsf3.o)
 .ARM.attributes
                0x000008e6       0x1d D:/ST/STM32CubeIDE_1.18.1/STM32CubeIDE/plugins/com.st.stm32cube.ide.mcu.externaltools.gnu-tools-for-stm32.13.3.rel1.win32_1.0.0.202411081344/tools/bin/../lib/gcc/arm-none-eabi/13.3.1/thumb/v7-m/nofp\libgcc.a(_arm_muldivsf3.o)
 .ARM.attributes
                0x00000903       0x1d D:/ST/STM32CubeIDE_1.18.1/STM32CubeIDE/plugins/com.st.stm32cube.ide.mcu.externaltools.gnu-tools-for-stm32.13.3.rel1.win32_1.0.0.202411081344/tools/bin/../lib/gcc/arm-none-eabi/13.3.1/thumb/v7-m/nofp\libgcc.a(_arm_fixsfsi.o)
 .ARM.attributes
                0x00000920       0x1d D:/ST/STM32CubeIDE_1.18.1/STM32CubeIDE/plugins/com.st.stm32cube.ide.mcu.externaltools.gnu-tools-for-stm32.13.3.rel1.win32_1.0.0.202411081344/tools/bin/../lib/gcc/arm-none-eabi/13.3.1/thumb/v7-m/nofp/crtn.o
OUTPUT(STM32F103-FreeRTOS-SEGGERJLINK.elf elf32-littlearm)
LOAD linker stubs
LOAD D:/ST/STM32CubeIDE_1.18.1/STM32CubeIDE/plugins/com.st.stm32cube.ide.mcu.externaltools.gnu-tools-for-stm32.13.3.rel1.win32_1.0.0.202411081344/tools/bin/../lib/gcc/arm-none-eabi/13.3.1/../../../../arm-none-eabi/lib/thumb/v7-m/nofp\libc.a
LOAD D:/ST/STM32CubeIDE_1.18.1/STM32CubeIDE/plugins/com.st.stm32cube.ide.mcu.externaltools.gnu-tools-for-stm32.13.3.rel1.win32_1.0.0.202411081344/tools/bin/../lib/gcc/arm-none-eabi/13.3.1/../../../../arm-none-eabi/lib/thumb/v7-m/nofp\libm.a
LOAD D:/ST/STM32CubeIDE_1.18.1/STM32CubeIDE/plugins/com.st.stm32cube.ide.mcu.externaltools.gnu-tools-for-stm32.13.3.rel1.win32_1.0.0.202411081344/tools/bin/../lib/gcc/arm-none-eabi/13.3.1/thumb/v7-m/nofp\libgcc.a

.debug_info     0x00000000    0x1d13f
 .debug_info    0x00000000      0x24c ./Core/Src/LEDS.o
 .debug_info    0x0000024c     0x1787 ./Core/Src/main.o
 .debug_info    0x000019d3      0x9be ./Core/Src/stm32f1xx_hal_msp.o
 .debug_info    0x00002391      0x9a8 ./Core/Src/stm32f1xx_hal_timebase_tim.o
 .debug_info    0x00002d39      0x9bb ./Core/Src/stm32f1xx_it.o
 .debug_info    0x000036f4      0x168 ./Core/Src/sysmem.o
 .debug_info    0x0000385c      0x222 ./Core/Src/system_stm32f1xx.o
 .debug_info    0x00003a7e       0x30 ./Core/Startup/startup_stm32f103rbtx.o
 .debug_info    0x00003aae      0x704 ./Drivers/STM32F1xx_HAL_Driver/Src/stm32f1xx_hal.o
 .debug_info    0x000041b2      0xa87 ./Drivers/STM32F1xx_HAL_Driver/Src/stm32f1xx_hal_cortex.o
 .debug_info    0x00004c39      0x6d2 ./Drivers/STM32F1xx_HAL_Driver/Src/stm32f1xx_hal_dma.o
 .debug_info    0x0000530b      0x5ab ./Drivers/STM32F1xx_HAL_Driver/Src/stm32f1xx_hal_gpio.o
 .debug_info    0x000058b6     0x2524 ./Drivers/STM32F1xx_HAL_Driver/Src/stm32f1xx_hal_i2c.o
 .debug_info    0x00007dda      0x7d5 ./Drivers/STM32F1xx_HAL_Driver/Src/stm32f1xx_hal_rcc.o
 .debug_info    0x000085af     0x2959 ./Drivers/STM32F1xx_HAL_Driver/Src/stm32f1xx_hal_tim.o
 .debug_info    0x0000af08     0x149b ./Drivers/STM32F1xx_HAL_Driver/Src/stm32f1xx_hal_tim_ex.o
 .debug_info    0x0000c3a3      0x71a ./LPS25HB/LPS25HB.o
 .debug_info    0x0000cabd     0x39d8 ./Middlewares/Third_Party/FreeRTOS/Source/CMSIS_RTOS_V2/cmsis_os2.o
 .debug_info    0x00010495      0x2d8 ./Middlewares/Third_Party/FreeRTOS/Source/list.o
 .debug_info    0x0001076d     0x1d85 ./Middlewares/Third_Party/FreeRTOS/Source/queue.o