../Middlewares/Third_Party/FreeRTOS/Source/event_groups.c:86:28:xEventGroupCreateStatic	16	static,ignoring_inline_asm
../Middlewares/Third_Party/FreeRTOS/Source/event_groups.c:145:28:xEventGroupCreate	16	static
../Middlewares/Third_Party/FreeRTOS/Source/event_groups.c:312:17:xEventGroupWaitBits	32	static,ignoring_inline_asm
../Middlewares/Third_Party/FreeRTOS/Source/event_groups.c:472:17:xEventGroupClearBits	16	static,ignoring_inline_asm
../Middlewares/Third_Party/FreeRTOS/Source/event_groups.c:761:10:vEventGroupClearBitsCallback	8	static
../Middlewares/Third_Party/FreeRTOS/Source/event_groups.c:506:20:xEventGroupClearBitsFromISR	8	static
../Middlewares/Third_Party/FreeRTOS/Source/event_groups.c:524:17:xEventGroupGetBitsFromISR	8	static,ignoring_inline_asm
../Middlewares/Third_Party/FreeRTOS/Source/event_groups.c:547:17:xEventGroupSetBits	24	static,ignoring_inline_asm
../Middlewares/Third_Party/FreeRTOS/Source/event_groups.c:185:17:xEventGroupSync	24	static,ignoring_inline_asm
../Middlewares/Third_Party/FreeRTOS/Source/event_groups.c:745:10:vEventGroupSetBitsCallback	8	static
../Middlewares/Third_Party/FreeRTOS/Source/event_groups.c:647:10:vEventGroupDelete	16	static,ignoring_inline_asm
../Middlewares/Third_Party/FreeRTOS/Source/event_groups.c:698:20:xEventGroupGetStaticBuffer	0	static,ignoring_inline_asm
../Middlewares/Third_Party/FreeRTOS/Source/event_groups.c:814:20:xEventGroupSetBitsFromISR	8	static
../Middlewares/Third_Party/FreeRTOS/Source/event_groups.c:835:21:uxEventGroupGetNumber	8	static
../Middlewares/Third_Party/FreeRTOS/Source/event_groups.c:865:14:vEventGroupSetNumber	0	static
