../Middlewares/Third_Party/FreeRTOS/Source/portable/ARM_CM3/port.c:228:6:SVC_Handler	0	static,ignoring_inline_asm
../Middlewares/Third_Party/FreeRTOS/Source/portable/ARM_CM3/port.c:248:13:prvPortStartFirstTask	0	static,ignoring_inline_asm
../Middlewares/Third_Party/FreeRTOS/Source/portable/ARM_CM3/port.c:456:6:PendSV_Handler	0	static,ignoring_inline_asm
../Middlewares/Third_Party/FreeRTOS/Source/portable/ARM_CM3/port.c:202:13:prvTaskExitError	8	static,ignoring_inline_asm
../Middlewares/Third_Party/FreeRTOS/Source/portable/ARM_CM3/port.c:182:15:pxPortInitialiseStack	0	static
../Middlewares/Third_Party/FreeRTOS/Source/portable/ARM_CM3/port.c:419:6:vPortEndScheduler	0	static,ignoring_inline_asm
../Middlewares/Third_Party/FreeRTOS/Source/portable/ARM_CM3/port.c:427:6:vPortEnterCritical	0	static,ignoring_inline_asm
../Middlewares/Third_Party/FreeRTOS/Source/portable/ARM_CM3/port.c:444:6:vPortExitCritical	0	static,ignoring_inline_asm
../Middlewares/Third_Party/FreeRTOS/Source/portable/ARM_CM3/port.c:493:6:xPortSysTickHandler	8	static,ignoring_inline_asm
../Middlewares/Third_Party/FreeRTOS/Source/portable/ARM_CM3/port.c:745:32:vPortSetupTimerInterrupt	0	static
../Middlewares/Third_Party/FreeRTOS/Source/portable/ARM_CM3/port.c:269:12:xPortStartScheduler	16	static,ignoring_inline_asm
../Middlewares/Third_Party/FreeRTOS/Source/portable/ARM_CM3/port.c:768:10:vPortValidateInterruptPriority	0	static,ignoring_inline_asm
