../Drivers/CMSIS/Include/core_cm3.h:1876:26:ITM_SendChar	16	static,ignoring_inline_asm
../Core/Src/main.c:98:5:main	8	static
../Core/Src/main.c:187:6:SystemClock_Config	72	static
../Core/Src/main.c:226:13:MX_GPIO_Init	40	static
../Core/Src/main.c:299:6:StartDefaultTask	16	static
../Core/Src/main.c:317:6:GreenLED	40	static
../Core/Src/main.c:369:6:BlueLED	40	static
../Core/Src/main.c:410:6:RedLED	40	static
../Core/Src/main.c:451:6:HAL_TIM_PeriodElapsedCallback	16	static
../Core/Src/main.c:465:6:HAL_GPIO_EXTI_Callback	16	static
../Core/Src/main.c:479:6:ITM_Print	16	static
../Core/Src/main.c:490:6:Error_Handler	4	static,ignoring_inline_asm
