../Drivers/CMSIS/Include/core_cm3.h:1876:26:ITM_SendChar	16	static,ignoring_inline_asm
../Core/Src/main.c:109:5:main	8	static
../Core/Src/main.c:201:6:SystemClock_Config	72	static
../Core/Src/main.c:240:13:MX_GPIO_Init	40	static
../Core/Src/main.c:313:6:StartDefaultTask	16	static
../Core/Src/main.c:331:6:GreenLED	24	static
../Core/Src/main.c:376:6:BlueLED	24	static
../Core/Src/main.c:407:6:RedLED	24	static
../Core/Src/main.c:437:6:StartLedMUX	16	static
../Core/Src/main.c:477:6:HAL_TIM_PeriodElapsedCallback	16	static
../Core/Src/main.c:491:6:HAL_GPIO_EXTI_Callback	16	static
../Core/Src/main.c:504:6:ITM_Print	16	static
../Core/Src/main.c:514:6:Error_Handler	4	static,ignoring_inline_asm
